Java HotSpot(TM) 64-Bit Server VM (25.131-b11) for bsd-amd64 JRE (1.8.0_131-b11), built on Mar 15 2017 01:32:22 by "java_re" with gcc 4.2.1 (Based on Apple Inc. build 5658) (LLVM build 2336.11.00)
Memory: 4k page, physical 8388608k(367400k free)

/proc/meminfo:

CommandLine flags: -XX:CMSInitiatingOccupancyFraction=50 -XX:CMSMaxAbortablePrecleanTime=6000 -XX:+CMSParallelRemarkEnabled -XX:+CMSScavengeBeforeRemark -XX:ConcGCThreads=4 -XX:InitialHeapSize=536870912 -XX:MaxHeapSize=536870912 -XX:MaxTenuringThreshold=8 -XX:NewRatio=3 -XX:OldPLABSize=16 -XX:ParallelGCThreads=4 -XX:+ParallelRefProcEnabled -XX:PretenureSizeThreshold=67108864 -XX:+PrintGC -XX:+PrintGCApplicationStoppedTime -XX:+PrintGCDateStamps -XX:+PrintGCDetails -XX:+PrintGCTimeStamps -XX:+PrintHeapAtGC -XX:+PrintTenuringDistribution -XX:SurvivorRatio=4 -XX:TargetSurvivorRatio=90 -XX:ThreadStackSize=256 -XX:+UseCMSInitiatingOccupancyOnly -XX:+UseCompressedClassPointers -XX:+UseCompressedOops -XX:+UseConcMarkSweepGC -XX:+UseParNewGC 
2017-06-28T14:52:52.945-0500: 0.398: Total time for which application threads were stopped: 0.0001964 seconds, Stopping threads took: 0.0000152 seconds
2017-06-28T14:52:53.062-0500: 0.516: Total time for which application threads were stopped: 0.0001559 seconds, Stopping threads took: 0.0000159 seconds
2017-06-28T14:52:53.205-0500: 0.658: Total time for which application threads were stopped: 0.0001341 seconds, Stopping threads took: 0.0000136 seconds
2017-06-28T14:52:53.275-0500: 0.729: Total time for which application threads were stopped: 0.0001709 seconds, Stopping threads took: 0.0000174 seconds
2017-06-28T14:52:53.299-0500: 0.753: Total time for which application threads were stopped: 0.0002802 seconds, Stopping threads took: 0.0000296 seconds
2017-06-28T14:52:54.301-0500: 1.755: Total time for which application threads were stopped: 0.0001268 seconds, Stopping threads took: 0.0000383 seconds
{Heap before GC invocations=0 (full 0):
 par new generation   total 109248K, used 87424K [0x00000007a0000000, 0x00000007a8000000, 0x00000007a8000000)
  eden space 87424K, 100% used [0x00000007a0000000, 0x00000007a5560000, 0x00000007a5560000)
  from space 21824K,   0% used [0x00000007a5560000, 0x00000007a5560000, 0x00000007a6ab0000)
  to   space 21824K,   0% used [0x00000007a6ab0000, 0x00000007a6ab0000, 0x00000007a8000000)
 concurrent mark-sweep generation total 393216K, used 0K [0x00000007a8000000, 0x00000007c0000000, 0x00000007c0000000)
 Metaspace       used 9962K, capacity 10114K, committed 10240K, reserved 1058816K
  class space    used 1126K, capacity 1177K, committed 1280K, reserved 1048576K
2017-06-28T14:52:54.511-0500: 1.965: [GC (Allocation Failure) 2017-06-28T14:52:54.511-0500: 1.965: [ParNew
Desired survivor size 20112992 bytes, new threshold 8 (max 8)
- age   1:    5091632 bytes,    5091632 total
: 87424K->5033K(109248K), 0.0071924 secs] 87424K->5033K(502464K), 0.0072863 secs] [Times: user=0.02 sys=0.01, real=0.00 secs] 
Heap after GC invocations=1 (full 0):
 par new generation   total 109248K, used 5033K [0x00000007a0000000, 0x00000007a8000000, 0x00000007a8000000)
  eden space 87424K,   0% used [0x00000007a0000000, 0x00000007a0000000, 0x00000007a5560000)
  from space 21824K,  23% used [0x00000007a6ab0000, 0x00000007a6f9a7b0, 0x00000007a8000000)
  to   space 21824K,   0% used [0x00000007a5560000, 0x00000007a5560000, 0x00000007a6ab0000)
 concurrent mark-sweep generation total 393216K, used 0K [0x00000007a8000000, 0x00000007c0000000, 0x00000007c0000000)
 Metaspace       used 9962K, capacity 10114K, committed 10240K, reserved 1058816K
  class space    used 1126K, capacity 1177K, committed 1280K, reserved 1048576K
}
2017-06-28T14:52:54.519-0500: 1.972: Total time for which application threads were stopped: 0.0074898 seconds, Stopping threads took: 0.0000157 seconds
2017-06-28T14:52:54.696-0500: 2.149: Total time for which application threads were stopped: 0.0001918 seconds, Stopping threads took: 0.0000141 seconds
2017-06-28T14:52:54.704-0500: 2.157: Total time for which application threads were stopped: 0.0001805 seconds, Stopping threads took: 0.0000148 seconds
{Heap before GC invocations=1 (full 0):
 par new generation   total 109248K, used 92457K [0x00000007a0000000, 0x00000007a8000000, 0x00000007a8000000)
  eden space 87424K, 100% used [0x00000007a0000000, 0x00000007a5560000, 0x00000007a5560000)
  from space 21824K,  23% used [0x00000007a6ab0000, 0x00000007a6f9a7b0, 0x00000007a8000000)
  to   space 21824K,   0% used [0x00000007a5560000, 0x00000007a5560000, 0x00000007a6ab0000)
 concurrent mark-sweep generation total 393216K, used 0K [0x00000007a8000000, 0x00000007c0000000, 0x00000007c0000000)
 Metaspace       used 14862K, capacity 15110K, committed 15232K, reserved 1062912K
  class space    used 1775K, capacity 1861K, committed 1920K, reserved 1048576K
2017-06-28T14:52:54.984-0500: 2.437: [GC (Allocation Failure) 2017-06-28T14:52:54.984-0500: 2.437: [ParNew
Desired survivor size 20112992 bytes, new threshold 8 (max 8)
- age   1:    4636208 bytes,    4636208 total
- age   2:    2428008 bytes,    7064216 total
: 92457K->8696K(109248K), 0.0086667 secs] 92457K->8696K(502464K), 0.0087503 secs] [Times: user=0.03 sys=0.01, real=0.01 secs] 
Heap after GC invocations=2 (full 0):
 par new generation   total 109248K, used 8696K [0x00000007a0000000, 0x00000007a8000000, 0x00000007a8000000)
  eden space 87424K,   0% used [0x00000007a0000000, 0x00000007a0000000, 0x00000007a5560000)
  from space 21824K,  39% used [0x00000007a5560000, 0x00000007a5dde278, 0x00000007a6ab0000)
  to   space 21824K,   0% used [0x00000007a6ab0000, 0x00000007a6ab0000, 0x00000007a8000000)
 concurrent mark-sweep generation total 393216K, used 0K [0x00000007a8000000, 0x00000007c0000000, 0x00000007c0000000)
 Metaspace       used 14862K, capacity 15110K, committed 15232K, reserved 1062912K
  class space    used 1775K, capacity 1861K, committed 1920K, reserved 1048576K
}
2017-06-28T14:52:54.993-0500: 2.446: Total time for which application threads were stopped: 0.0089706 seconds, Stopping threads took: 0.0000163 seconds
2017-06-28T14:52:55.024-0500: 2.477: Total time for which application threads were stopped: 0.0002311 seconds, Stopping threads took: 0.0000188 seconds
2017-06-28T14:52:55.025-0500: 2.479: Total time for which application threads were stopped: 0.0001702 seconds, Stopping threads took: 0.0000117 seconds
2017-06-28T14:52:55.030-0500: 2.483: Total time for which application threads were stopped: 0.0002186 seconds, Stopping threads took: 0.0000175 seconds
2017-06-28T14:52:55.117-0500: 2.571: Total time for which application threads were stopped: 0.0002373 seconds, Stopping threads took: 0.0000159 seconds
2017-06-28T14:52:56.122-0500: 3.576: Total time for which application threads were stopped: 0.0002351 seconds, Stopping threads took: 0.0000408 seconds
2017-06-28T14:52:56.662-0500: 4.115: Total time for which application threads were stopped: 0.0005152 seconds, Stopping threads took: 0.0000709 seconds
2017-06-28T14:53:06.700-0500: 14.153: Total time for which application threads were stopped: 0.0000783 seconds, Stopping threads took: 0.0000180 seconds
2017-06-28T14:53:06.700-0500: 14.154: Total time for which application threads were stopped: 0.0000724 seconds, Stopping threads took: 0.0000244 seconds
2017-06-28T14:53:06.705-0500: 14.159: Total time for which application threads were stopped: 0.0000672 seconds, Stopping threads took: 0.0000160 seconds
2017-06-28T14:53:06.728-0500: 14.182: Total time for which application threads were stopped: 0.0002348 seconds, Stopping threads took: 0.0000155 seconds
2017-06-28T14:53:06.742-0500: 14.195: Total time for which application threads were stopped: 0.0000914 seconds, Stopping threads took: 0.0000367 seconds
2017-06-28T14:53:06.742-0500: 14.196: Total time for which application threads were stopped: 0.0000586 seconds, Stopping threads took: 0.0000260 seconds
2017-06-28T14:53:06.742-0500: 14.196: Total time for which application threads were stopped: 0.0000470 seconds, Stopping threads took: 0.0000106 seconds
2017-06-28T14:53:06.742-0500: 14.196: Total time for which application threads were stopped: 0.0000417 seconds, Stopping threads took: 0.0000084 seconds
2017-06-28T14:53:06.804-0500: 14.257: Total time for which application threads were stopped: 0.0001125 seconds, Stopping threads took: 0.0000366 seconds
2017-06-28T14:53:06.823-0500: 14.276: Total time for which application threads were stopped: 0.0002697 seconds, Stopping threads took: 0.0000222 seconds
2017-06-28T14:53:06.875-0500: 14.329: Total time for which application threads were stopped: 0.0001070 seconds, Stopping threads took: 0.0000236 seconds
2017-06-28T14:53:06.876-0500: 14.329: Total time for which application threads were stopped: 0.0000752 seconds, Stopping threads took: 0.0000165 seconds
2017-06-28T14:53:06.884-0500: 14.338: Total time for which application threads were stopped: 0.0000844 seconds, Stopping threads took: 0.0000186 seconds
2017-06-28T14:53:06.896-0500: 14.350: Total time for which application threads were stopped: 0.0000988 seconds, Stopping threads took: 0.0000235 seconds
2017-06-28T14:53:06.899-0500: 14.353: Total time for which application threads were stopped: 0.0001139 seconds, Stopping threads took: 0.0000227 seconds
2017-06-28T14:53:06.903-0500: 14.357: Total time for which application threads were stopped: 0.0001854 seconds, Stopping threads took: 0.0000543 seconds
2017-06-28T14:53:06.919-0500: 14.372: Total time for which application threads were stopped: 0.0001195 seconds, Stopping threads took: 0.0000526 seconds
2017-06-28T14:53:06.923-0500: 14.377: Total time for which application threads were stopped: 0.0043689 seconds, Stopping threads took: 0.0042981 seconds
2017-06-28T14:53:06.924-0500: 14.377: Total time for which application threads were stopped: 0.0001160 seconds, Stopping threads took: 0.0000578 seconds
2017-06-28T14:53:06.924-0500: 14.377: Total time for which application threads were stopped: 0.0000867 seconds, Stopping threads took: 0.0000322 seconds
2017-06-28T14:53:06.924-0500: 14.378: Total time for which application threads were stopped: 0.0002795 seconds, Stopping threads took: 0.0002249 seconds
2017-06-28T14:53:06.925-0500: 14.378: Total time for which application threads were stopped: 0.0000957 seconds, Stopping threads took: 0.0000441 seconds
2017-06-28T14:53:06.925-0500: 14.378: Total time for which application threads were stopped: 0.0001008 seconds, Stopping threads took: 0.0000493 seconds
2017-06-28T14:53:06.925-0500: 14.379: Total time for which application threads were stopped: 0.0004390 seconds, Stopping threads took: 0.0003543 seconds
2017-06-28T14:53:06.926-0500: 14.379: Total time for which application threads were stopped: 0.0001186 seconds, Stopping threads took: 0.0000597 seconds
2017-06-28T14:53:06.926-0500: 14.380: Total time for which application threads were stopped: 0.0001482 seconds, Stopping threads took: 0.0000642 seconds
2017-06-28T14:53:06.927-0500: 14.381: Total time for which application threads were stopped: 0.0001289 seconds, Stopping threads took: 0.0000393 seconds
2017-06-28T14:53:06.927-0500: 14.381: Total time for which application threads were stopped: 0.0001169 seconds, Stopping threads took: 0.0000512 seconds
2017-06-28T14:53:06.928-0500: 14.382: Total time for which application threads were stopped: 0.0002689 seconds, Stopping threads took: 0.0000313 seconds
2017-06-28T14:53:06.939-0500: 14.393: Total time for which application threads were stopped: 0.0002188 seconds, Stopping threads took: 0.0001455 seconds
2017-06-28T14:53:06.939-0500: 14.393: Total time for which application threads were stopped: 0.0001371 seconds, Stopping threads took: 0.0000807 seconds
2017-06-28T14:53:06.940-0500: 14.394: Total time for which application threads were stopped: 0.0001470 seconds, Stopping threads took: 0.0000523 seconds
2017-06-28T14:53:06.941-0500: 14.394: Total time for which application threads were stopped: 0.0001205 seconds, Stopping threads took: 0.0000393 seconds
2017-06-28T14:53:06.941-0500: 14.395: Total time for which application threads were stopped: 0.0001377 seconds, Stopping threads took: 0.0000595 seconds
2017-06-28T14:53:06.942-0500: 14.395: Total time for which application threads were stopped: 0.0001123 seconds, Stopping threads took: 0.0000546 seconds
2017-06-28T14:53:06.950-0500: 14.403: Total time for which application threads were stopped: 0.0012951 seconds, Stopping threads took: 0.0011703 seconds
2017-06-28T14:53:06.953-0500: 14.407: Total time for which application threads were stopped: 0.0001153 seconds, Stopping threads took: 0.0000411 seconds
2017-06-28T14:53:07.181-0500: 14.635: Total time for which application threads were stopped: 0.0000794 seconds, Stopping threads took: 0.0000196 seconds
2017-06-28T14:53:07.195-0500: 14.648: Total time for which application threads were stopped: 0.0000894 seconds, Stopping threads took: 0.0000199 seconds
2017-06-28T14:53:07.195-0500: 14.648: Total time for which application threads were stopped: 0.0000619 seconds, Stopping threads took: 0.0000130 seconds
2017-06-28T14:53:07.202-0500: 14.655: Total time for which application threads were stopped: 0.0000942 seconds, Stopping threads took: 0.0000208 seconds
2017-06-28T14:53:07.203-0500: 14.656: Total time for which application threads were stopped: 0.0000938 seconds, Stopping threads took: 0.0000217 seconds
2017-06-28T14:53:07.219-0500: 14.672: Total time for which application threads were stopped: 0.0000934 seconds, Stopping threads took: 0.0000231 seconds
2017-06-28T14:53:07.220-0500: 14.674: Total time for which application threads were stopped: 0.0001172 seconds, Stopping threads took: 0.0000456 seconds
2017-06-28T14:53:07.220-0500: 14.674: Total time for which application threads were stopped: 0.0000557 seconds, Stopping threads took: 0.0000112 seconds
2017-06-28T14:53:07.220-0500: 14.674: Total time for which application threads were stopped: 0.0000717 seconds, Stopping threads took: 0.0000285 seconds
2017-06-28T14:53:07.221-0500: 14.674: Total time for which application threads were stopped: 0.0001550 seconds, Stopping threads took: 0.0000340 seconds
2017-06-28T14:53:07.243-0500: 14.696: Total time for which application threads were stopped: 0.0001149 seconds, Stopping threads took: 0.0000236 seconds
2017-06-28T14:53:07.244-0500: 14.697: Total time for which application threads were stopped: 0.0001093 seconds, Stopping threads took: 0.0000402 seconds
2017-06-28T14:53:07.269-0500: 14.723: Total time for which application threads were stopped: 0.0001095 seconds, Stopping threads took: 0.0000384 seconds
2017-06-28T14:53:07.285-0500: 14.738: Total time for which application threads were stopped: 0.0001068 seconds, Stopping threads took: 0.0000226 seconds
2017-06-28T14:53:07.285-0500: 14.739: Total time for which application threads were stopped: 0.0001116 seconds, Stopping threads took: 0.0000621 seconds
2017-06-28T14:53:07.285-0500: 14.739: Total time for which application threads were stopped: 0.0000588 seconds, Stopping threads took: 0.0000190 seconds
2017-06-28T14:53:07.285-0500: 14.739: Total time for which application threads were stopped: 0.0000838 seconds, Stopping threads took: 0.0000371 seconds
2017-06-28T14:53:07.285-0500: 14.739: Total time for which application threads were stopped: 0.0000817 seconds, Stopping threads took: 0.0000363 seconds
2017-06-28T14:53:07.399-0500: 14.853: Total time for which application threads were stopped: 0.0000975 seconds, Stopping threads took: 0.0000227 seconds
2017-06-28T14:53:07.400-0500: 14.853: Total time for which application threads were stopped: 0.0000440 seconds, Stopping threads took: 0.0000105 seconds
2017-06-28T14:53:07.400-0500: 14.853: Total time for which application threads were stopped: 0.0000484 seconds, Stopping threads took: 0.0000095 seconds
2017-06-28T14:53:07.400-0500: 14.853: Total time for which application threads were stopped: 0.0000369 seconds, Stopping threads took: 0.0000076 seconds
2017-06-28T14:53:07.400-0500: 14.853: Total time for which application threads were stopped: 0.0000476 seconds, Stopping threads took: 0.0000093 seconds
2017-06-28T14:53:07.400-0500: 14.853: Total time for which application threads were stopped: 0.0000458 seconds, Stopping threads took: 0.0000085 seconds
2017-06-28T14:53:07.400-0500: 14.853: Total time for which application threads were stopped: 0.0000466 seconds, Stopping threads took: 0.0000091 seconds
2017-06-28T14:53:07.485-0500: 14.938: Total time for which application threads were stopped: 0.0002517 seconds, Stopping threads took: 0.0000162 seconds
2017-06-28T14:53:07.486-0500: 14.939: Total time for which application threads were stopped: 0.0000886 seconds, Stopping threads took: 0.0000274 seconds
2017-06-28T14:53:07.486-0500: 14.940: Total time for which application threads were stopped: 0.0000628 seconds, Stopping threads took: 0.0000080 seconds
2017-06-28T14:53:07.486-0500: 14.940: Total time for which application threads were stopped: 0.0000672 seconds, Stopping threads took: 0.0000253 seconds
2017-06-28T14:53:07.486-0500: 14.940: Total time for which application threads were stopped: 0.0000396 seconds, Stopping threads took: 0.0000066 seconds
2017-06-28T14:53:07.487-0500: 14.940: Total time for which application threads were stopped: 0.0000571 seconds, Stopping threads took: 0.0000248 seconds
2017-06-28T14:53:07.487-0500: 14.940: Total time for which application threads were stopped: 0.0000599 seconds, Stopping threads took: 0.0000239 seconds
2017-06-28T14:53:07.493-0500: 14.946: Total time for which application threads were stopped: 0.0000972 seconds, Stopping threads took: 0.0000371 seconds
2017-06-28T14:53:07.493-0500: 14.946: Total time for which application threads were stopped: 0.0000491 seconds, Stopping threads took: 0.0000094 seconds
2017-06-28T14:53:07.493-0500: 14.946: Total time for which application threads were stopped: 0.0000542 seconds, Stopping threads took: 0.0000221 seconds
2017-06-28T14:53:07.493-0500: 14.946: Total time for which application threads were stopped: 0.0000434 seconds, Stopping threads took: 0.0000106 seconds
2017-06-28T14:53:07.493-0500: 14.947: Total time for which application threads were stopped: 0.0000519 seconds, Stopping threads took: 0.0000210 seconds
2017-06-28T14:53:07.502-0500: 14.955: Total time for which application threads were stopped: 0.0000836 seconds, Stopping threads took: 0.0000186 seconds
2017-06-28T14:53:08.505-0500: 15.958: Total time for which application threads were stopped: 0.0002224 seconds, Stopping threads took: 0.0000551 seconds
2017-06-28T14:53:09.011-0500: 16.465: [GC (CMS Initial Mark) [1 CMS-initial-mark: 0K(393216K)] 49261K(502464K), 0.0063570 secs] [Times: user=0.02 sys=0.00, real=0.00 secs] 
2017-06-28T14:53:09.018-0500: 16.471: Total time for which application threads were stopped: 0.0065121 seconds, Stopping threads took: 0.0000280 seconds
2017-06-28T14:53:09.018-0500: 16.471: [CMS-concurrent-mark-start]
2017-06-28T14:53:09.018-0500: 16.471: [CMS-concurrent-mark: 0.000/0.000 secs] [Times: user=0.00 sys=0.00, real=0.00 secs] 
2017-06-28T14:53:09.018-0500: 16.471: [CMS-concurrent-preclean-start]
2017-06-28T14:53:09.019-0500: 16.472: [CMS-concurrent-preclean: 0.001/0.001 secs] [Times: user=0.00 sys=0.00, real=0.00 secs] 
2017-06-28T14:53:09.019-0500: 16.472: [CMS-concurrent-abortable-preclean-start]
 CMS: abort preclean due to time 2017-06-28T14:53:15.048-0500: 22.501: [CMS-concurrent-abortable-preclean: 1.194/6.029 secs] [Times: user=1.19 sys=0.02, real=6.03 secs] 
2017-06-28T14:53:15.048-0500: 22.502: [GC (CMS Final Remark) [YG occupancy: 49261 K (109248 K)]{Heap before GC invocations=2 (full 1):
 par new generation   total 109248K, used 49261K [0x00000007a0000000, 0x00000007a8000000, 0x00000007a8000000)
  eden space 87424K,  46% used [0x00000007a0000000, 0x00000007a279d398, 0x00000007a5560000)
  from space 21824K,  39% used [0x00000007a5560000, 0x00000007a5dde278, 0x00000007a6ab0000)
  to   space 21824K,   0% used [0x00000007a6ab0000, 0x00000007a6ab0000, 0x00000007a8000000)
 concurrent mark-sweep generation total 393216K, used 0K [0x00000007a8000000, 0x00000007c0000000, 0x00000007c0000000)
 Metaspace       used 20777K, capacity 21162K, committed 21552K, reserved 1069056K
  class space    used 2489K, capacity 2633K, committed 2688K, reserved 1048576K
2017-06-28T14:53:15.048-0500: 22.502: [GC (CMS Final Remark) 2017-06-28T14:53:15.048-0500: 22.502: [ParNew
Desired survivor size 20112992 bytes, new threshold 8 (max 8)
- age   1:    4883360 bytes,    4883360 total
- age   2:     913672 bytes,    5797032 total
- age   3:    2356352 bytes,    8153384 total
: 49261K->11929K(109248K), 0.0090695 secs] 49261K->11929K(502464K), 0.0091304 secs] [Times: user=0.02 sys=0.00, real=0.01 secs] 
Heap after GC invocations=3 (full 1):
 par new generation   total 109248K, used 11929K [0x00000007a0000000, 0x00000007a8000000, 0x00000007a8000000)
  eden space 87424K,   0% used [0x00000007a0000000, 0x00000007a0000000, 0x00000007a5560000)
  from space 21824K,  54% used [0x00000007a6ab0000, 0x00000007a7656480, 0x00000007a8000000)
  to   space 21824K,   0% used [0x00000007a5560000, 0x00000007a5560000, 0x00000007a6ab0000)
 concurrent mark-sweep generation total 393216K, used 0K [0x00000007a8000000, 0x00000007c0000000, 0x00000007c0000000)
 Metaspace       used 20777K, capacity 21162K, committed 21552K, reserved 1069056K
  class space    used 2489K, capacity 2633K, committed 2688K, reserved 1048576K
}
2017-06-28T14:53:15.057-0500: 22.511: [Rescan (parallel) , 0.0033881 secs]2017-06-28T14:53:15.061-0500: 22.514: [weak refs processing, 0.0006849 secs]2017-06-28T14:53:15.061-0500: 22.515: [class unloading, 0.0034052 secs]2017-06-28T14:53:15.065-0500: 22.518: [scrub symbol table, 0.0028589 secs]2017-06-28T14:53:15.068-0500: 22.521: [scrub string table, 0.0003443 secs][1 CMS-remark: 0K(393216K)] 11929K(502464K), 0.0208685 secs] [Times: user=0.04 sys=0.00, real=0.02 secs] 
2017-06-28T14:53:15.069-0500: 22.522: Total time for which application threads were stopped: 0.0209870 seconds, Stopping threads took: 0.0000230 seconds
2017-06-28T14:53:15.069-0500: 22.523: [CMS-concurrent-sweep-start]
2017-06-28T14:53:15.069-0500: 22.523: [CMS-concurrent-sweep: 0.000/0.000 secs] [Times: user=0.00 sys=0.00, real=0.00 secs] 
2017-06-28T14:53:15.069-0500: 22.523: [CMS-concurrent-reset-start]
2017-06-28T14:53:15.070-0500: 22.524: Total time for which application threads were stopped: 0.0000902 seconds, Stopping threads took: 0.0000174 seconds
2017-06-28T14:53:15.071-0500: 22.525: Total time for which application threads were stopped: 0.0000416 seconds, Stopping threads took: 0.0000091 seconds
2017-06-28T14:53:15.072-0500: 22.526: Total time for which application threads were stopped: 0.0000447 seconds, Stopping threads took: 0.0000097 seconds
2017-06-28T14:53:15.073-0500: 22.526: Total time for which application threads were stopped: 0.0000377 seconds, Stopping threads took: 0.0000080 seconds
2017-06-28T14:53:15.073-0500: 22.526: [CMS-concurrent-reset: 0.003/0.004 secs] [Times: user=0.01 sys=0.00, real=0.01 secs] 
2017-06-28T14:53:30.479-0500: 37.933: Total time for which application threads were stopped: 0.0001200 seconds, Stopping threads took: 0.0000254 seconds
2017-06-28T14:53:30.479-0500: 37.933: Total time for which application threads were stopped: 0.0000439 seconds, Stopping threads took: 0.0000100 seconds
2017-06-28T14:53:30.491-0500: 37.945: Total time for which application threads were stopped: 0.0000792 seconds, Stopping threads took: 0.0000211 seconds
2017-06-28T14:53:30.507-0500: 37.961: Total time for which application threads were stopped: 0.0000916 seconds, Stopping threads took: 0.0000214 seconds
2017-06-28T14:53:30.507-0500: 37.961: Total time for which application threads were stopped: 0.0000447 seconds, Stopping threads took: 0.0000108 seconds
2017-06-28T14:53:30.536-0500: 37.989: Total time for which application threads were stopped: 0.0001289 seconds, Stopping threads took: 0.0000198 seconds
2017-06-28T14:53:57.594-0500: 65.048: Total time for which application threads were stopped: 0.0001577 seconds, Stopping threads took: 0.0000416 seconds
2017-06-28T14:54:00.546-0500: 68.000: Total time for which application threads were stopped: 0.0001054 seconds, Stopping threads took: 0.0000256 seconds
2017-06-28T14:54:00.546-0500: 68.000: Total time for which application threads were stopped: 0.0000647 seconds, Stopping threads took: 0.0000131 seconds
2017-06-28T14:54:00.547-0500: 68.001: Total time for which application threads were stopped: 0.0001155 seconds, Stopping threads took: 0.0000563 seconds
2017-06-28T14:54:01.551-0500: 69.005: Total time for which application threads were stopped: 0.0001247 seconds, Stopping threads took: 0.0000312 seconds
2017-06-28T14:54:02.393-0500: 69.846: Total time for which application threads were stopped: 0.0006388 seconds, Stopping threads took: 0.0005423 seconds
2017-06-28T14:54:02.393-0500: 69.847: Total time for which application threads were stopped: 0.0001028 seconds, Stopping threads took: 0.0000321 seconds
2017-06-28T14:54:02.393-0500: 69.847: Total time for which application threads were stopped: 0.0001025 seconds, Stopping threads took: 0.0000338 seconds
2017-06-28T14:54:02.394-0500: 69.847: Total time for which application threads were stopped: 0.0000816 seconds, Stopping threads took: 0.0000276 seconds
2017-06-28T14:54:02.394-0500: 69.847: Total time for which application threads were stopped: 0.0000856 seconds, Stopping threads took: 0.0000370 seconds
2017-06-28T14:54:02.394-0500: 69.848: Total time for which application threads were stopped: 0.0000688 seconds, Stopping threads took: 0.0000126 seconds
2017-06-28T14:54:02.394-0500: 69.848: Total time for which application threads were stopped: 0.0000597 seconds, Stopping threads took: 0.0000105 seconds
2017-06-28T14:54:02.395-0500: 69.848: Total time for which application threads were stopped: 0.0000685 seconds, Stopping threads took: 0.0000117 seconds
2017-06-28T14:54:02.395-0500: 69.848: Total time for which application threads were stopped: 0.0000523 seconds, Stopping threads took: 0.0000109 seconds
2017-06-28T14:54:02.395-0500: 69.849: Total time for which application threads were stopped: 0.0000608 seconds, Stopping threads took: 0.0000118 seconds
2017-06-28T14:54:02.395-0500: 69.849: Total time for which application threads were stopped: 0.0001025 seconds, Stopping threads took: 0.0000095 seconds
2017-06-28T14:54:02.499-0500: 69.952: Total time for which application threads were stopped: 0.0000866 seconds, Stopping threads took: 0.0000235 seconds
2017-06-28T14:54:02.966-0500: 70.419: Total time for which application threads were stopped: 0.0001028 seconds, Stopping threads took: 0.0000235 seconds
2017-06-28T14:54:02.966-0500: 70.420: Total time for which application threads were stopped: 0.0000717 seconds, Stopping threads took: 0.0000162 seconds
2017-06-28T14:54:02.967-0500: 70.421: Total time for which application threads were stopped: 0.0001012 seconds, Stopping threads took: 0.0000463 seconds
2017-06-28T14:54:02.968-0500: 70.421: Total time for which application threads were stopped: 0.0000950 seconds, Stopping threads took: 0.0000338 seconds
2017-06-28T14:54:02.972-0500: 70.426: Total time for which application threads were stopped: 0.0001117 seconds, Stopping threads took: 0.0000389 seconds
2017-06-28T14:54:03.017-0500: 70.470: Total time for which application threads were stopped: 0.0001066 seconds, Stopping threads took: 0.0000188 seconds
2017-06-28T14:54:03.018-0500: 70.471: Total time for which application threads were stopped: 0.0001283 seconds, Stopping threads took: 0.0000392 seconds
2017-06-28T14:54:03.018-0500: 70.471: Total time for which application threads were stopped: 0.0000784 seconds, Stopping threads took: 0.0000126 seconds
2017-06-28T14:54:03.019-0500: 70.472: Total time for which application threads were stopped: 0.0001203 seconds, Stopping threads took: 0.0000371 seconds
2017-06-28T14:54:03.019-0500: 70.473: Total time for which application threads were stopped: 0.0001029 seconds, Stopping threads took: 0.0000126 seconds
2017-06-28T14:54:03.026-0500: 70.480: Total time for which application threads were stopped: 0.0001208 seconds, Stopping threads took: 0.0000393 seconds
2017-06-28T14:54:03.026-0500: 70.480: Total time for which application threads were stopped: 0.0000765 seconds, Stopping threads took: 0.0000371 seconds
2017-06-28T14:54:03.027-0500: 70.481: Total time for which application threads were stopped: 0.0008793 seconds, Stopping threads took: 0.0008199 seconds
2017-06-28T14:54:03.027-0500: 70.481: Total time for which application threads were stopped: 0.0000679 seconds, Stopping threads took: 0.0000264 seconds
2017-06-28T14:54:03.027-0500: 70.481: Total time for which application threads were stopped: 0.0000831 seconds, Stopping threads took: 0.0000275 seconds
2017-06-28T14:54:30.569-0500: 98.023: Total time for which application threads were stopped: 0.0001031 seconds, Stopping threads took: 0.0000233 seconds
2017-06-28T14:54:30.569-0500: 98.023: Total time for which application threads were stopped: 0.0000488 seconds, Stopping threads took: 0.0000116 seconds
2017-06-28T14:54:30.570-0500: 98.023: Total time for which application threads were stopped: 0.0000635 seconds, Stopping threads took: 0.0000136 seconds
2017-06-28T14:54:30.571-0500: 98.025: Total time for which application threads were stopped: 0.0000785 seconds, Stopping threads took: 0.0000174 seconds
2017-06-28T14:54:30.580-0500: 98.033: Total time for which application threads were stopped: 0.0000761 seconds, Stopping threads took: 0.0000209 seconds
2017-06-28T14:54:50.630-0500: 118.083: Total time for which application threads were stopped: 0.0001907 seconds, Stopping threads took: 0.0000471 seconds
2017-06-28T14:55:00.588-0500: 128.041: Total time for which application threads were stopped: 0.0000838 seconds, Stopping threads took: 0.0000205 seconds
2017-06-28T14:55:00.588-0500: 128.041: Total time for which application threads were stopped: 0.0000684 seconds, Stopping threads took: 0.0000124 seconds
2017-06-28T14:55:00.589-0500: 128.042: Total time for which application threads were stopped: 0.0000653 seconds, Stopping threads took: 0.0000132 seconds
2017-06-28T14:55:00.589-0500: 128.043: Total time for which application threads were stopped: 0.0001083 seconds, Stopping threads took: 0.0000558 seconds
2017-06-28T14:55:00.593-0500: 128.047: Total time for which application threads were stopped: 0.0001037 seconds, Stopping threads took: 0.0000252 seconds
2017-06-28T14:55:01.595-0500: 129.049: Total time for which application threads were stopped: 0.0001450 seconds, Stopping threads took: 0.0000272 seconds
2017-06-28T14:55:03.031-0500: 130.485: Total time for which application threads were stopped: 0.0001140 seconds, Stopping threads took: 0.0000271 seconds
2017-06-28T14:55:10.544-0500: 137.997: Total time for which application threads were stopped: 0.0000745 seconds, Stopping threads took: 0.0000184 seconds
2017-06-28T14:55:30.611-0500: 158.064: Total time for which application threads were stopped: 0.0001160 seconds, Stopping threads took: 0.0000217 seconds
2017-06-28T14:55:30.611-0500: 158.065: Total time for which application threads were stopped: 0.0000597 seconds, Stopping threads took: 0.0000115 seconds
2017-06-28T14:55:30.612-0500: 158.065: Total time for which application threads were stopped: 0.0000474 seconds, Stopping threads took: 0.0000093 seconds
2017-06-28T14:55:30.612-0500: 158.066: Total time for which application threads were stopped: 0.0000499 seconds, Stopping threads took: 0.0000098 seconds
2017-06-28T14:55:30.613-0500: 158.066: Total time for which application threads were stopped: 0.0000527 seconds, Stopping threads took: 0.0000114 seconds
2017-06-28T14:55:30.613-0500: 158.067: Total time for which application threads were stopped: 0.0000505 seconds, Stopping threads took: 0.0000106 seconds
2017-06-28T14:55:30.623-0500: 158.077: Total time for which application threads were stopped: 0.0001275 seconds, Stopping threads took: 0.0000161 seconds
2017-06-28T14:55:40.574-0500: 168.028: Total time for which application threads were stopped: 0.0001241 seconds, Stopping threads took: 0.0000229 seconds
2017-06-28T14:56:00.639-0500: 188.093: Total time for which application threads were stopped: 0.0000952 seconds, Stopping threads took: 0.0000220 seconds
2017-06-28T14:56:00.639-0500: 188.093: Total time for which application threads were stopped: 0.0000524 seconds, Stopping threads took: 0.0000115 seconds
2017-06-28T14:56:00.639-0500: 188.093: Total time for which application threads were stopped: 0.0000396 seconds, Stopping threads took: 0.0000070 seconds
2017-06-28T14:56:00.640-0500: 188.093: Total time for which application threads were stopped: 0.0000399 seconds, Stopping threads took: 0.0000073 seconds
2017-06-28T14:56:00.640-0500: 188.094: Total time for which application threads were stopped: 0.0000369 seconds, Stopping threads took: 0.0000067 seconds
2017-06-28T14:56:00.645-0500: 188.099: Total time for which application threads were stopped: 0.0001002 seconds, Stopping threads took: 0.0000280 seconds
2017-06-28T14:56:00.646-0500: 188.099: Total time for which application threads were stopped: 0.0001251 seconds, Stopping threads took: 0.0000522 seconds
2017-06-28T14:56:00.652-0500: 188.105: Total time for which application threads were stopped: 0.0001112 seconds, Stopping threads took: 0.0000398 seconds
2017-06-28T14:56:08.987-0500: 196.440: Total time for which application threads were stopped: 0.0001301 seconds, Stopping threads took: 0.0000273 seconds
2017-06-28T14:56:08.987-0500: 196.441: Total time for which application threads were stopped: 0.0000830 seconds, Stopping threads took: 0.0000141 seconds
2017-06-28T14:56:08.987-0500: 196.441: Total time for which application threads were stopped: 0.0000922 seconds, Stopping threads took: 0.0000298 seconds
2017-06-28T14:56:08.987-0500: 196.441: Total time for which application threads were stopped: 0.0000914 seconds, Stopping threads took: 0.0000338 seconds
2017-06-28T14:56:08.988-0500: 196.441: Total time for which application threads were stopped: 0.0001183 seconds, Stopping threads took: 0.0000165 seconds
2017-06-28T14:56:14.651-0500: 202.104: Total time for which application threads were stopped: 0.0000918 seconds, Stopping threads took: 0.0000172 seconds
2017-06-28T14:56:14.651-0500: 202.104: Total time for which application threads were stopped: 0.0000384 seconds, Stopping threads took: 0.0000077 seconds
2017-06-28T14:56:14.651-0500: 202.104: Total time for which application threads were stopped: 0.0000345 seconds, Stopping threads took: 0.0000065 seconds
2017-06-28T14:56:14.663-0500: 202.117: Total time for which application threads were stopped: 0.0000752 seconds, Stopping threads took: 0.0000179 seconds
2017-06-28T14:56:14.678-0500: 202.131: Total time for which application threads were stopped: 0.0000821 seconds, Stopping threads took: 0.0000193 seconds
2017-06-28T14:56:14.678-0500: 202.131: Total time for which application threads were stopped: 0.0000643 seconds, Stopping threads took: 0.0000185 seconds
2017-06-28T14:56:14.678-0500: 202.132: Total time for which application threads were stopped: 0.0000510 seconds, Stopping threads took: 0.0000105 seconds
2017-06-28T14:56:14.679-0500: 202.135: Total time for which application threads were stopped: 0.0033120 seconds, Stopping threads took: 0.0000102 seconds
2017-06-28T14:56:14.694-0500: 202.148: Total time for which application threads were stopped: 0.0003304 seconds, Stopping threads took: 0.0000213 seconds
2017-06-28T14:56:14.833-0500: 202.287: Total time for which application threads were stopped: 0.0002152 seconds, Stopping threads took: 0.0000186 seconds
2017-06-28T14:56:14.986-0500: 202.440: Total time for which application threads were stopped: 0.0004267 seconds, Stopping threads took: 0.0000215 seconds
2017-06-28T14:56:15.033-0500: 202.487: Total time for which application threads were stopped: 0.0003174 seconds, Stopping threads took: 0.0000187 seconds
2017-06-28T14:56:15.059-0500: 202.513: Total time for which application threads were stopped: 0.0001343 seconds, Stopping threads took: 0.0000209 seconds
{Heap before GC invocations=3 (full 1):
 par new generation   total 109248K, used 99346K [0x00000007a0000000, 0x00000007a8000000, 0x00000007a8000000)
  eden space 87424K,  99% used [0x00000007a0000000, 0x00000007a555e3f8, 0x00000007a5560000)
  from space 21824K,  54% used [0x00000007a6ab0000, 0x00000007a7656480, 0x00000007a8000000)
  to   space 21824K,   0% used [0x00000007a5560000, 0x00000007a5560000, 0x00000007a6ab0000)
 concurrent mark-sweep generation total 393216K, used 0K [0x00000007a8000000, 0x00000007c0000000, 0x00000007c0000000)
 Metaspace       used 22295K, capacity 22768K, committed 22960K, reserved 1069056K
  class space    used 2615K, capacity 2762K, committed 2816K, reserved 1048576K
2017-06-28T14:56:15.270-0500: 202.723: [GC (Allocation Failure) 2017-06-28T14:56:15.270-0500: 202.723: [ParNew
Desired survivor size 20112992 bytes, new threshold 8 (max 8)
- age   1:    3509152 bytes,    3509152 total
- age   2:    2291432 bytes,    5800584 total
- age   3:     905952 bytes,    6706536 total
- age   4:    2353760 bytes,    9060296 total
: 99346K->11192K(109248K), 0.0114777 secs] 99346K->11192K(502464K), 0.0115715 secs] [Times: user=0.04 sys=0.01, real=0.01 secs] 
Heap after GC invocations=4 (full 1):
 par new generation   total 109248K, used 11192K [0x00000007a0000000, 0x00000007a8000000, 0x00000007a8000000)
  eden space 87424K,   0% used [0x00000007a0000000, 0x00000007a0000000, 0x00000007a5560000)
  from space 21824K,  51% used [0x00000007a5560000, 0x00000007a604e160, 0x00000007a6ab0000)
  to   space 21824K,   0% used [0x00000007a6ab0000, 0x00000007a6ab0000, 0x00000007a8000000)
 concurrent mark-sweep generation total 393216K, used 0K [0x00000007a8000000, 0x00000007c0000000, 0x00000007c0000000)
 Metaspace       used 22295K, capacity 22768K, committed 22960K, reserved 1069056K
  class space    used 2615K, capacity 2762K, committed 2816K, reserved 1048576K
}
2017-06-28T14:56:15.281-0500: 202.735: Total time for which application threads were stopped: 0.0118649 seconds, Stopping threads took: 0.0000614 seconds
2017-06-28T14:56:15.282-0500: 202.735: Total time for which application threads were stopped: 0.0001308 seconds, Stopping threads took: 0.0000351 seconds
2017-06-28T14:56:15.282-0500: 202.736: Total time for which application threads were stopped: 0.0000915 seconds, Stopping threads took: 0.0000220 seconds
2017-06-28T14:56:15.467-0500: 202.921: Total time for which application threads were stopped: 0.0001663 seconds, Stopping threads took: 0.0000649 seconds
{Heap before GC invocations=4 (full 1):
 par new generation   total 109248K, used 98616K [0x00000007a0000000, 0x00000007a8000000, 0x00000007a8000000)
  eden space 87424K, 100% used [0x00000007a0000000, 0x00000007a5560000, 0x00000007a5560000)
  from space 21824K,  51% used [0x00000007a5560000, 0x00000007a604e160, 0x00000007a6ab0000)
  to   space 21824K,   0% used [0x00000007a6ab0000, 0x00000007a6ab0000, 0x00000007a8000000)
 concurrent mark-sweep generation total 393216K, used 0K [0x00000007a8000000, 0x00000007c0000000, 0x00000007c0000000)
 Metaspace       used 23141K, capacity 23592K, committed 23936K, reserved 1071104K
  class space    used 2725K, capacity 2862K, committed 2944K, reserved 1048576K
2017-06-28T14:56:15.553-0500: 203.006: [GC (Allocation Failure) 2017-06-28T14:56:15.553-0500: 203.006: [ParNew
Desired survivor size 20112992 bytes, new threshold 8 (max 8)
- age   1:     769968 bytes,     769968 total
- age   2:    2209616 bytes,    2979584 total
- age   3:    2291368 bytes,    5270952 total
- age   4:     904160 bytes,    6175112 total
- age   5:    2352800 bytes,    8527912 total
: 98616K->13571K(109248K), 0.0105631 secs] 98616K->13571K(502464K), 0.0106312 secs] [Times: user=0.04 sys=0.00, real=0.01 secs] 
Heap after GC invocations=5 (full 1):
 par new generation   total 109248K, used 13571K [0x00000007a0000000, 0x00000007a8000000, 0x00000007a8000000)
  eden space 87424K,   0% used [0x00000007a0000000, 0x00000007a0000000, 0x00000007a5560000)
  from space 21824K,  62% used [0x00000007a6ab0000, 0x00000007a77f0e88, 0x00000007a8000000)
  to   space 21824K,   0% used [0x00000007a5560000, 0x00000007a5560000, 0x00000007a6ab0000)
 concurrent mark-sweep generation total 393216K, used 0K [0x00000007a8000000, 0x00000007c0000000, 0x00000007c0000000)
 Metaspace       used 23141K, capacity 23592K, committed 23936K, reserved 1071104K
  class space    used 2725K, capacity 2862K, committed 2944K, reserved 1048576K
}
2017-06-28T14:56:15.563-0500: 203.017: Total time for which application threads were stopped: 0.0108574 seconds, Stopping threads took: 0.0000650 seconds
2017-06-28T14:56:15.564-0500: 203.017: Total time for which application threads were stopped: 0.0001659 seconds, Stopping threads took: 0.0000831 seconds
2017-06-28T14:56:15.593-0500: 203.046: Total time for which application threads were stopped: 0.0001013 seconds, Stopping threads took: 0.0000175 seconds
2017-06-28T14:56:15.593-0500: 203.046: Total time for which application threads were stopped: 0.0000456 seconds, Stopping threads took: 0.0000082 seconds
2017-06-28T14:56:15.670-0500: 203.124: Total time for which application threads were stopped: 0.0001024 seconds, Stopping threads took: 0.0000170 seconds
2017-06-28T14:56:15.679-0500: 203.132: Total time for which application threads were stopped: 0.0000947 seconds, Stopping threads took: 0.0000185 seconds
2017-06-28T14:56:15.680-0500: 203.133: Total time for which application threads were stopped: 0.0000723 seconds, Stopping threads took: 0.0000129 seconds
2017-06-28T14:56:15.681-0500: 203.134: Total time for which application threads were stopped: 0.0000712 seconds, Stopping threads took: 0.0000102 seconds
2017-06-28T14:56:15.683-0500: 203.137: Total time for which application threads were stopped: 0.0001236 seconds, Stopping threads took: 0.0000383 seconds
2017-06-28T14:56:15.798-0500: 203.251: Total time for which application threads were stopped: 0.0003632 seconds, Stopping threads took: 0.0000188 seconds
2017-06-28T14:56:15.919-0500: 203.372: Total time for which application threads were stopped: 0.0005280 seconds, Stopping threads took: 0.0000213 seconds
2017-06-28T14:56:15.938-0500: 203.392: Total time for which application threads were stopped: 0.0003312 seconds, Stopping threads took: 0.0000195 seconds
2017-06-28T14:56:16.013-0500: 203.467: Total time for which application threads were stopped: 0.0001054 seconds, Stopping threads took: 0.0000168 seconds
2017-06-28T14:56:16.217-0500: 203.671: Total time for which application threads were stopped: 0.0001436 seconds, Stopping threads took: 0.0000144 seconds
2017-06-28T14:56:16.265-0500: 203.718: Total time for which application threads were stopped: 0.0003712 seconds, Stopping threads took: 0.0000169 seconds
{Heap before GC invocations=5 (full 1):
 par new generation   total 109248K, used 100995K [0x00000007a0000000, 0x00000007a8000000, 0x00000007a8000000)
  eden space 87424K, 100% used [0x00000007a0000000, 0x00000007a5560000, 0x00000007a5560000)
  from space 21824K,  62% used [0x00000007a6ab0000, 0x00000007a77f0e88, 0x00000007a8000000)
  to   space 21824K,   0% used [0x00000007a5560000, 0x00000007a5560000, 0x00000007a6ab0000)
 concurrent mark-sweep generation total 393216K, used 0K [0x00000007a8000000, 0x00000007c0000000, 0x00000007c0000000)
 Metaspace       used 27526K, capacity 27986K, committed 28288K, reserved 1075200K
  class space    used 3270K, capacity 3410K, committed 3456K, reserved 1048576K
2017-06-28T14:56:16.310-0500: 203.763: [GC (Allocation Failure) 2017-06-28T14:56:16.310-0500: 203.764: [ParNew
Desired survivor size 20112992 bytes, new threshold 8 (max 8)
- age   1:    6957216 bytes,    6957216 total
- age   2:     171232 bytes,    7128448 total
- age   3:    1354176 bytes,    8482624 total
- age   4:    2280648 bytes,   10763272 total
- age   5:     900592 bytes,   11663864 total
- age   6:    2349032 bytes,   14012896 total
: 100995K->15077K(109248K), 0.0151071 secs] 100995K->15077K(502464K), 0.0151927 secs] [Times: user=0.05 sys=0.00, real=0.01 secs] 
Heap after GC invocations=6 (full 1):
 par new generation   total 109248K, used 15077K [0x00000007a0000000, 0x00000007a8000000, 0x00000007a8000000)
  eden space 87424K,   0% used [0x00000007a0000000, 0x00000007a0000000, 0x00000007a5560000)
  from space 21824K,  69% used [0x00000007a5560000, 0x00000007a64197b8, 0x00000007a6ab0000)
  to   space 21824K,   0% used [0x00000007a6ab0000, 0x00000007a6ab0000, 0x00000007a8000000)
 concurrent mark-sweep generation total 393216K, used 0K [0x00000007a8000000, 0x00000007c0000000, 0x00000007c0000000)
 Metaspace       used 27526K, capacity 27986K, committed 28288K, reserved 1075200K
  class space    used 3270K, capacity 3410K, committed 3456K, reserved 1048576K
}
2017-06-28T14:56:16.325-0500: 203.779: Total time for which application threads were stopped: 0.0153664 seconds, Stopping threads took: 0.0000185 seconds
2017-06-28T14:56:16.326-0500: 203.780: Total time for which application threads were stopped: 0.0001531 seconds, Stopping threads took: 0.0000563 seconds
2017-06-28T14:56:16.327-0500: 203.780: Total time for which application threads were stopped: 0.0001639 seconds, Stopping threads took: 0.0000952 seconds
2017-06-28T14:56:16.327-0500: 203.780: Total time for which application threads were stopped: 0.0000782 seconds, Stopping threads took: 0.0000105 seconds
2017-06-28T14:56:16.327-0500: 203.780: Total time for which application threads were stopped: 0.0001041 seconds, Stopping threads took: 0.0000471 seconds
2017-06-28T14:56:16.327-0500: 203.781: Total time for which application threads were stopped: 0.0000895 seconds, Stopping threads took: 0.0000296 seconds
2017-06-28T14:56:16.327-0500: 203.781: Total time for which application threads were stopped: 0.0000666 seconds, Stopping threads took: 0.0000096 seconds
2017-06-28T14:56:16.327-0500: 203.781: Total time for which application threads were stopped: 0.0000861 seconds, Stopping threads took: 0.0000283 seconds
2017-06-28T14:56:16.328-0500: 203.781: Total time for which application threads were stopped: 0.0000837 seconds, Stopping threads took: 0.0000271 seconds
2017-06-28T14:56:16.328-0500: 203.781: Total time for which application threads were stopped: 0.0000808 seconds, Stopping threads took: 0.0000276 seconds
2017-06-28T14:56:16.328-0500: 203.781: Total time for which application threads were stopped: 0.0001000 seconds, Stopping threads took: 0.0000439 seconds
2017-06-28T14:56:16.328-0500: 203.781: Total time for which application threads were stopped: 0.0000979 seconds, Stopping threads took: 0.0000486 seconds
2017-06-28T14:56:16.328-0500: 203.782: Total time for which application threads were stopped: 0.0000917 seconds, Stopping threads took: 0.0000324 seconds
2017-06-28T14:56:16.328-0500: 203.782: Total time for which application threads were stopped: 0.0001200 seconds, Stopping threads took: 0.0000093 seconds
2017-06-28T14:56:16.328-0500: 203.782: Total time for which application threads were stopped: 0.0000924 seconds, Stopping threads took: 0.0000314 seconds
2017-06-28T14:56:16.450-0500: 203.904: Total time for which application threads were stopped: 0.0001637 seconds, Stopping threads took: 0.0000290 seconds
2017-06-28T14:56:16.451-0500: 203.904: Total time for which application threads were stopped: 0.0000805 seconds, Stopping threads took: 0.0000096 seconds
2017-06-28T14:56:16.452-0500: 203.906: Total time for which application threads were stopped: 0.0001047 seconds, Stopping threads took: 0.0000356 seconds
2017-06-28T14:56:16.452-0500: 203.906: Total time for which application threads were stopped: 0.0000951 seconds, Stopping threads took: 0.0000294 seconds
2017-06-28T14:56:16.472-0500: 203.925: Total time for which application threads were stopped: 0.0001169 seconds, Stopping threads took: 0.0000461 seconds
2017-06-28T14:56:16.472-0500: 203.926: Total time for which application threads were stopped: 0.0000540 seconds, Stopping threads took: 0.0000102 seconds
2017-06-28T14:56:16.480-0500: 203.934: Total time for which application threads were stopped: 0.0001213 seconds, Stopping threads took: 0.0000555 seconds
2017-06-28T14:56:16.480-0500: 203.934: Total time for which application threads were stopped: 0.0001132 seconds, Stopping threads took: 0.0000418 seconds
2017-06-28T14:56:21.766-0500: 209.220: Total time for which application threads were stopped: 0.0000853 seconds, Stopping threads took: 0.0000208 seconds
2017-06-28T14:56:22.163-0500: 209.616: Total time for which application threads were stopped: 0.0001041 seconds, Stopping threads took: 0.0000212 seconds
2017-06-28T14:56:22.206-0500: 209.660: Total time for which application threads were stopped: 0.0001435 seconds, Stopping threads took: 0.0000405 seconds
2017-06-28T14:56:22.206-0500: 209.660: Total time for which application threads were stopped: 0.0000804 seconds, Stopping threads took: 0.0000122 seconds
2017-06-28T14:56:22.208-0500: 209.662: Total time for which application threads were stopped: 0.0001268 seconds, Stopping threads took: 0.0000422 seconds
2017-06-28T14:56:22.216-0500: 209.670: Total time for which application threads were stopped: 0.0001208 seconds, Stopping threads took: 0.0000388 seconds
2017-06-28T14:56:22.216-0500: 209.670: Total time for which application threads were stopped: 0.0000682 seconds, Stopping threads took: 0.0000098 seconds
2017-06-28T14:56:23.218-0500: 210.672: Total time for which application threads were stopped: 0.0001289 seconds, Stopping threads took: 0.0000291 seconds
2017-06-28T14:56:24.394-0500: 211.848: Total time for which application threads were stopped: 0.0001420 seconds, Stopping threads took: 0.0000452 seconds
2017-06-28T14:56:24.400-0500: 211.854: Total time for which application threads were stopped: 0.0001092 seconds, Stopping threads took: 0.0000377 seconds
2017-06-28T14:56:24.400-0500: 211.854: Total time for which application threads were stopped: 0.0000918 seconds, Stopping threads took: 0.0000343 seconds
2017-06-28T14:56:24.408-0500: 211.861: Total time for which application threads were stopped: 0.0001055 seconds, Stopping threads took: 0.0000371 seconds
2017-06-28T14:56:24.408-0500: 211.861: Total time for which application threads were stopped: 0.0000447 seconds, Stopping threads took: 0.0000073 seconds
2017-06-28T14:56:25.411-0500: 212.865: Total time for which application threads were stopped: 0.0002694 seconds, Stopping threads took: 0.0000566 seconds
2017-06-28T14:56:36.495-0500: 223.949: Total time for which application threads were stopped: 0.0001268 seconds, Stopping threads took: 0.0000394 seconds
2017-06-28T14:56:37.019-0500: 224.473: Total time for which application threads were stopped: 0.0001239 seconds, Stopping threads took: 0.0000231 seconds
2017-06-28T14:56:37.019-0500: 224.473: Total time for which application threads were stopped: 0.0001005 seconds, Stopping threads took: 0.0000325 seconds
2017-06-28T14:56:37.029-0500: 224.483: Total time for which application threads were stopped: 0.0001110 seconds, Stopping threads took: 0.0000226 seconds
2017-06-28T14:56:37.029-0500: 224.483: Total time for which application threads were stopped: 0.0000749 seconds, Stopping threads took: 0.0000134 seconds
2017-06-28T14:56:38.033-0500: 225.486: Total time for which application threads were stopped: 0.0001052 seconds, Stopping threads took: 0.0000271 seconds
2017-06-28T14:56:38.217-0500: 225.671: Total time for which application threads were stopped: 0.0001231 seconds, Stopping threads took: 0.0000213 seconds
2017-06-28T14:56:38.217-0500: 225.671: Total time for which application threads were stopped: 0.0000657 seconds, Stopping threads took: 0.0000090 seconds
2017-06-28T14:56:38.224-0500: 225.678: Total time for which application threads were stopped: 0.0000922 seconds, Stopping threads took: 0.0000241 seconds
2017-06-28T14:56:38.224-0500: 225.678: Total time for which application threads were stopped: 0.0000657 seconds, Stopping threads took: 0.0000241 seconds
2017-06-28T14:56:39.495-0500: 226.949: Total time for which application threads were stopped: 0.0001121 seconds, Stopping threads took: 0.0000203 seconds
2017-06-28T14:56:39.495-0500: 226.949: Total time for which application threads were stopped: 0.0000596 seconds, Stopping threads took: 0.0000074 seconds
2017-06-28T14:56:39.504-0500: 226.958: Total time for which application threads were stopped: 0.0000911 seconds, Stopping threads took: 0.0000195 seconds
2017-06-28T14:56:39.505-0500: 226.958: Total time for which application threads were stopped: 0.0000751 seconds, Stopping threads took: 0.0000326 seconds
2017-06-28T14:56:40.559-0500: 228.013: Total time for which application threads were stopped: 0.0001289 seconds, Stopping threads took: 0.0000327 seconds
2017-06-28T14:56:40.559-0500: 228.013: Total time for which application threads were stopped: 0.0000578 seconds, Stopping threads took: 0.0000122 seconds
2017-06-28T14:56:40.566-0500: 228.019: Total time for which application threads were stopped: 0.0001122 seconds, Stopping threads took: 0.0000419 seconds
2017-06-28T14:56:40.566-0500: 228.020: Total time for which application threads were stopped: 0.0000605 seconds, Stopping threads took: 0.0000240 seconds
2017-06-28T14:56:42.100-0500: 229.554: Total time for which application threads were stopped: 0.0001596 seconds, Stopping threads took: 0.0000513 seconds
2017-06-28T14:56:42.100-0500: 229.554: Total time for which application threads were stopped: 0.0000699 seconds, Stopping threads took: 0.0000123 seconds
2017-06-28T14:56:42.110-0500: 229.563: Total time for which application threads were stopped: 0.0001932 seconds, Stopping threads took: 0.0000479 seconds
2017-06-28T14:56:42.110-0500: 229.563: Total time for which application threads were stopped: 0.0001475 seconds, Stopping threads took: 0.0000351 seconds
2017-06-28T14:56:43.154-0500: 230.607: Total time for which application threads were stopped: 0.0001576 seconds, Stopping threads took: 0.0000417 seconds
2017-06-28T14:56:43.154-0500: 230.607: Total time for which application threads were stopped: 0.0000703 seconds, Stopping threads took: 0.0000104 seconds
2017-06-28T14:56:43.162-0500: 230.616: Total time for which application threads were stopped: 0.0002115 seconds, Stopping threads took: 0.0000388 seconds
2017-06-28T14:56:43.162-0500: 230.616: Total time for which application threads were stopped: 0.0001543 seconds, Stopping threads took: 0.0000297 seconds
2017-06-28T14:56:43.163-0500: 230.616: Total time for which application threads were stopped: 0.0001366 seconds, Stopping threads took: 0.0000221 seconds
2017-06-28T14:56:44.166-0500: 231.620: Total time for which application threads were stopped: 0.0000844 seconds, Stopping threads took: 0.0000199 seconds
2017-06-28T14:56:46.406-0500: 233.860: Total time for which application threads were stopped: 0.0001002 seconds, Stopping threads took: 0.0000212 seconds
2017-06-28T14:56:47.408-0500: 234.862: Total time for which application threads were stopped: 0.0004329 seconds, Stopping threads took: 0.0000580 seconds
2017-06-28T14:56:48.643-0500: 236.097: Total time for which application threads were stopped: 0.0001345 seconds, Stopping threads took: 0.0000285 seconds
2017-06-28T14:56:48.644-0500: 236.098: Total time for which application threads were stopped: 0.0001229 seconds, Stopping threads took: 0.0000377 seconds
2017-06-28T14:56:48.647-0500: 236.101: Total time for which application threads were stopped: 0.0001596 seconds, Stopping threads took: 0.0000721 seconds
2017-06-28T14:56:48.648-0500: 236.101: Total time for which application threads were stopped: 0.0000925 seconds, Stopping threads took: 0.0000148 seconds
2017-06-28T14:56:48.648-0500: 236.102: Total time for which application threads were stopped: 0.0000906 seconds, Stopping threads took: 0.0000143 seconds
2017-06-28T14:56:48.649-0500: 236.102: Total time for which application threads were stopped: 0.0001122 seconds, Stopping threads took: 0.0000188 seconds
2017-06-28T14:56:48.650-0500: 236.104: Total time for which application threads were stopped: 0.0001068 seconds, Stopping threads took: 0.0000213 seconds
2017-06-28T14:56:48.683-0500: 236.137: Total time for which application threads were stopped: 0.0001670 seconds, Stopping threads took: 0.0000455 seconds
2017-06-28T14:56:48.686-0500: 236.139: Total time for which application threads were stopped: 0.0003468 seconds, Stopping threads took: 0.0000833 seconds
2017-06-28T14:56:48.697-0500: 236.151: Total time for which application threads were stopped: 0.0001218 seconds, Stopping threads took: 0.0000206 seconds
2017-06-28T14:56:48.697-0500: 236.151: Total time for which application threads were stopped: 0.0000911 seconds, Stopping threads took: 0.0000086 seconds
2017-06-28T14:56:48.707-0500: 236.160: Total time for which application threads were stopped: 0.0001162 seconds, Stopping threads took: 0.0000251 seconds
2017-06-28T14:56:48.709-0500: 236.162: Total time for which application threads were stopped: 0.0001022 seconds, Stopping threads took: 0.0000227 seconds
2017-06-28T14:56:48.714-0500: 236.168: Total time for which application threads were stopped: 0.0001312 seconds, Stopping threads took: 0.0000497 seconds
2017-06-28T14:56:48.715-0500: 236.168: Total time for which application threads were stopped: 0.0001183 seconds, Stopping threads took: 0.0000466 seconds
2017-06-28T14:56:48.715-0500: 236.169: Total time for which application threads were stopped: 0.0001359 seconds, Stopping threads took: 0.0000391 seconds
2017-06-28T14:56:54.480-0500: 241.934: Total time for which application threads were stopped: 0.0001443 seconds, Stopping threads took: 0.0000411 seconds
2017-06-28T14:56:54.480-0500: 241.934: Total time for which application threads were stopped: 0.0000734 seconds, Stopping threads took: 0.0000118 seconds
2017-06-28T14:56:54.490-0500: 241.943: Total time for which application threads were stopped: 0.0001454 seconds, Stopping threads took: 0.0000438 seconds
2017-06-28T14:56:54.490-0500: 241.943: Total time for which application threads were stopped: 0.0001026 seconds, Stopping threads took: 0.0000308 seconds
2017-06-28T14:56:54.511-0500: 241.964: Total time for which application threads were stopped: 0.0002017 seconds, Stopping threads took: 0.0000396 seconds
2017-06-28T14:56:54.511-0500: 241.965: Total time for which application threads were stopped: 0.0001136 seconds, Stopping threads took: 0.0000321 seconds
2017-06-28T14:56:54.547-0500: 242.001: Total time for which application threads were stopped: 0.0001119 seconds, Stopping threads took: 0.0000202 seconds
2017-06-28T14:56:54.547-0500: 242.001: Total time for which application threads were stopped: 0.0000683 seconds, Stopping threads took: 0.0000095 seconds
2017-06-28T14:56:54.554-0500: 242.008: Total time for which application threads were stopped: 0.0001017 seconds, Stopping threads took: 0.0000248 seconds
2017-06-28T14:56:54.554-0500: 242.008: Total time for which application threads were stopped: 0.0000792 seconds, Stopping threads took: 0.0000326 seconds
2017-06-28T14:56:55.558-0500: 243.011: Total time for which application threads were stopped: 0.0001060 seconds, Stopping threads took: 0.0000253 seconds
2017-06-28T14:56:55.661-0500: 243.114: Total time for which application threads were stopped: 0.0001413 seconds, Stopping threads took: 0.0000214 seconds
2017-06-28T14:56:55.661-0500: 243.115: Total time for which application threads were stopped: 0.0001028 seconds, Stopping threads took: 0.0000155 seconds
2017-06-28T14:56:55.671-0500: 243.125: Total time for which application threads were stopped: 0.0001129 seconds, Stopping threads took: 0.0000426 seconds
2017-06-28T14:56:55.671-0500: 243.125: Total time for which application threads were stopped: 0.0000830 seconds, Stopping threads took: 0.0000273 seconds
2017-06-28T14:56:55.729-0500: 243.183: Total time for which application threads were stopped: 0.0001523 seconds, Stopping threads took: 0.0000435 seconds
2017-06-28T14:56:55.729-0500: 243.183: Total time for which application threads were stopped: 0.0000785 seconds, Stopping threads took: 0.0000126 seconds
2017-06-28T14:56:55.737-0500: 243.191: Total time for which application threads were stopped: 0.0001248 seconds, Stopping threads took: 0.0000383 seconds
2017-06-28T14:56:55.737-0500: 243.191: Total time for which application threads were stopped: 0.0001036 seconds, Stopping threads took: 0.0000133 seconds
2017-06-28T14:56:56.762-0500: 244.216: Total time for which application threads were stopped: 0.0001196 seconds, Stopping threads took: 0.0000381 seconds
2017-06-28T14:56:56.762-0500: 244.216: Total time for which application threads were stopped: 0.0000686 seconds, Stopping threads took: 0.0000086 seconds
2017-06-28T14:56:56.771-0500: 244.224: Total time for which application threads were stopped: 0.0001251 seconds, Stopping threads took: 0.0000356 seconds
2017-06-28T14:56:56.771-0500: 244.224: Total time for which application threads were stopped: 0.0000878 seconds, Stopping threads took: 0.0000259 seconds
2017-06-28T14:56:56.841-0500: 244.294: Total time for which application threads were stopped: 0.0001427 seconds, Stopping threads took: 0.0000370 seconds
2017-06-28T14:56:56.841-0500: 244.295: Total time for which application threads were stopped: 0.0001936 seconds, Stopping threads took: 0.0000804 seconds
2017-06-28T14:56:56.851-0500: 244.304: Total time for which application threads were stopped: 0.0001302 seconds, Stopping threads took: 0.0000361 seconds
2017-06-28T14:56:56.852-0500: 244.305: Total time for which application threads were stopped: 0.0000979 seconds, Stopping threads took: 0.0000210 seconds
2017-06-28T14:56:57.926-0500: 245.379: Total time for which application threads were stopped: 0.0001584 seconds, Stopping threads took: 0.0000229 seconds
2017-06-28T14:56:57.926-0500: 245.379: Total time for which application threads were stopped: 0.0000807 seconds, Stopping threads took: 0.0000116 seconds
2017-06-28T14:56:57.935-0500: 245.389: Total time for which application threads were stopped: 0.0001436 seconds, Stopping threads took: 0.0000403 seconds
2017-06-28T14:56:57.936-0500: 245.389: Total time for which application threads were stopped: 0.0001177 seconds, Stopping threads took: 0.0000358 seconds
2017-06-28T14:56:57.992-0500: 245.445: Total time for which application threads were stopped: 0.0001653 seconds, Stopping threads took: 0.0000682 seconds
2017-06-28T14:56:57.992-0500: 245.446: Total time for which application threads were stopped: 0.0001133 seconds, Stopping threads took: 0.0000432 seconds
2017-06-28T14:56:58.000-0500: 245.454: Total time for which application threads were stopped: 0.0001543 seconds, Stopping threads took: 0.0000458 seconds
2017-06-28T14:56:58.000-0500: 245.454: Total time for which application threads were stopped: 0.0000706 seconds, Stopping threads took: 0.0000170 seconds
2017-06-28T14:56:59.049-0500: 246.502: Total time for which application threads were stopped: 0.0001329 seconds, Stopping threads took: 0.0000395 seconds
2017-06-28T14:56:59.049-0500: 246.503: Total time for which application threads were stopped: 0.0000688 seconds, Stopping threads took: 0.0000098 seconds
2017-06-28T14:56:59.058-0500: 246.512: Total time for which application threads were stopped: 0.0002332 seconds, Stopping threads took: 0.0000267 seconds
2017-06-28T14:56:59.058-0500: 246.512: Total time for which application threads were stopped: 0.0001633 seconds, Stopping threads took: 0.0000280 seconds
2017-06-28T14:56:59.059-0500: 246.512: Total time for which application threads were stopped: 0.0001925 seconds, Stopping threads took: 0.0000271 seconds
2017-06-28T14:57:00.061-0500: 247.514: Total time for which application threads were stopped: 0.0001219 seconds, Stopping threads took: 0.0000247 seconds
2017-06-28T14:57:00.133-0500: 247.587: Total time for which application threads were stopped: 0.0001686 seconds, Stopping threads took: 0.0000459 seconds
2017-06-28T14:57:00.134-0500: 247.587: Total time for which application threads were stopped: 0.0001317 seconds, Stopping threads took: 0.0000741 seconds
2017-06-28T14:57:01.134-0500: 248.587: Total time for which application threads were stopped: 0.0001111 seconds, Stopping threads took: 0.0000237 seconds
2017-06-28T14:57:01.168-0500: 248.621: Total time for which application threads were stopped: 0.0001478 seconds, Stopping threads took: 0.0000454 seconds
2017-06-28T14:57:01.168-0500: 248.621: Total time for which application threads were stopped: 0.0000811 seconds, Stopping threads took: 0.0000296 seconds
2017-06-28T14:57:16.417-0500: 263.870: Total time for which application threads were stopped: 0.0001292 seconds, Stopping threads took: 0.0000404 seconds
2017-06-28T14:57:39.471-0500: 286.925: Total time for which application threads were stopped: 0.0001973 seconds, Stopping threads took: 0.0000511 seconds
2017-06-28T14:57:46.424-0500: 293.878: Total time for which application threads were stopped: 0.0001320 seconds, Stopping threads took: 0.0000477 seconds
2017-06-28T14:57:47.430-0500: 294.883: Total time for which application threads were stopped: 0.0002802 seconds, Stopping threads took: 0.0000634 seconds
2017-06-28T14:57:51.438-0500: 298.891: Total time for which application threads were stopped: 0.0001206 seconds, Stopping threads took: 0.0000267 seconds
2017-06-28T14:58:01.170-0500: 308.624: Total time for which application threads were stopped: 0.0001370 seconds, Stopping threads took: 0.0000443 seconds
2017-06-28T14:58:16.437-0500: 323.891: Total time for which application threads were stopped: 0.0001187 seconds, Stopping threads took: 0.0000235 seconds
2017-06-28T14:58:16.438-0500: 323.892: Total time for which application threads were stopped: 0.0001232 seconds, Stopping threads took: 0.0000248 seconds
2017-06-28T14:58:16.439-0500: 323.892: Total time for which application threads were stopped: 0.0001281 seconds, Stopping threads took: 0.0000232 seconds
2017-06-28T14:58:46.476-0500: 353.930: Total time for which application threads were stopped: 0.0001169 seconds, Stopping threads took: 0.0000198 seconds
2017-06-28T14:58:46.480-0500: 353.933: Total time for which application threads were stopped: 0.0003833 seconds, Stopping threads took: 0.0000164 seconds
2017-06-28T14:58:46.487-0500: 353.941: Total time for which application threads were stopped: 0.0000960 seconds, Stopping threads took: 0.0000178 seconds
2017-06-28T14:58:46.487-0500: 353.941: Total time for which application threads were stopped: 0.0000441 seconds, Stopping threads took: 0.0000075 seconds
2017-06-28T14:58:46.488-0500: 353.941: Total time for which application threads were stopped: 0.0001119 seconds, Stopping threads took: 0.0000221 seconds
2017-06-28T14:58:46.488-0500: 353.941: Total time for which application threads were stopped: 0.0000639 seconds, Stopping threads took: 0.0000118 seconds
2017-06-28T14:58:46.497-0500: 353.951: Total time for which application threads were stopped: 0.0000910 seconds, Stopping threads took: 0.0000169 seconds
2017-06-28T14:58:46.500-0500: 353.954: Total time for which application threads were stopped: 0.0000733 seconds, Stopping threads took: 0.0000125 seconds
2017-06-28T14:58:46.502-0500: 353.955: Total time for which application threads were stopped: 0.0000767 seconds, Stopping threads took: 0.0000123 seconds
2017-06-28T14:58:46.503-0500: 353.956: Total time for which application threads were stopped: 0.0000545 seconds, Stopping threads took: 0.0000081 seconds
2017-06-28T14:58:47.087-0500: 354.540: Total time for which application threads were stopped: 0.0001049 seconds, Stopping threads took: 0.0000201 seconds
2017-06-28T14:58:51.638-0500: 359.092: Total time for which application threads were stopped: 0.0001024 seconds, Stopping threads took: 0.0000213 seconds
2017-06-28T14:58:51.641-0500: 359.095: Total time for which application threads were stopped: 0.0000846 seconds, Stopping threads took: 0.0000201 seconds
2017-06-28T14:58:51.684-0500: 359.138: Total time for which application threads were stopped: 0.0001437 seconds, Stopping threads took: 0.0000183 seconds
2017-06-28T14:58:51.684-0500: 359.138: Total time for which application threads were stopped: 0.0000614 seconds, Stopping threads took: 0.0000108 seconds
2017-06-28T14:58:51.686-0500: 359.140: Total time for which application threads were stopped: 0.0000851 seconds, Stopping threads took: 0.0000299 seconds
2017-06-28T14:58:51.689-0500: 359.143: Total time for which application threads were stopped: 0.0001003 seconds, Stopping threads took: 0.0000359 seconds
2017-06-28T14:58:51.692-0500: 359.145: Total time for which application threads were stopped: 0.0000923 seconds, Stopping threads took: 0.0000291 seconds
2017-06-28T14:58:51.694-0500: 359.147: Total time for which application threads were stopped: 0.0001154 seconds, Stopping threads took: 0.0000256 seconds
2017-06-28T14:58:51.696-0500: 359.149: Total time for which application threads were stopped: 0.0001127 seconds, Stopping threads took: 0.0000358 seconds
2017-06-28T14:58:51.698-0500: 359.151: Total time for which application threads were stopped: 0.0000813 seconds, Stopping threads took: 0.0000253 seconds
2017-06-28T14:58:51.699-0500: 359.153: Total time for which application threads were stopped: 0.0000963 seconds, Stopping threads took: 0.0000445 seconds
2017-06-28T14:58:51.701-0500: 359.155: Total time for which application threads were stopped: 0.0001014 seconds, Stopping threads took: 0.0000186 seconds
2017-06-28T14:58:51.704-0500: 359.158: Total time for which application threads were stopped: 0.0000933 seconds, Stopping threads took: 0.0000194 seconds
2017-06-28T14:58:51.706-0500: 359.159: Total time for which application threads were stopped: 0.0001156 seconds, Stopping threads took: 0.0000441 seconds
2017-06-28T14:58:51.707-0500: 359.161: Total time for which application threads were stopped: 0.0000687 seconds, Stopping threads took: 0.0000133 seconds
2017-06-28T14:58:51.709-0500: 359.162: Total time for which application threads were stopped: 0.0000661 seconds, Stopping threads took: 0.0000117 seconds
2017-06-28T14:58:51.710-0500: 359.163: Total time for which application threads were stopped: 0.0000814 seconds, Stopping threads took: 0.0000268 seconds
2017-06-28T14:58:51.711-0500: 359.165: Total time for which application threads were stopped: 0.0000624 seconds, Stopping threads took: 0.0000113 seconds
2017-06-28T14:58:51.713-0500: 359.166: Total time for which application threads were stopped: 0.0000875 seconds, Stopping threads took: 0.0000358 seconds
2017-06-28T14:58:51.715-0500: 359.169: Total time for which application threads were stopped: 0.0000854 seconds, Stopping threads took: 0.0000193 seconds
2017-06-28T14:58:51.716-0500: 359.170: Total time for which application threads were stopped: 0.0001129 seconds, Stopping threads took: 0.0000500 seconds
2017-06-28T14:58:51.718-0500: 359.172: Total time for which application threads were stopped: 0.0001453 seconds, Stopping threads took: 0.0000176 seconds
2017-06-28T14:58:51.876-0500: 359.329: Total time for which application threads were stopped: 0.0002026 seconds, Stopping threads took: 0.0000221 seconds
{Heap before GC invocations=6 (full 1):
 par new generation   total 109248K, used 102501K [0x00000007a0000000, 0x00000007a8000000, 0x00000007a8000000)
  eden space 87424K, 100% used [0x00000007a0000000, 0x00000007a5560000, 0x00000007a5560000)
  from space 21824K,  69% used [0x00000007a5560000, 0x00000007a64197b8, 0x00000007a6ab0000)
  to   space 21824K,   0% used [0x00000007a6ab0000, 0x00000007a6ab0000, 0x00000007a8000000)
 concurrent mark-sweep generation total 393216K, used 0K [0x00000007a8000000, 0x00000007c0000000, 0x00000007c0000000)
 Metaspace       used 29879K, capacity 30286K, committed 30592K, reserved 1077248K
  class space    used 3474K, capacity 3617K, committed 3712K, reserved 1048576K
2017-06-28T14:58:52.156-0500: 359.609: [GC (Allocation Failure) 2017-06-28T14:58:52.156-0500: 359.609: [ParNew
Desired survivor size 20112992 bytes, new threshold 8 (max 8)
- age   1:    7715128 bytes,    7715128 total
- age   2:    3202312 bytes,   10917440 total
- age   3:     170304 bytes,   11087744 total
- age   4:    1286416 bytes,   12374160 total
- age   5:    2232728 bytes,   14606888 total
- age   6:     897520 bytes,   15504408 total
- age   7:    2329312 bytes,   17833720 total
: 102501K->21824K(109248K), 0.0224676 secs] 102501K->21834K(502464K), 0.0225640 secs] [Times: user=0.07 sys=0.01, real=0.02 secs] 
Heap after GC invocations=7 (full 1):
 par new generation   total 109248K, used 21824K [0x00000007a0000000, 0x00000007a8000000, 0x00000007a8000000)
  eden space 87424K,   0% used [0x00000007a0000000, 0x00000007a0000000, 0x00000007a5560000)
  from space 21824K, 100% used [0x00000007a6ab0000, 0x00000007a8000000, 0x00000007a8000000)
  to   space 21824K,   0% used [0x00000007a5560000, 0x00000007a5560000, 0x00000007a6ab0000)
 concurrent mark-sweep generation total 393216K, used 10K [0x00000007a8000000, 0x00000007c0000000, 0x00000007c0000000)
 Metaspace       used 29879K, capacity 30286K, committed 30592K, reserved 1077248K
  class space    used 3474K, capacity 3617K, committed 3712K, reserved 1048576K
}
2017-06-28T14:58:52.179-0500: 359.632: Total time for which application threads were stopped: 0.0228440 seconds, Stopping threads took: 0.0000232 seconds
2017-06-28T14:58:52.228-0500: 359.682: Total time for which application threads were stopped: 0.0001303 seconds, Stopping threads took: 0.0000440 seconds
2017-06-28T14:58:52.228-0500: 359.682: Total time for which application threads were stopped: 0.0000750 seconds, Stopping threads took: 0.0000289 seconds
2017-06-28T14:58:52.229-0500: 359.683: Total time for which application threads were stopped: 0.0001542 seconds, Stopping threads took: 0.0000160 seconds
2017-06-28T14:58:52.235-0500: 359.689: Total time for which application threads were stopped: 0.0000976 seconds, Stopping threads took: 0.0000226 seconds
2017-06-28T14:58:52.235-0500: 359.689: Total time for which application threads were stopped: 0.0000543 seconds, Stopping threads took: 0.0000108 seconds
2017-06-28T14:58:52.238-0500: 359.691: Total time for which application threads were stopped: 0.0006395 seconds, Stopping threads took: 0.0000222 seconds
2017-06-28T14:58:52.250-0500: 359.703: Total time for which application threads were stopped: 0.0001331 seconds, Stopping threads took: 0.0000572 seconds
2017-06-28T14:58:52.256-0500: 359.709: Total time for which application threads were stopped: 0.0001221 seconds, Stopping threads took: 0.0000233 seconds
2017-06-28T14:58:52.256-0500: 359.710: Total time for which application threads were stopped: 0.0000924 seconds, Stopping threads took: 0.0000153 seconds
2017-06-28T14:58:52.257-0500: 359.711: Total time for which application threads were stopped: 0.0000936 seconds, Stopping threads took: 0.0000165 seconds
2017-06-28T14:58:52.258-0500: 359.712: Total time for which application threads were stopped: 0.0001001 seconds, Stopping threads took: 0.0000181 seconds
2017-06-28T14:58:52.363-0500: 359.817: Total time for which application threads were stopped: 0.0001432 seconds, Stopping threads took: 0.0000210 seconds
2017-06-28T14:58:52.375-0500: 359.828: Total time for which application threads were stopped: 0.0001227 seconds, Stopping threads took: 0.0000363 seconds
2017-06-28T14:58:52.380-0500: 359.833: Total time for which application threads were stopped: 0.0004466 seconds, Stopping threads took: 0.0000206 seconds
2017-06-28T14:58:52.414-0500: 359.868: Total time for which application threads were stopped: 0.0001689 seconds, Stopping threads took: 0.0000213 seconds
2017-06-28T14:58:52.417-0500: 359.870: Total time for which application threads were stopped: 0.0002016 seconds, Stopping threads took: 0.0001099 seconds
2017-06-28T14:58:52.417-0500: 359.870: Total time for which application threads were stopped: 0.0000796 seconds, Stopping threads took: 0.0000298 seconds
2017-06-28T14:58:52.417-0500: 359.871: Total time for which application threads were stopped: 0.0000869 seconds, Stopping threads took: 0.0000294 seconds
2017-06-28T14:58:52.417-0500: 359.871: Total time for which application threads were stopped: 0.0000655 seconds, Stopping threads took: 0.0000144 seconds
2017-06-28T14:58:52.417-0500: 359.871: Total time for which application threads were stopped: 0.0000818 seconds, Stopping threads took: 0.0000313 seconds
2017-06-28T14:58:52.418-0500: 359.871: Total time for which application threads were stopped: 0.0000771 seconds, Stopping threads took: 0.0000238 seconds
2017-06-28T14:58:52.418-0500: 359.872: Total time for which application threads were stopped: 0.0001387 seconds, Stopping threads took: 0.0000178 seconds
2017-06-28T14:58:52.419-0500: 359.872: Total time for which application threads were stopped: 0.0000634 seconds, Stopping threads took: 0.0000100 seconds
2017-06-28T14:58:52.419-0500: 359.873: Total time for which application threads were stopped: 0.0000515 seconds, Stopping threads took: 0.0000096 seconds
2017-06-28T14:58:53.424-0500: 360.878: Total time for which application threads were stopped: 0.0002284 seconds, Stopping threads took: 0.0000413 seconds
2017-06-28T14:58:55.431-0500: 362.884: Total time for which application threads were stopped: 0.0002879 seconds, Stopping threads took: 0.0000623 seconds
2017-06-28T14:59:30.334-0500: 397.788: Total time for which application threads were stopped: 0.0000962 seconds, Stopping threads took: 0.0000212 seconds
2017-06-28T14:59:30.677-0500: 398.131: Total time for which application threads were stopped: 0.0001145 seconds, Stopping threads took: 0.0000238 seconds
2017-06-28T14:59:30.717-0500: 398.171: Total time for which application threads were stopped: 0.0001352 seconds, Stopping threads took: 0.0000240 seconds
2017-06-28T14:59:30.735-0500: 398.189: Total time for which application threads were stopped: 0.0001491 seconds, Stopping threads took: 0.0000406 seconds
2017-06-28T14:59:30.735-0500: 398.189: Total time for which application threads were stopped: 0.0001039 seconds, Stopping threads took: 0.0000241 seconds
2017-06-28T14:59:30.764-0500: 398.217: Total time for which application threads were stopped: 0.0001085 seconds, Stopping threads took: 0.0000231 seconds
2017-06-28T14:59:30.801-0500: 398.255: Total time for which application threads were stopped: 0.0001725 seconds, Stopping threads took: 0.0000542 seconds
2017-06-28T14:59:30.801-0500: 398.255: Total time for which application threads were stopped: 0.0001058 seconds, Stopping threads took: 0.0000491 seconds
2017-06-28T14:59:41.714-0500: 409.168: Total time for which application threads were stopped: 0.0000906 seconds, Stopping threads took: 0.0000180 seconds
2017-06-28T14:59:41.720-0500: 409.173: Total time for which application threads were stopped: 0.0000927 seconds, Stopping threads took: 0.0000179 seconds
2017-06-28T14:59:44.300-0500: 411.754: Total time for which application threads were stopped: 0.0000934 seconds, Stopping threads took: 0.0000211 seconds
2017-06-28T14:59:44.364-0500: 411.817: Total time for which application threads were stopped: 0.0001194 seconds, Stopping threads took: 0.0000226 seconds
2017-06-28T14:59:44.373-0500: 411.827: Total time for which application threads were stopped: 0.0001178 seconds, Stopping threads took: 0.0000388 seconds
2017-06-28T14:59:55.685-0500: 423.138: Total time for which application threads were stopped: 0.0000873 seconds, Stopping threads took: 0.0000185 seconds
2017-06-28T14:59:55.689-0500: 423.143: Total time for which application threads were stopped: 0.0000931 seconds, Stopping threads took: 0.0000173 seconds
2017-06-28T14:59:58.117-0500: 425.571: Total time for which application threads were stopped: 0.0001201 seconds, Stopping threads took: 0.0000252 seconds
2017-06-28T14:59:58.123-0500: 425.576: Total time for which application threads were stopped: 0.0001101 seconds, Stopping threads took: 0.0000211 seconds
2017-06-28T15:00:13.156-0500: 440.610: Total time for which application threads were stopped: 0.0001175 seconds, Stopping threads took: 0.0000220 seconds
2017-06-28T15:00:18.062-0500: 445.516: Total time for which application threads were stopped: 0.0001320 seconds, Stopping threads took: 0.0000237 seconds
2017-06-28T15:00:18.071-0500: 445.524: Total time for which application threads were stopped: 0.0005673 seconds, Stopping threads took: 0.0000223 seconds
2017-06-28T15:00:19.071-0500: 446.525: Total time for which application threads were stopped: 0.0002813 seconds, Stopping threads took: 0.0000274 seconds
2017-06-28T15:00:23.360-0500: 450.813: Total time for which application threads were stopped: 0.0001094 seconds, Stopping threads took: 0.0000228 seconds
2017-06-28T15:00:27.121-0500: 454.575: Total time for which application threads were stopped: 0.0007552 seconds, Stopping threads took: 0.0000231 seconds
2017-06-28T15:00:28.123-0500: 455.577: Total time for which application threads were stopped: 0.0002088 seconds, Stopping threads took: 0.0000472 seconds
2017-06-28T15:00:31.633-0500: 459.086: Total time for which application threads were stopped: 0.0001300 seconds, Stopping threads took: 0.0000240 seconds
2017-06-28T15:00:31.633-0500: 459.087: Total time for which application threads were stopped: 0.0001367 seconds, Stopping threads took: 0.0000583 seconds
2017-06-28T15:00:36.650-0500: 464.104: Total time for which application threads were stopped: 0.0002028 seconds, Stopping threads took: 0.0000399 seconds
2017-06-28T15:00:38.408-0500: 465.861: Total time for which application threads were stopped: 0.0001327 seconds, Stopping threads took: 0.0000385 seconds
2017-06-28T15:01:13.162-0500: 500.615: Total time for which application threads were stopped: 0.0002390 seconds, Stopping threads took: 0.0000471 seconds
2017-06-28T15:01:29.212-0500: 516.665: Total time for which application threads were stopped: 0.0001903 seconds, Stopping threads took: 0.0000411 seconds
2017-06-28T15:03:07.572-0500: 615.026: Total time for which application threads were stopped: 0.0000982 seconds, Stopping threads took: 0.0000215 seconds
2017-06-28T15:03:07.927-0500: 615.381: Total time for which application threads were stopped: 0.0002025 seconds, Stopping threads took: 0.0000231 seconds
2017-06-28T15:03:07.961-0500: 615.415: Total time for which application threads were stopped: 0.0001250 seconds, Stopping threads took: 0.0000227 seconds
2017-06-28T15:03:07.964-0500: 615.418: Total time for which application threads were stopped: 0.0001792 seconds, Stopping threads took: 0.0000789 seconds
2017-06-28T15:03:07.969-0500: 615.423: Total time for which application threads were stopped: 0.0001355 seconds, Stopping threads took: 0.0000438 seconds
2017-06-28T15:03:08.974-0500: 616.428: Total time for which application threads were stopped: 0.0002419 seconds, Stopping threads took: 0.0000445 seconds
2017-06-28T15:03:13.208-0500: 620.661: Total time for which application threads were stopped: 0.0001224 seconds, Stopping threads took: 0.0000221 seconds
2017-06-28T15:03:14.210-0500: 621.664: Total time for which application threads were stopped: 0.0001542 seconds, Stopping threads took: 0.0000379 seconds
2017-06-28T15:03:28.611-0500: 636.064: Total time for which application threads were stopped: 0.0001233 seconds, Stopping threads took: 0.0000411 seconds
2017-06-28T15:03:28.612-0500: 636.065: Total time for which application threads were stopped: 0.0001319 seconds, Stopping threads took: 0.0000372 seconds
2017-06-28T15:03:28.616-0500: 636.069: Total time for which application threads were stopped: 0.0000970 seconds, Stopping threads took: 0.0000189 seconds
2017-06-28T15:03:39.056-0500: 646.510: Total time for which application threads were stopped: 0.0001592 seconds, Stopping threads took: 0.0000186 seconds
2017-06-28T15:03:39.061-0500: 646.514: Total time for which application threads were stopped: 0.0001020 seconds, Stopping threads took: 0.0000269 seconds
2017-06-28T15:03:39.065-0500: 646.519: Total time for which application threads were stopped: 0.0000911 seconds, Stopping threads took: 0.0000177 seconds
2017-06-28T15:03:41.662-0500: 649.115: Total time for which application threads were stopped: 0.0000974 seconds, Stopping threads took: 0.0000210 seconds
2017-06-28T15:03:41.668-0500: 649.122: Total time for which application threads were stopped: 0.0001234 seconds, Stopping threads took: 0.0000246 seconds
2017-06-28T15:03:41.674-0500: 649.128: Total time for which application threads were stopped: 0.0001193 seconds, Stopping threads took: 0.0000223 seconds
2017-06-28T15:03:41.739-0500: 649.192: Total time for which application threads were stopped: 0.0000919 seconds, Stopping threads took: 0.0000198 seconds
2017-06-28T15:03:48.169-0500: 655.622: Total time for which application threads were stopped: 0.0001196 seconds, Stopping threads took: 0.0000215 seconds
2017-06-28T15:03:48.174-0500: 655.627: Total time for which application threads were stopped: 0.0000914 seconds, Stopping threads took: 0.0000180 seconds
2017-06-28T15:03:48.178-0500: 655.631: Total time for which application threads were stopped: 0.0000887 seconds, Stopping threads took: 0.0000165 seconds
2017-06-28T15:03:48.972-0500: 656.426: Total time for which application threads were stopped: 0.0001044 seconds, Stopping threads took: 0.0000344 seconds
2017-06-28T15:03:48.976-0500: 656.430: Total time for which application threads were stopped: 0.0001010 seconds, Stopping threads took: 0.0000172 seconds
2017-06-28T15:03:48.980-0500: 656.434: Total time for which application threads were stopped: 0.0000969 seconds, Stopping threads took: 0.0000183 seconds
2017-06-28T15:03:49.175-0500: 656.629: Total time for which application threads were stopped: 0.0000929 seconds, Stopping threads took: 0.0000194 seconds
2017-06-28T15:03:49.179-0500: 656.632: Total time for which application threads were stopped: 0.0000908 seconds, Stopping threads took: 0.0000181 seconds
2017-06-28T15:03:49.183-0500: 656.637: Total time for which application threads were stopped: 0.0001167 seconds, Stopping threads took: 0.0000219 seconds
2017-06-28T15:03:50.135-0500: 657.588: Total time for which application threads were stopped: 0.0000900 seconds, Stopping threads took: 0.0000206 seconds
2017-06-28T15:03:50.139-0500: 657.592: Total time for which application threads were stopped: 0.0000885 seconds, Stopping threads took: 0.0000180 seconds
2017-06-28T15:03:50.143-0500: 657.596: Total time for which application threads were stopped: 0.0000932 seconds, Stopping threads took: 0.0000209 seconds
2017-06-28T15:03:50.648-0500: 658.102: Total time for which application threads were stopped: 0.0001536 seconds, Stopping threads took: 0.0000577 seconds
2017-06-28T15:03:50.652-0500: 658.106: Total time for which application threads were stopped: 0.0001496 seconds, Stopping threads took: 0.0000192 seconds
2017-06-28T15:03:51.653-0500: 659.106: Total time for which application threads were stopped: 0.0001063 seconds, Stopping threads took: 0.0000342 seconds
2017-06-28T15:03:56.668-0500: 664.121: Total time for which application threads were stopped: 0.0001184 seconds, Stopping threads took: 0.0000321 seconds
2017-06-28T15:04:07.982-0500: 675.436: Total time for which application threads were stopped: 0.0001400 seconds, Stopping threads took: 0.0000452 seconds
2017-06-28T15:16:22.886-0500: 1410.340: Total time for which application threads were stopped: 0.0002396 seconds, Stopping threads took: 0.0000647 seconds
2017-06-28T15:25:35.400-0500: 1962.854: Total time for which application threads were stopped: 0.0001047 seconds, Stopping threads took: 0.0000216 seconds
2017-06-28T15:25:35.448-0500: 1962.901: Total time for which application threads were stopped: 0.0002477 seconds, Stopping threads took: 0.0000220 seconds
2017-06-28T15:25:35.453-0500: 1962.907: Total time for which application threads were stopped: 0.0001095 seconds, Stopping threads took: 0.0000231 seconds
2017-06-28T15:25:49.367-0500: 1976.820: Total time for which application threads were stopped: 0.0001498 seconds, Stopping threads took: 0.0000422 seconds
2017-06-28T15:25:49.367-0500: 1976.820: Total time for which application threads were stopped: 0.0000694 seconds, Stopping threads took: 0.0000225 seconds
2017-06-28T15:25:50.367-0500: 1977.821: Total time for which application threads were stopped: 0.0002445 seconds, Stopping threads took: 0.0000686 seconds
{Heap before GC invocations=7 (full 1):
 par new generation   total 109248K, used 109248K [0x00000007a0000000, 0x00000007a8000000, 0x00000007a8000000)
  eden space 87424K, 100% used [0x00000007a0000000, 0x00000007a5560000, 0x00000007a5560000)
  from space 21824K, 100% used [0x00000007a6ab0000, 0x00000007a8000000, 0x00000007a8000000)
  to   space 21824K,   0% used [0x00000007a5560000, 0x00000007a5560000, 0x00000007a6ab0000)
 concurrent mark-sweep generation total 393216K, used 10K [0x00000007a8000000, 0x00000007c0000000, 0x00000007c0000000)
 Metaspace       used 31345K, capacity 31764K, committed 32256K, reserved 1077248K
  class space    used 3610K, capacity 3746K, committed 3840K, reserved 1048576K
2017-06-28T15:26:03.818-0500: 1991.271: [GC (Allocation Failure) 2017-06-28T15:26:03.818-0500: 1991.271: [ParNew
Desired survivor size 20112992 bytes, new threshold 8 (max 8)
- age   1:    3482488 bytes,    3482488 total
- age   2:    2704040 bytes,    6186528 total
- age   3:    3194576 bytes,    9381104 total
- age   4:     170256 bytes,    9551360 total
- age   5:    1275288 bytes,   10826648 total
- age   6:    2232512 bytes,   13059160 total
- age   7:     897152 bytes,   13956312 total
- age   8:    2329464 bytes,   16285776 total
: 109248K->19537K(109248K), 0.0175151 secs] 109258K->19548K(502464K), 0.0175958 secs] [Times: user=0.05 sys=0.00, real=0.02 secs] 
Heap after GC invocations=8 (full 1):
 par new generation   total 109248K, used 19537K [0x00000007a0000000, 0x00000007a8000000, 0x00000007a8000000)
  eden space 87424K,   0% used [0x00000007a0000000, 0x00000007a0000000, 0x00000007a5560000)
  from space 21824K,  89% used [0x00000007a5560000, 0x00000007a6874458, 0x00000007a6ab0000)
  to   space 21824K,   0% used [0x00000007a6ab0000, 0x00000007a6ab0000, 0x00000007a8000000)
 concurrent mark-sweep generation total 393216K, used 10K [0x00000007a8000000, 0x00000007c0000000, 0x00000007c0000000)
 Metaspace       used 31345K, capacity 31764K, committed 32256K, reserved 1077248K
  class space    used 3610K, capacity 3746K, committed 3840K, reserved 1048576K
}
2017-06-28T15:26:03.835-0500: 1991.289: Total time for which application threads were stopped: 0.0182307 seconds, Stopping threads took: 0.0000237 seconds
2017-06-28T15:26:03.836-0500: 1991.290: Total time for which application threads were stopped: 0.0001275 seconds, Stopping threads took: 0.0000354 seconds
{Heap before GC invocations=8 (full 1):
 par new generation   total 109248K, used 106961K [0x00000007a0000000, 0x00000007a8000000, 0x00000007a8000000)
  eden space 87424K, 100% used [0x00000007a0000000, 0x00000007a5560000, 0x00000007a5560000)
  from space 21824K,  89% used [0x00000007a5560000, 0x00000007a6874458, 0x00000007a6ab0000)
  to   space 21824K,   0% used [0x00000007a6ab0000, 0x00000007a6ab0000, 0x00000007a8000000)
 concurrent mark-sweep generation total 393216K, used 10K [0x00000007a8000000, 0x00000007c0000000, 0x00000007c0000000)
 Metaspace       used 31378K, capacity 31834K, committed 32256K, reserved 1077248K
  class space    used 3611K, capacity 3747K, committed 3840K, reserved 1048576K
2017-06-28T15:26:03.995-0500: 1991.448: [GC (Allocation Failure) 2017-06-28T15:26:03.995-0500: 1991.448: [ParNew
Desired survivor size 20112992 bytes, new threshold 8 (max 8)
- age   1:     207840 bytes,     207840 total
- age   2:    1960368 bytes,    2168208 total
- age   3:    2694288 bytes,    4862496 total
- age   4:    3119616 bytes,    7982112 total
- age   5:     161928 bytes,    8144040 total
- age   6:    1243448 bytes,    9387488 total
- age   7:    2136768 bytes,   11524256 total
- age   8:     843160 bytes,   12367416 total
: 106961K->17457K(109248K), 0.0308469 secs] 106972K->19964K(502464K), 0.0309215 secs] [Times: user=0.09 sys=0.01, real=0.03 secs] 
Heap after GC invocations=9 (full 1):
 par new generation   total 109248K, used 17457K [0x00000007a0000000, 0x00000007a8000000, 0x00000007a8000000)
  eden space 87424K,   0% used [0x00000007a0000000, 0x00000007a0000000, 0x00000007a5560000)
  from space 21824K,  79% used [0x00000007a6ab0000, 0x00000007a7bbc4c0, 0x00000007a8000000)
  to   space 21824K,   0% used [0x00000007a5560000, 0x00000007a5560000, 0x00000007a6ab0000)
 concurrent mark-sweep generation total 393216K, used 2506K [0x00000007a8000000, 0x00000007c0000000, 0x00000007c0000000)
 Metaspace       used 31378K, capacity 31834K, committed 32256K, reserved 1077248K
  class space    used 3611K, capacity 3747K, committed 3840K, reserved 1048576K
}
2017-06-28T15:26:04.026-0500: 1991.479: Total time for which application threads were stopped: 0.0311496 seconds, Stopping threads took: 0.0000442 seconds
2017-06-28T15:26:04.026-0500: 1991.480: Total time for which application threads were stopped: 0.0002007 seconds, Stopping threads took: 0.0001017 seconds
2017-06-28T15:26:04.191-0500: 1991.644: Total time for which application threads were stopped: 0.0001993 seconds, Stopping threads took: 0.0000396 seconds
2017-06-28T15:26:04.193-0500: 1991.646: Total time for which application threads were stopped: 0.0001189 seconds, Stopping threads took: 0.0000225 seconds
2017-06-28T15:26:04.193-0500: 1991.646: Total time for which application threads were stopped: 0.0000667 seconds, Stopping threads took: 0.0000113 seconds
2017-06-28T15:26:04.193-0500: 1991.647: Total time for which application threads were stopped: 0.0000686 seconds, Stopping threads took: 0.0000106 seconds
2017-06-28T15:26:04.211-0500: 1991.665: Total time for which application threads were stopped: 0.0007118 seconds, Stopping threads took: 0.0000210 seconds
2017-06-28T15:26:04.214-0500: 1991.668: Total time for which application threads were stopped: 0.0001067 seconds, Stopping threads took: 0.0000225 seconds
2017-06-28T15:26:04.220-0500: 1991.673: Total time for which application threads were stopped: 0.0008436 seconds, Stopping threads took: 0.0007115 seconds
2017-06-28T15:26:04.224-0500: 1991.677: Total time for which application threads were stopped: 0.0001659 seconds, Stopping threads took: 0.0000654 seconds
2017-06-28T15:26:04.227-0500: 1991.681: Total time for which application threads were stopped: 0.0008076 seconds, Stopping threads took: 0.0006919 seconds
2017-06-28T15:26:04.228-0500: 1991.681: Total time for which application threads were stopped: 0.0001245 seconds, Stopping threads took: 0.0000565 seconds
2017-06-28T15:26:04.229-0500: 1991.682: Total time for which application threads were stopped: 0.0004038 seconds, Stopping threads took: 0.0003098 seconds
2017-06-28T15:26:04.230-0500: 1991.683: Total time for which application threads were stopped: 0.0004954 seconds, Stopping threads took: 0.0003938 seconds
2017-06-28T15:26:04.231-0500: 1991.685: Total time for which application threads were stopped: 0.0001377 seconds, Stopping threads took: 0.0000386 seconds
2017-06-28T15:26:04.232-0500: 1991.685: Total time for which application threads were stopped: 0.0001111 seconds, Stopping threads took: 0.0000186 seconds
2017-06-28T15:26:04.233-0500: 1991.686: Total time for which application threads were stopped: 0.0001068 seconds, Stopping threads took: 0.0000181 seconds
2017-06-28T15:26:04.234-0500: 1991.687: Total time for which application threads were stopped: 0.0005744 seconds, Stopping threads took: 0.0004772 seconds
2017-06-28T15:26:04.234-0500: 1991.687: Total time for which application threads were stopped: 0.0000917 seconds, Stopping threads took: 0.0000317 seconds
2017-06-28T15:26:04.234-0500: 1991.687: Total time for which application threads were stopped: 0.0000786 seconds, Stopping threads took: 0.0000203 seconds
2017-06-28T15:26:04.235-0500: 1991.688: Total time for which application threads were stopped: 0.0003935 seconds, Stopping threads took: 0.0003258 seconds
2017-06-28T15:26:04.235-0500: 1991.688: Total time for which application threads were stopped: 0.0000791 seconds, Stopping threads took: 0.0000266 seconds
2017-06-28T15:26:04.238-0500: 1991.692: Total time for which application threads were stopped: 0.0001555 seconds, Stopping threads took: 0.0000607 seconds
2017-06-28T15:26:04.239-0500: 1991.692: Total time for which application threads were stopped: 0.0001227 seconds, Stopping threads took: 0.0000350 seconds
2017-06-28T15:26:04.239-0500: 1991.693: Total time for which application threads were stopped: 0.0000883 seconds, Stopping threads took: 0.0000257 seconds
2017-06-28T15:26:04.239-0500: 1991.693: Total time for which application threads were stopped: 0.0000879 seconds, Stopping threads took: 0.0000309 seconds
2017-06-28T15:26:04.239-0500: 1991.693: Total time for which application threads were stopped: 0.0001099 seconds, Stopping threads took: 0.0000686 seconds
2017-06-28T15:26:04.239-0500: 1991.693: Total time for which application threads were stopped: 0.0000956 seconds, Stopping threads took: 0.0000477 seconds
2017-06-28T15:26:04.240-0500: 1991.693: Total time for which application threads were stopped: 0.0001635 seconds, Stopping threads took: 0.0001231 seconds
2017-06-28T15:26:04.240-0500: 1991.694: Total time for which application threads were stopped: 0.0001978 seconds, Stopping threads took: 0.0000334 seconds
2017-06-28T15:26:04.243-0500: 1991.696: Total time for which application threads were stopped: 0.0001469 seconds, Stopping threads took: 0.0000543 seconds
2017-06-28T15:26:04.261-0500: 1991.714: Total time for which application threads were stopped: 0.0001814 seconds, Stopping threads took: 0.0000517 seconds
2017-06-28T15:26:04.320-0500: 1991.774: Total time for which application threads were stopped: 0.0001537 seconds, Stopping threads took: 0.0000450 seconds
2017-06-28T15:26:04.321-0500: 1991.775: Total time for which application threads were stopped: 0.0001004 seconds, Stopping threads took: 0.0000228 seconds
2017-06-28T15:26:04.322-0500: 1991.775: Total time for which application threads were stopped: 0.0000726 seconds, Stopping threads took: 0.0000125 seconds
2017-06-28T15:26:04.322-0500: 1991.776: Total time for which application threads were stopped: 0.0001714 seconds, Stopping threads took: 0.0001119 seconds
2017-06-28T15:26:04.322-0500: 1991.776: Total time for which application threads were stopped: 0.0000655 seconds, Stopping threads took: 0.0000123 seconds
2017-06-28T15:26:04.323-0500: 1991.776: Total time for which application threads were stopped: 0.0000664 seconds, Stopping threads took: 0.0000121 seconds
2017-06-28T15:26:04.323-0500: 1991.776: Total time for which application threads were stopped: 0.0000693 seconds, Stopping threads took: 0.0000158 seconds
2017-06-28T15:26:04.323-0500: 1991.777: Total time for which application threads were stopped: 0.0000621 seconds, Stopping threads took: 0.0000125 seconds
2017-06-28T15:26:04.323-0500: 1991.777: Total time for which application threads were stopped: 0.0000530 seconds, Stopping threads took: 0.0000101 seconds
2017-06-28T15:26:04.323-0500: 1991.777: Total time for which application threads were stopped: 0.0000489 seconds, Stopping threads took: 0.0000098 seconds
2017-06-28T15:26:04.323-0500: 1991.777: Total time for which application threads were stopped: 0.0000501 seconds, Stopping threads took: 0.0000136 seconds
2017-06-28T15:26:04.841-0500: 1992.295: Total time for which application threads were stopped: 0.0002436 seconds, Stopping threads took: 0.0000265 seconds
2017-06-28T15:26:04.843-0500: 1992.296: Total time for which application threads were stopped: 0.0001284 seconds, Stopping threads took: 0.0000255 seconds
2017-06-28T15:26:04.843-0500: 1992.297: Total time for which application threads were stopped: 0.0001534 seconds, Stopping threads took: 0.0000367 seconds
2017-06-28T15:26:04.844-0500: 1992.297: Total time for which application threads were stopped: 0.0002510 seconds, Stopping threads took: 0.0001582 seconds
2017-06-28T15:26:04.844-0500: 1992.297: Total time for which application threads were stopped: 0.0001090 seconds, Stopping threads took: 0.0000391 seconds
2017-06-28T15:26:04.844-0500: 1992.298: Total time for which application threads were stopped: 0.0000880 seconds, Stopping threads took: 0.0000375 seconds
2017-06-28T15:26:04.844-0500: 1992.298: Total time for which application threads were stopped: 0.0000688 seconds, Stopping threads took: 0.0000208 seconds
2017-06-28T15:26:04.845-0500: 1992.298: Total time for which application threads were stopped: 0.0000790 seconds, Stopping threads took: 0.0000303 seconds
2017-06-28T15:26:04.845-0500: 1992.298: Total time for which application threads were stopped: 0.0000852 seconds, Stopping threads took: 0.0000278 seconds
2017-06-28T15:26:04.845-0500: 1992.299: Total time for which application threads were stopped: 0.0000592 seconds, Stopping threads took: 0.0000102 seconds
2017-06-28T15:26:04.846-0500: 1992.299: Total time for which application threads were stopped: 0.0000547 seconds, Stopping threads took: 0.0000100 seconds
2017-06-28T15:26:04.846-0500: 1992.299: Total time for which application threads were stopped: 0.0000543 seconds, Stopping threads took: 0.0000100 seconds
2017-06-28T15:26:04.846-0500: 1992.300: Total time for which application threads were stopped: 0.0000546 seconds, Stopping threads took: 0.0000097 seconds
2017-06-28T15:26:04.846-0500: 1992.300: Total time for which application threads were stopped: 0.0000518 seconds, Stopping threads took: 0.0000085 seconds
2017-06-28T15:26:04.847-0500: 1992.300: Total time for which application threads were stopped: 0.0000460 seconds, Stopping threads took: 0.0000073 seconds
2017-06-28T15:26:04.847-0500: 1992.300: Total time for which application threads were stopped: 0.0000452 seconds, Stopping threads took: 0.0000072 seconds
2017-06-28T15:26:04.847-0500: 1992.301: Total time for which application threads were stopped: 0.0001234 seconds, Stopping threads took: 0.0000068 seconds
2017-06-28T15:26:04.866-0500: 1992.320: Total time for which application threads were stopped: 0.0001364 seconds, Stopping threads took: 0.0000235 seconds
2017-06-28T15:26:04.915-0500: 1992.368: Total time for which application threads were stopped: 0.0001340 seconds, Stopping threads took: 0.0000237 seconds
{Heap before GC invocations=9 (full 1):
 par new generation   total 109248K, used 104881K [0x00000007a0000000, 0x00000007a8000000, 0x00000007a8000000)
  eden space 87424K, 100% used [0x00000007a0000000, 0x00000007a5560000, 0x00000007a5560000)
  from space 21824K,  79% used [0x00000007a6ab0000, 0x00000007a7bbc4c0, 0x00000007a8000000)
  to   space 21824K,   0% used [0x00000007a5560000, 0x00000007a5560000, 0x00000007a6ab0000)
 concurrent mark-sweep generation total 393216K, used 2506K [0x00000007a8000000, 0x00000007c0000000, 0x00000007c0000000)
 Metaspace       used 31615K, capacity 32082K, committed 32512K, reserved 1077248K
  class space    used 3627K, capacity 3789K, committed 3840K, reserved 1048576K
2017-06-28T15:26:04.940-0500: 1992.394: [GC (Allocation Failure) 2017-06-28T15:26:04.940-0500: 1992.394: [ParNew
Desired survivor size 20112992 bytes, new threshold 8 (max 8)
- age   1:    3602864 bytes,    3602864 total
- age   2:      85264 bytes,    3688128 total
- age   3:     975360 bytes,    4663488 total
- age   4:    2672016 bytes,    7335504 total
- age   5:    1548296 bytes,    8883800 total
- age   6:     161864 bytes,    9045664 total
- age   7:    1243200 bytes,   10288864 total
- age   8:    2136328 bytes,   12425192 total
: 104881K->14622K(109248K), 0.0169056 secs] 107388K->17962K(502464K), 0.0169979 secs] [Times: user=0.05 sys=0.00, real=0.01 secs] 
Heap after GC invocations=10 (full 1):
 par new generation   total 109248K, used 14622K [0x00000007a0000000, 0x00000007a8000000, 0x00000007a8000000)
  eden space 87424K,   0% used [0x00000007a0000000, 0x00000007a0000000, 0x00000007a5560000)
  from space 21824K,  67% used [0x00000007a5560000, 0x00000007a63a7868, 0x00000007a6ab0000)
  to   space 21824K,   0% used [0x00000007a6ab0000, 0x00000007a6ab0000, 0x00000007a8000000)
 concurrent mark-sweep generation total 393216K, used 3340K [0x00000007a8000000, 0x00000007c0000000, 0x00000007c0000000)
 Metaspace       used 31615K, capacity 32082K, committed 32512K, reserved 1077248K
  class space    used 3627K, capacity 3789K, committed 3840K, reserved 1048576K
}
2017-06-28T15:26:04.957-0500: 1992.411: Total time for which application threads were stopped: 0.0172094 seconds, Stopping threads took: 0.0000212 seconds
2017-06-28T15:26:04.958-0500: 1992.411: Total time for which application threads were stopped: 0.0001924 seconds, Stopping threads took: 0.0000866 seconds
2017-06-28T15:26:04.958-0500: 1992.412: Total time for which application threads were stopped: 0.0001198 seconds, Stopping threads took: 0.0000761 seconds
2017-06-28T15:26:04.961-0500: 1992.414: Total time for which application threads were stopped: 0.0001102 seconds, Stopping threads took: 0.0000369 seconds
{Heap before GC invocations=10 (full 1):
 par new generation   total 109248K, used 102046K [0x00000007a0000000, 0x00000007a8000000, 0x00000007a8000000)
  eden space 87424K, 100% used [0x00000007a0000000, 0x00000007a5560000, 0x00000007a5560000)
  from space 21824K,  67% used [0x00000007a5560000, 0x00000007a63a7868, 0x00000007a6ab0000)
  to   space 21824K,   0% used [0x00000007a6ab0000, 0x00000007a6ab0000, 0x00000007a8000000)
 concurrent mark-sweep generation total 393216K, used 3340K [0x00000007a8000000, 0x00000007c0000000, 0x00000007c0000000)
 Metaspace       used 31637K, capacity 32152K, committed 32512K, reserved 1077248K
  class space    used 3627K, capacity 3790K, committed 3840K, reserved 1048576K
2017-06-28T15:26:05.088-0500: 1992.541: [GC (Allocation Failure) 2017-06-28T15:26:05.088-0500: 1992.541: [ParNew
Desired survivor size 20112992 bytes, new threshold 8 (max 8)
- age   1:    1169856 bytes,    1169856 total
- age   2:    3180008 bytes,    4349864 total
- age   3:      85104 bytes,    4434968 total
- age   4:     965864 bytes,    5400832 total
- age   5:    2671880 bytes,    8072712 total
- age   6:    1548296 bytes,    9621008 total
- age   7:     161864 bytes,    9782872 total
- age   8:    1242736 bytes,   11025608 total
: 102046K->15453K(109248K), 0.0183681 secs] 105386K->20970K(502464K), 0.0184667 secs] [Times: user=0.05 sys=0.00, real=0.02 secs] 
Heap after GC invocations=11 (full 1):
 par new generation   total 109248K, used 15453K [0x00000007a0000000, 0x00000007a8000000, 0x00000007a8000000)
  eden space 87424K,   0% used [0x00000007a0000000, 0x00000007a0000000, 0x00000007a5560000)
  from space 21824K,  70% used [0x00000007a6ab0000, 0x00000007a79c7450, 0x00000007a8000000)
  to   space 21824K,   0% used [0x00000007a5560000, 0x00000007a5560000, 0x00000007a6ab0000)
 concurrent mark-sweep generation total 393216K, used 5517K [0x00000007a8000000, 0x00000007c0000000, 0x00000007c0000000)
 Metaspace       used 31637K, capacity 32152K, committed 32512K, reserved 1077248K
  class space    used 3627K, capacity 3790K, committed 3840K, reserved 1048576K
}
2017-06-28T15:26:05.106-0500: 1992.560: Total time for which application threads were stopped: 0.0186885 seconds, Stopping threads took: 0.0000196 seconds
2017-06-28T15:26:05.107-0500: 1992.560: Total time for which application threads were stopped: 0.0001690 seconds, Stopping threads took: 0.0000649 seconds
2017-06-28T15:26:05.212-0500: 1992.666: Total time for which application threads were stopped: 0.0001609 seconds, Stopping threads took: 0.0000602 seconds
2017-06-28T15:26:05.242-0500: 1992.695: Total time for which application threads were stopped: 0.0001092 seconds, Stopping threads took: 0.0000203 seconds
2017-06-28T15:26:05.242-0500: 1992.696: Total time for which application threads were stopped: 0.0000854 seconds, Stopping threads took: 0.0000172 seconds
2017-06-28T15:26:05.242-0500: 1992.696: Total time for which application threads were stopped: 0.0000806 seconds, Stopping threads took: 0.0000120 seconds
2017-06-28T15:26:05.243-0500: 1992.696: Total time for which application threads were stopped: 0.0000769 seconds, Stopping threads took: 0.0000117 seconds
2017-06-28T15:26:05.245-0500: 1992.698: Total time for which application threads were stopped: 0.0001382 seconds, Stopping threads took: 0.0000644 seconds
2017-06-28T15:26:05.249-0500: 1992.703: Total time for which application threads were stopped: 0.0001346 seconds, Stopping threads took: 0.0000470 seconds
2017-06-28T15:26:05.250-0500: 1992.703: Total time for which application threads were stopped: 0.0001029 seconds, Stopping threads took: 0.0000247 seconds
2017-06-28T15:26:05.250-0500: 1992.704: Total time for which application threads were stopped: 0.0001398 seconds, Stopping threads took: 0.0000406 seconds
2017-06-28T15:26:05.269-0500: 1992.723: Total time for which application threads were stopped: 0.0001047 seconds, Stopping threads took: 0.0000205 seconds
2017-06-28T15:26:05.272-0500: 1992.725: Total time for which application threads were stopped: 0.0001541 seconds, Stopping threads took: 0.0000634 seconds
2017-06-28T15:26:05.272-0500: 1992.725: Total time for which application threads were stopped: 0.0001051 seconds, Stopping threads took: 0.0000298 seconds
2017-06-28T15:26:05.272-0500: 1992.726: Total time for which application threads were stopped: 0.0001257 seconds, Stopping threads took: 0.0000514 seconds
2017-06-28T15:26:05.273-0500: 1992.726: Total time for which application threads were stopped: 0.0000951 seconds, Stopping threads took: 0.0000370 seconds
2017-06-28T15:26:05.273-0500: 1992.726: Total time for which application threads were stopped: 0.0000727 seconds, Stopping threads took: 0.0000241 seconds
2017-06-28T15:26:05.273-0500: 1992.726: Total time for which application threads were stopped: 0.0001020 seconds, Stopping threads took: 0.0000378 seconds
2017-06-28T15:26:05.273-0500: 1992.727: Total time for which application threads were stopped: 0.0000743 seconds, Stopping threads took: 0.0000258 seconds
2017-06-28T15:26:05.273-0500: 1992.727: Total time for which application threads were stopped: 0.0000663 seconds, Stopping threads took: 0.0000184 seconds
2017-06-28T15:26:05.273-0500: 1992.727: Total time for which application threads were stopped: 0.0000892 seconds, Stopping threads took: 0.0000348 seconds
2017-06-28T15:26:05.277-0500: 1992.731: Total time for which application threads were stopped: 0.0001635 seconds, Stopping threads took: 0.0000518 seconds
2017-06-28T15:26:05.278-0500: 1992.732: Total time for which application threads were stopped: 0.0001401 seconds, Stopping threads took: 0.0000393 seconds
2017-06-28T15:26:05.282-0500: 1992.736: Total time for which application threads were stopped: 0.0001587 seconds, Stopping threads took: 0.0000557 seconds
2017-06-28T15:26:05.292-0500: 1992.745: Total time for which application threads were stopped: 0.0002560 seconds, Stopping threads took: 0.0000535 seconds
2017-06-28T15:26:05.303-0500: 1992.756: Total time for which application threads were stopped: 0.0003621 seconds, Stopping threads took: 0.0002609 seconds
2017-06-28T15:26:05.306-0500: 1992.760: Total time for which application threads were stopped: 0.0001350 seconds, Stopping threads took: 0.0000439 seconds
2017-06-28T15:26:05.307-0500: 1992.760: Total time for which application threads were stopped: 0.0001277 seconds, Stopping threads took: 0.0000517 seconds
2017-06-28T15:26:05.307-0500: 1992.761: Total time for which application threads were stopped: 0.0001560 seconds, Stopping threads took: 0.0001011 seconds
2017-06-28T15:26:05.312-0500: 1992.766: Total time for which application threads were stopped: 0.0051912 seconds, Stopping threads took: 0.0050124 seconds
2017-06-28T15:26:05.313-0500: 1992.766: Total time for which application threads were stopped: 0.0001385 seconds, Stopping threads took: 0.0000689 seconds
2017-06-28T15:26:05.313-0500: 1992.766: Total time for which application threads were stopped: 0.0001255 seconds, Stopping threads took: 0.0000453 seconds
2017-06-28T15:26:05.313-0500: 1992.766: Total time for which application threads were stopped: 0.0001001 seconds, Stopping threads took: 0.0000530 seconds
2017-06-28T15:26:05.313-0500: 1992.767: Total time for which application threads were stopped: 0.0000928 seconds, Stopping threads took: 0.0000473 seconds
2017-06-28T15:26:05.313-0500: 1992.767: Total time for which application threads were stopped: 0.0001533 seconds, Stopping threads took: 0.0001040 seconds
2017-06-28T15:26:05.313-0500: 1992.767: Total time for which application threads were stopped: 0.0000928 seconds, Stopping threads took: 0.0000386 seconds
2017-06-28T15:26:05.314-0500: 1992.767: Total time for which application threads were stopped: 0.0000969 seconds, Stopping threads took: 0.0000566 seconds
2017-06-28T15:26:05.314-0500: 1992.767: Total time for which application threads were stopped: 0.0000840 seconds, Stopping threads took: 0.0000427 seconds
2017-06-28T15:26:05.314-0500: 1992.767: Total time for which application threads were stopped: 0.0000781 seconds, Stopping threads took: 0.0000312 seconds
2017-06-28T15:26:05.314-0500: 1992.768: Total time for which application threads were stopped: 0.0001052 seconds, Stopping threads took: 0.0000412 seconds
2017-06-28T15:26:05.314-0500: 1992.768: Total time for which application threads were stopped: 0.0000995 seconds, Stopping threads took: 0.0000102 seconds
2017-06-28T15:26:05.317-0500: 1992.771: Total time for which application threads were stopped: 0.0001579 seconds, Stopping threads took: 0.0000475 seconds
2017-06-28T15:26:05.317-0500: 1992.771: Total time for which application threads were stopped: 0.0000866 seconds, Stopping threads took: 0.0000224 seconds
2017-06-28T15:26:05.318-0500: 1992.771: Total time for which application threads were stopped: 0.0000868 seconds, Stopping threads took: 0.0000300 seconds
2017-06-28T15:26:05.318-0500: 1992.771: Total time for which application threads were stopped: 0.0000784 seconds, Stopping threads took: 0.0000102 seconds
2017-06-28T15:26:05.318-0500: 1992.771: Total time for which application threads were stopped: 0.0001469 seconds, Stopping threads took: 0.0000082 seconds
2017-06-28T15:26:05.322-0500: 1992.776: Total time for which application threads were stopped: 0.0001340 seconds, Stopping threads took: 0.0000629 seconds
2017-06-28T15:26:05.323-0500: 1992.776: Total time for which application threads were stopped: 0.0000799 seconds, Stopping threads took: 0.0000272 seconds
2017-06-28T15:26:05.323-0500: 1992.776: Total time for which application threads were stopped: 0.0000992 seconds, Stopping threads took: 0.0000551 seconds
2017-06-28T15:26:05.323-0500: 1992.776: Total time for which application threads were stopped: 0.0000796 seconds, Stopping threads took: 0.0000326 seconds
2017-06-28T15:26:05.323-0500: 1992.777: Total time for which application threads were stopped: 0.0000752 seconds, Stopping threads took: 0.0000221 seconds
2017-06-28T15:26:05.341-0500: 1992.794: Total time for which application threads were stopped: 0.0001791 seconds, Stopping threads took: 0.0000697 seconds
2017-06-28T15:26:05.341-0500: 1992.795: Total time for which application threads were stopped: 0.0001436 seconds, Stopping threads took: 0.0000375 seconds
2017-06-28T15:26:05.342-0500: 1992.795: Total time for which application threads were stopped: 0.0001224 seconds, Stopping threads took: 0.0000315 seconds
2017-06-28T15:26:05.342-0500: 1992.796: Total time for which application threads were stopped: 0.0001037 seconds, Stopping threads took: 0.0000262 seconds
2017-06-28T15:26:05.342-0500: 1992.796: Total time for which application threads were stopped: 0.0000982 seconds, Stopping threads took: 0.0000361 seconds
2017-06-28T15:26:05.343-0500: 1992.796: Total time for which application threads were stopped: 0.0001251 seconds, Stopping threads took: 0.0000436 seconds
2017-06-28T15:26:05.343-0500: 1992.796: Total time for which application threads were stopped: 0.0001538 seconds, Stopping threads took: 0.0000744 seconds
2017-06-28T15:26:05.343-0500: 1992.797: Total time for which application threads were stopped: 0.0001448 seconds, Stopping threads took: 0.0000774 seconds
2017-06-28T15:26:05.343-0500: 1992.797: Total time for which application threads were stopped: 0.0001624 seconds, Stopping threads took: 0.0000701 seconds
2017-06-28T15:26:05.343-0500: 1992.797: Total time for which application threads were stopped: 0.0001221 seconds, Stopping threads took: 0.0000649 seconds
2017-06-28T15:26:05.344-0500: 1992.797: Total time for which application threads were stopped: 0.0001371 seconds, Stopping threads took: 0.0000725 seconds
2017-06-28T15:26:05.344-0500: 1992.797: Total time for which application threads were stopped: 0.0001244 seconds, Stopping threads took: 0.0000616 seconds
2017-06-28T15:26:05.345-0500: 1992.798: Total time for which application threads were stopped: 0.0007159 seconds, Stopping threads took: 0.0005846 seconds
2017-06-28T15:26:05.345-0500: 1992.799: Total time for which application threads were stopped: 0.0001613 seconds, Stopping threads took: 0.0000298 seconds
2017-06-28T15:26:05.345-0500: 1992.799: Total time for which application threads were stopped: 0.0001094 seconds, Stopping threads took: 0.0000129 seconds
2017-06-28T15:26:05.346-0500: 1992.799: Total time for which application threads were stopped: 0.0000985 seconds, Stopping threads took: 0.0000124 seconds
2017-06-28T15:26:05.346-0500: 1992.799: Total time for which application threads were stopped: 0.0000941 seconds, Stopping threads took: 0.0000111 seconds
2017-06-28T15:26:05.346-0500: 1992.800: Total time for which application threads were stopped: 0.0002349 seconds, Stopping threads took: 0.0000108 seconds
2017-06-28T15:26:05.373-0500: 1992.827: Total time for which application threads were stopped: 0.0001614 seconds, Stopping threads took: 0.0000330 seconds
2017-06-28T15:26:05.373-0500: 1992.827: Total time for which application threads were stopped: 0.0001858 seconds, Stopping threads took: 0.0000997 seconds
2017-06-28T15:26:05.374-0500: 1992.827: Total time for which application threads were stopped: 0.0001059 seconds, Stopping threads took: 0.0000267 seconds
2017-06-28T15:26:05.374-0500: 1992.827: Total time for which application threads were stopped: 0.0000918 seconds, Stopping threads took: 0.0000462 seconds
2017-06-28T15:26:05.374-0500: 1992.827: Total time for which application threads were stopped: 0.0000755 seconds, Stopping threads took: 0.0000258 seconds
2017-06-28T15:26:05.374-0500: 1992.828: Total time for which application threads were stopped: 0.0001021 seconds, Stopping threads took: 0.0000603 seconds
2017-06-28T15:26:05.374-0500: 1992.828: Total time for which application threads were stopped: 0.0000689 seconds, Stopping threads took: 0.0000108 seconds
{Heap before GC invocations=11 (full 1):
 par new generation   total 109248K, used 102877K [0x00000007a0000000, 0x00000007a8000000, 0x00000007a8000000)
  eden space 87424K, 100% used [0x00000007a0000000, 0x00000007a5560000, 0x00000007a5560000)
  from space 21824K,  70% used [0x00000007a6ab0000, 0x00000007a79c7450, 0x00000007a8000000)
  to   space 21824K,   0% used [0x00000007a5560000, 0x00000007a5560000, 0x00000007a6ab0000)
 concurrent mark-sweep generation total 393216K, used 5517K [0x00000007a8000000, 0x00000007c0000000, 0x00000007c0000000)
 Metaspace       used 31883K, capacity 32408K, committed 32512K, reserved 1077248K
  class space    used 3651K, capacity 3828K, committed 3840K, reserved 1048576K
2017-06-28T15:26:05.426-0500: 1992.880: [GC (Allocation Failure) 2017-06-28T15:26:05.426-0500: 1992.880: [ParNew
Desired survivor size 20112992 bytes, new threshold 8 (max 8)
- age   1:    3616472 bytes,    3616472 total
- age   2:     153832 bytes,    3770304 total
- age   3:    1523312 bytes,    5293616 total
- age   4:      85104 bytes,    5378720 total
- age   5:     955464 bytes,    6334184 total
- age   6:    2667856 bytes,    9002040 total
- age   7:    1547336 bytes,   10549376 total
- age   8:     161224 bytes,   10710600 total
: 102877K->13077K(109248K), 0.0172150 secs] 108394K->19831K(502464K), 0.0172893 secs] [Times: user=0.05 sys=0.01, real=0.02 secs] 
Heap after GC invocations=12 (full 1):
 par new generation   total 109248K, used 13077K [0x00000007a0000000, 0x00000007a8000000, 0x00000007a8000000)
  eden space 87424K,   0% used [0x00000007a0000000, 0x00000007a0000000, 0x00000007a5560000)
  from space 21824K,  59% used [0x00000007a5560000, 0x00000007a6225650, 0x00000007a6ab0000)
  to   space 21824K,   0% used [0x00000007a6ab0000, 0x00000007a6ab0000, 0x00000007a8000000)
 concurrent mark-sweep generation total 393216K, used 6753K [0x00000007a8000000, 0x00000007c0000000, 0x00000007c0000000)
 Metaspace       used 31883K, capacity 32408K, committed 32512K, reserved 1077248K
  class space    used 3651K, capacity 3828K, committed 3840K, reserved 1048576K
}
2017-06-28T15:26:05.443-0500: 1992.897: Total time for which application threads were stopped: 0.0175552 seconds, Stopping threads took: 0.0000442 seconds
2017-06-28T15:26:05.444-0500: 1992.897: Total time for which application threads were stopped: 0.0001542 seconds, Stopping threads took: 0.0000666 seconds
2017-06-28T15:26:05.444-0500: 1992.898: Total time for which application threads were stopped: 0.0001836 seconds, Stopping threads took: 0.0000686 seconds
{Heap before GC invocations=12 (full 1):
 par new generation   total 109248K, used 100501K [0x00000007a0000000, 0x00000007a8000000, 0x00000007a8000000)
  eden space 87424K, 100% used [0x00000007a0000000, 0x00000007a5560000, 0x00000007a5560000)
  from space 21824K,  59% used [0x00000007a5560000, 0x00000007a6225650, 0x00000007a6ab0000)
  to   space 21824K,   0% used [0x00000007a6ab0000, 0x00000007a6ab0000, 0x00000007a8000000)
 concurrent mark-sweep generation total 393216K, used 6753K [0x00000007a8000000, 0x00000007c0000000, 0x00000007c0000000)
 Metaspace       used 31915K, capacity 32438K, committed 32512K, reserved 1077248K
  class space    used 3653K, capacity 3833K, committed 3840K, reserved 1048576K
2017-06-28T15:26:05.601-0500: 1993.054: [GC (Allocation Failure) 2017-06-28T15:26:05.601-0500: 1993.054: [ParNew
Desired survivor size 20112992 bytes, new threshold 8 (max 8)
- age   1:    1172288 bytes,    1172288 total
- age   2:    3133808 bytes,    4306096 total
- age   3:     153096 bytes,    4459192 total
- age   4:    1522344 bytes,    5981536 total
- age   5:      85104 bytes,    6066640 total
- age   6:     955464 bytes,    7022104 total
- age   7:    2668072 bytes,    9690176 total
- age   8:    1548152 bytes,   11238328 total
: 100501K->12667K(109248K), 0.0131583 secs] 107255K->19581K(502464K), 0.0132478 secs] [Times: user=0.04 sys=0.00, real=0.01 secs] 
Heap after GC invocations=13 (full 1):
 par new generation   total 109248K, used 12667K [0x00000007a0000000, 0x00000007a8000000, 0x00000007a8000000)
  eden space 87424K,   0% used [0x00000007a0000000, 0x00000007a0000000, 0x00000007a5560000)
  from space 21824K,  58% used [0x00000007a6ab0000, 0x00000007a770ecc0, 0x00000007a8000000)
  to   space 21824K,   0% used [0x00000007a5560000, 0x00000007a5560000, 0x00000007a6ab0000)
 concurrent mark-sweep generation total 393216K, used 6914K [0x00000007a8000000, 0x00000007c0000000, 0x00000007c0000000)
 Metaspace       used 31915K, capacity 32438K, committed 32512K, reserved 1077248K
  class space    used 3653K, capacity 3833K, committed 3840K, reserved 1048576K
}
2017-06-28T15:26:05.614-0500: 1993.068: Total time for which application threads were stopped: 0.0134538 seconds, Stopping threads took: 0.0000217 seconds
2017-06-28T15:26:05.614-0500: 1993.068: Total time for which application threads were stopped: 0.0001865 seconds, Stopping threads took: 0.0000829 seconds
{Heap before GC invocations=13 (full 1):
 par new generation   total 109248K, used 100091K [0x00000007a0000000, 0x00000007a8000000, 0x00000007a8000000)
  eden space 87424K, 100% used [0x00000007a0000000, 0x00000007a5560000, 0x00000007a5560000)
  from space 21824K,  58% used [0x00000007a6ab0000, 0x00000007a770ecc0, 0x00000007a8000000)
  to   space 21824K,   0% used [0x00000007a5560000, 0x00000007a5560000, 0x00000007a6ab0000)
 concurrent mark-sweep generation total 393216K, used 6914K [0x00000007a8000000, 0x00000007c0000000, 0x00000007c0000000)
 Metaspace       used 31942K, capacity 32514K, committed 32768K, reserved 1079296K
  class space    used 3654K, capacity 3835K, committed 3840K, reserved 1048576K
2017-06-28T15:26:05.779-0500: 1993.232: [GC (Allocation Failure) 2017-06-28T15:26:05.779-0500: 1993.232: [ParNew
Desired survivor size 20112992 bytes, new threshold 8 (max 8)
- age   1:     500232 bytes,     500232 total
- age   2:     154680 bytes,     654912 total
- age   3:    3123984 bytes,    3778896 total
- age   4:     153032 bytes,    3931928 total
- age   5:    1522344 bytes,    5454272 total
- age   6:      85104 bytes,    5539376 total
- age   7:     955464 bytes,    6494840 total
- age   8:    2667880 bytes,    9162720 total
: 100091K->13647K(109248K), 0.0196609 secs] 107005K->22092K(502464K), 0.0197402 secs] [Times: user=0.06 sys=0.01, real=0.02 secs] 
Heap after GC invocations=14 (full 1):
 par new generation   total 109248K, used 13647K [0x00000007a0000000, 0x00000007a8000000, 0x00000007a8000000)
  eden space 87424K,   0% used [0x00000007a0000000, 0x00000007a0000000, 0x00000007a5560000)
  from space 21824K,  62% used [0x00000007a5560000, 0x00000007a62b3d40, 0x00000007a6ab0000)
  to   space 21824K,   0% used [0x00000007a6ab0000, 0x00000007a6ab0000, 0x00000007a8000000)
 concurrent mark-sweep generation total 393216K, used 8445K [0x00000007a8000000, 0x00000007c0000000, 0x00000007c0000000)
 Metaspace       used 31942K, capacity 32514K, committed 32768K, reserved 1079296K
  class space    used 3654K, capacity 3835K, committed 3840K, reserved 1048576K
}
2017-06-28T15:26:05.799-0500: 1993.252: Total time for which application threads were stopped: 0.0199861 seconds, Stopping threads took: 0.0000242 seconds
2017-06-28T15:26:05.846-0500: 1993.299: Total time for which application threads were stopped: 0.0001739 seconds, Stopping threads took: 0.0000368 seconds
2017-06-28T15:26:05.847-0500: 1993.300: Total time for which application threads were stopped: 0.0001154 seconds, Stopping threads took: 0.0000204 seconds
2017-06-28T15:26:05.847-0500: 1993.301: Total time for which application threads were stopped: 0.0000568 seconds, Stopping threads took: 0.0000102 seconds
2017-06-28T15:26:05.847-0500: 1993.301: Total time for which application threads were stopped: 0.0000652 seconds, Stopping threads took: 0.0000096 seconds
2017-06-28T15:26:05.847-0500: 1993.301: Total time for which application threads were stopped: 0.0000488 seconds, Stopping threads took: 0.0000087 seconds
2017-06-28T15:26:05.847-0500: 1993.301: Total time for which application threads were stopped: 0.0000640 seconds, Stopping threads took: 0.0000100 seconds
2017-06-28T15:26:05.847-0500: 1993.301: Total time for which application threads were stopped: 0.0000481 seconds, Stopping threads took: 0.0000088 seconds
2017-06-28T15:26:05.848-0500: 1993.301: Total time for which application threads were stopped: 0.0000618 seconds, Stopping threads took: 0.0000098 seconds
2017-06-28T15:26:05.848-0500: 1993.301: Total time for which application threads were stopped: 0.0001408 seconds, Stopping threads took: 0.0000088 seconds
2017-06-28T15:26:05.859-0500: 1993.313: Total time for which application threads were stopped: 0.0001246 seconds, Stopping threads took: 0.0000363 seconds
2017-06-28T15:26:05.866-0500: 1993.320: Total time for which application threads were stopped: 0.0001497 seconds, Stopping threads took: 0.0000419 seconds
2017-06-28T15:26:05.868-0500: 1993.321: Total time for which application threads were stopped: 0.0001565 seconds, Stopping threads took: 0.0000501 seconds
2017-06-28T15:26:05.870-0500: 1993.324: Total time for which application threads were stopped: 0.0001604 seconds, Stopping threads took: 0.0000507 seconds
2017-06-28T15:26:05.875-0500: 1993.329: Total time for which application threads were stopped: 0.0001471 seconds, Stopping threads took: 0.0000413 seconds
2017-06-28T15:26:05.876-0500: 1993.330: Total time for which application threads were stopped: 0.0001158 seconds, Stopping threads took: 0.0000218 seconds
2017-06-28T15:26:05.877-0500: 1993.330: Total time for which application threads were stopped: 0.0000993 seconds, Stopping threads took: 0.0000382 seconds
2017-06-28T15:26:05.907-0500: 1993.361: Total time for which application threads were stopped: 0.0002515 seconds, Stopping threads took: 0.0001018 seconds
2017-06-28T15:26:05.907-0500: 1993.361: Total time for which application threads were stopped: 0.0001488 seconds, Stopping threads took: 0.0000712 seconds
2017-06-28T15:26:05.907-0500: 1993.361: Total time for which application threads were stopped: 0.0001413 seconds, Stopping threads took: 0.0000619 seconds
2017-06-28T15:26:05.908-0500: 1993.361: Total time for which application threads were stopped: 0.0001040 seconds, Stopping threads took: 0.0000486 seconds
2017-06-28T15:26:05.908-0500: 1993.361: Total time for which application threads were stopped: 0.0001382 seconds, Stopping threads took: 0.0000595 seconds
2017-06-28T15:26:05.922-0500: 1993.376: Total time for which application threads were stopped: 0.0001226 seconds, Stopping threads took: 0.0000213 seconds
2017-06-28T15:26:05.923-0500: 1993.377: Total time for which application threads were stopped: 0.0001459 seconds, Stopping threads took: 0.0000650 seconds
{Heap before GC invocations=14 (full 1):
 par new generation   total 109248K, used 101071K [0x00000007a0000000, 0x00000007a8000000, 0x00000007a8000000)
  eden space 87424K, 100% used [0x00000007a0000000, 0x00000007a5560000, 0x00000007a5560000)
  from space 21824K,  62% used [0x00000007a5560000, 0x00000007a62b3d40, 0x00000007a6ab0000)
  to   space 21824K,   0% used [0x00000007a6ab0000, 0x00000007a6ab0000, 0x00000007a8000000)
 concurrent mark-sweep generation total 393216K, used 8445K [0x00000007a8000000, 0x00000007c0000000, 0x00000007c0000000)
 Metaspace       used 32071K, capacity 32672K, committed 32896K, reserved 1079296K
  class space    used 3663K, capacity 3846K, committed 3968K, reserved 1048576K
2017-06-28T15:26:06.051-0500: 1993.505: [GC (Allocation Failure) 2017-06-28T15:26:06.051-0500: 1993.505: [ParNew
Desired survivor size 20112992 bytes, new threshold 8 (max 8)
- age   1:    2585808 bytes,    2585808 total
- age   2:     328320 bytes,    2914128 total
- age   3:     154344 bytes,    3068472 total
- age   4:    3018320 bytes,    6086792 total
- age   5:     153032 bytes,    6239824 total
- age   6:    1521760 bytes,    7761584 total
- age   7:      85104 bytes,    7846688 total
- age   8:     955400 bytes,    8802088 total
: 101071K->9913K(109248K), 0.0158947 secs] 109516K->20968K(502464K), 0.0159860 secs] [Times: user=0.05 sys=0.01, real=0.01 secs] 
Heap after GC invocations=15 (full 1):
 par new generation   total 109248K, used 9913K [0x00000007a0000000, 0x00000007a8000000, 0x00000007a8000000)
  eden space 87424K,   0% used [0x00000007a0000000, 0x00000007a0000000, 0x00000007a5560000)
  from space 21824K,  45% used [0x00000007a6ab0000, 0x00000007a745e548, 0x00000007a8000000)
  to   space 21824K,   0% used [0x00000007a5560000, 0x00000007a5560000, 0x00000007a6ab0000)
 concurrent mark-sweep generation total 393216K, used 11055K [0x00000007a8000000, 0x00000007c0000000, 0x00000007c0000000)
 Metaspace       used 32071K, capacity 32672K, committed 32896K, reserved 1079296K
  class space    used 3663K, capacity 3846K, committed 3968K, reserved 1048576K
}
2017-06-28T15:26:06.067-0500: 1993.521: Total time for which application threads were stopped: 0.0161970 seconds, Stopping threads took: 0.0000223 seconds
2017-06-28T15:26:06.068-0500: 1993.521: Total time for which application threads were stopped: 0.0001639 seconds, Stopping threads took: 0.0000731 seconds
2017-06-28T15:26:06.068-0500: 1993.521: Total time for which application threads were stopped: 0.0001795 seconds, Stopping threads took: 0.0000674 seconds
{Heap before GC invocations=15 (full 1):
 par new generation   total 109248K, used 97337K [0x00000007a0000000, 0x00000007a8000000, 0x00000007a8000000)
  eden space 87424K, 100% used [0x00000007a0000000, 0x00000007a5560000, 0x00000007a5560000)
  from space 21824K,  45% used [0x00000007a6ab0000, 0x00000007a745e548, 0x00000007a8000000)
  to   space 21824K,   0% used [0x00000007a5560000, 0x00000007a5560000, 0x00000007a6ab0000)
 concurrent mark-sweep generation total 393216K, used 11055K [0x00000007a8000000, 0x00000007c0000000, 0x00000007c0000000)
 Metaspace       used 32072K, capacity 32672K, committed 32896K, reserved 1079296K
  class space    used 3663K, capacity 3846K, committed 3968K, reserved 1048576K
2017-06-28T15:26:06.180-0500: 1993.633: [GC (Allocation Failure) 2017-06-28T15:26:06.180-0500: 1993.633: [ParNew
Desired survivor size 20112992 bytes, new threshold 8 (max 8)
- age   1:     140984 bytes,     140984 total
- age   2:    2214088 bytes,    2355072 total
- age   3:     327992 bytes,    2683064 total
- age   4:     154024 bytes,    2837088 total
- age   5:    3017416 bytes,    5854504 total
- age   6:     153032 bytes,    6007536 total
- age   7:    1521680 bytes,    7529216 total
- age   8:      85104 bytes,    7614320 total
: 97337K->12859K(109248K), 0.0153630 secs] 108392K->24856K(502464K), 0.0154406 secs] [Times: user=0.05 sys=0.00, real=0.01 secs] 
Heap after GC invocations=16 (full 1):
 par new generation   total 109248K, used 12859K [0x00000007a0000000, 0x00000007a8000000, 0x00000007a8000000)
  eden space 87424K,   0% used [0x00000007a0000000, 0x00000007a0000000, 0x00000007a5560000)
  from space 21824K,  58% used [0x00000007a5560000, 0x00000007a61eec00, 0x00000007a6ab0000)
  to   space 21824K,   0% used [0x00000007a6ab0000, 0x00000007a6ab0000, 0x00000007a8000000)
 concurrent mark-sweep generation total 393216K, used 11997K [0x00000007a8000000, 0x00000007c0000000, 0x00000007c0000000)
 Metaspace       used 32072K, capacity 32672K, committed 32896K, reserved 1079296K
  class space    used 3663K, capacity 3846K, committed 3968K, reserved 1048576K
}
2017-06-28T15:26:06.195-0500: 1993.649: Total time for which application threads were stopped: 0.0156923 seconds, Stopping threads took: 0.0000240 seconds
2017-06-28T15:26:06.196-0500: 1993.649: Total time for which application threads were stopped: 0.0001988 seconds, Stopping threads took: 0.0000580 seconds
2017-06-28T15:26:06.281-0500: 1993.735: Total time for which application threads were stopped: 0.0001287 seconds, Stopping threads took: 0.0000360 seconds
2017-06-28T15:26:06.283-0500: 1993.736: Total time for which application threads were stopped: 0.0000813 seconds, Stopping threads took: 0.0000154 seconds
2017-06-28T15:26:06.283-0500: 1993.736: Total time for which application threads were stopped: 0.0000720 seconds, Stopping threads took: 0.0000116 seconds
2017-06-28T15:26:06.283-0500: 1993.736: Total time for which application threads were stopped: 0.0000474 seconds, Stopping threads took: 0.0000089 seconds
2017-06-28T15:26:06.283-0500: 1993.736: Total time for which application threads were stopped: 0.0000791 seconds, Stopping threads took: 0.0000100 seconds
2017-06-28T15:26:06.283-0500: 1993.737: Total time for which application threads were stopped: 0.0000649 seconds, Stopping threads took: 0.0000103 seconds
2017-06-28T15:26:06.283-0500: 1993.737: Total time for which application threads were stopped: 0.0000496 seconds, Stopping threads took: 0.0000091 seconds
2017-06-28T15:26:06.283-0500: 1993.737: Total time for which application threads were stopped: 0.0000522 seconds, Stopping threads took: 0.0000095 seconds
2017-06-28T15:26:06.306-0500: 1993.759: Total time for which application threads were stopped: 0.0001385 seconds, Stopping threads took: 0.0000447 seconds
2017-06-28T15:26:06.311-0500: 1993.764: Total time for which application threads were stopped: 0.0001199 seconds, Stopping threads took: 0.0000219 seconds
2017-06-28T15:26:06.311-0500: 1993.765: Total time for which application threads were stopped: 0.0000765 seconds, Stopping threads took: 0.0000127 seconds
2017-06-28T15:26:06.333-0500: 1993.787: Total time for which application threads were stopped: 0.0001616 seconds, Stopping threads took: 0.0000419 seconds
2017-06-28T15:26:06.333-0500: 1993.787: Total time for which application threads were stopped: 0.0001044 seconds, Stopping threads took: 0.0000378 seconds
2017-06-28T15:26:06.333-0500: 1993.787: Total time for which application threads were stopped: 0.0001003 seconds, Stopping threads took: 0.0000472 seconds
2017-06-28T15:26:06.334-0500: 1993.787: Total time for which application threads were stopped: 0.0001167 seconds, Stopping threads took: 0.0000756 seconds
2017-06-28T15:26:06.334-0500: 1993.787: Total time for which application threads were stopped: 0.0000663 seconds, Stopping threads took: 0.0000222 seconds
2017-06-28T15:26:06.334-0500: 1993.787: Total time for which application threads were stopped: 0.0000555 seconds, Stopping threads took: 0.0000108 seconds
2017-06-28T15:26:06.334-0500: 1993.787: Total time for which application threads were stopped: 0.0000705 seconds, Stopping threads took: 0.0000301 seconds
2017-06-28T15:26:07.012-0500: 1994.466: Total time for which application threads were stopped: 0.0001005 seconds, Stopping threads took: 0.0000211 seconds
2017-06-28T15:26:07.027-0500: 1994.480: Total time for which application threads were stopped: 0.0000929 seconds, Stopping threads took: 0.0000193 seconds
{Heap before GC invocations=16 (full 1):
 par new generation   total 109248K, used 100283K [0x00000007a0000000, 0x00000007a8000000, 0x00000007a8000000)
  eden space 87424K, 100% used [0x00000007a0000000, 0x00000007a5560000, 0x00000007a5560000)
  from space 21824K,  58% used [0x00000007a5560000, 0x00000007a61eec00, 0x00000007a6ab0000)
  to   space 21824K,   0% used [0x00000007a6ab0000, 0x00000007a6ab0000, 0x00000007a8000000)
 concurrent mark-sweep generation total 393216K, used 11997K [0x00000007a8000000, 0x00000007c0000000, 0x00000007c0000000)
 Metaspace       used 32206K, capacity 32772K, committed 33152K, reserved 1079296K
  class space    used 3671K, capacity 3858K, committed 3968K, reserved 1048576K
2017-06-28T15:26:07.125-0500: 1994.579: [GC (Allocation Failure) 2017-06-28T15:26:07.125-0500: 1994.579: [ParNew
Desired survivor size 20112992 bytes, new threshold 8 (max 8)
- age   1:    2883104 bytes,    2883104 total
- age   2:      72272 bytes,    2955376 total
- age   3:    1289664 bytes,    4245040 total
- age   4:     327992 bytes,    4573032 total
- age   5:     154024 bytes,    4727056 total
- age   6:    3017320 bytes,    7744376 total
- age   7:     149408 bytes,    7893784 total
- age   8:    1521160 bytes,    9414944 total
: 100283K->10163K(109248K), 0.0162166 secs] 112280K->22246K(502464K), 0.0163006 secs] [Times: user=0.06 sys=0.00, real=0.02 secs] 
Heap after GC invocations=17 (full 1):
 par new generation   total 109248K, used 10163K [0x00000007a0000000, 0x00000007a8000000, 0x00000007a8000000)
  eden space 87424K,   0% used [0x00000007a0000000, 0x00000007a0000000, 0x00000007a5560000)
  from space 21824K,  46% used [0x00000007a6ab0000, 0x00000007a749cfa8, 0x00000007a8000000)
  to   space 21824K,   0% used [0x00000007a5560000, 0x00000007a5560000, 0x00000007a6ab0000)
 concurrent mark-sweep generation total 393216K, used 12082K [0x00000007a8000000, 0x00000007c0000000, 0x00000007c0000000)
 Metaspace       used 32206K, capacity 32772K, committed 33152K, reserved 1079296K
  class space    used 3671K, capacity 3858K, committed 3968K, reserved 1048576K
}
2017-06-28T15:26:07.141-0500: 1994.595: Total time for which application threads were stopped: 0.0165319 seconds, Stopping threads took: 0.0000250 seconds
2017-06-28T15:26:07.142-0500: 1994.595: Total time for which application threads were stopped: 0.0002542 seconds, Stopping threads took: 0.0000820 seconds
2017-06-28T15:26:07.142-0500: 1994.596: Total time for which application threads were stopped: 0.0001286 seconds, Stopping threads took: 0.0000521 seconds
{Heap before GC invocations=17 (full 1):
 par new generation   total 109248K, used 97587K [0x00000007a0000000, 0x00000007a8000000, 0x00000007a8000000)
  eden space 87424K, 100% used [0x00000007a0000000, 0x00000007a5560000, 0x00000007a5560000)
  from space 21824K,  46% used [0x00000007a6ab0000, 0x00000007a749cfa8, 0x00000007a8000000)
  to   space 21824K,   0% used [0x00000007a5560000, 0x00000007a5560000, 0x00000007a6ab0000)
 concurrent mark-sweep generation total 393216K, used 12082K [0x00000007a8000000, 0x00000007c0000000, 0x00000007c0000000)
 Metaspace       used 32210K, capacity 32772K, committed 33152K, reserved 1079296K
  class space    used 3671K, capacity 3858K, committed 3968K, reserved 1048576K
2017-06-28T15:26:07.271-0500: 1994.725: [GC (Allocation Failure) 2017-06-28T15:26:07.271-0500: 1994.725: [ParNew
Desired survivor size 20112992 bytes, new threshold 8 (max 8)
- age   1:      80616 bytes,      80616 total
- age   2:    2433344 bytes,    2513960 total
- age   3:      72272 bytes,    2586232 total
- age   4:    1288440 bytes,    3874672 total
- age   5:     327992 bytes,    4202664 total
- age   6:     154088 bytes,    4356752 total
- age   7:    3017320 bytes,    7374072 total
- age   8:     149408 bytes,    7523480 total
: 97587K->9774K(109248K), 0.0168006 secs] 109670K->23360K(502464K), 0.0168852 secs] [Times: user=0.06 sys=0.00, real=0.01 secs] 
Heap after GC invocations=18 (full 1):
 par new generation   total 109248K, used 9774K [0x00000007a0000000, 0x00000007a8000000, 0x00000007a8000000)
  eden space 87424K,   0% used [0x00000007a0000000, 0x00000007a0000000, 0x00000007a5560000)
  from space 21824K,  44% used [0x00000007a5560000, 0x00000007a5eebac0, 0x00000007a6ab0000)
  to   space 21824K,   0% used [0x00000007a6ab0000, 0x00000007a6ab0000, 0x00000007a8000000)
 concurrent mark-sweep generation total 393216K, used 13585K [0x00000007a8000000, 0x00000007c0000000, 0x00000007c0000000)
 Metaspace       used 32210K, capacity 32772K, committed 33152K, reserved 1079296K
  class space    used 3671K, capacity 3858K, committed 3968K, reserved 1048576K
}
2017-06-28T15:26:07.288-0500: 1994.742: Total time for which application threads were stopped: 0.0170817 seconds, Stopping threads took: 0.0000220 seconds
2017-06-28T15:26:07.289-0500: 1994.742: Total time for which application threads were stopped: 0.0002060 seconds, Stopping threads took: 0.0000978 seconds
2017-06-28T15:26:07.406-0500: 1994.859: Total time for which application threads were stopped: 0.0002220 seconds, Stopping threads took: 0.0000520 seconds
2017-06-28T15:26:07.406-0500: 1994.860: Total time for which application threads were stopped: 0.0001025 seconds, Stopping threads took: 0.0000151 seconds
2017-06-28T15:26:07.406-0500: 1994.860: Total time for which application threads were stopped: 0.0000777 seconds, Stopping threads took: 0.0000114 seconds
2017-06-28T15:26:07.406-0500: 1994.860: Total time for which application threads were stopped: 0.0000666 seconds, Stopping threads took: 0.0000096 seconds
2017-06-28T15:26:07.407-0500: 1994.860: Total time for which application threads were stopped: 0.0000678 seconds, Stopping threads took: 0.0000105 seconds
2017-06-28T15:26:07.407-0500: 1994.860: Total time for which application threads were stopped: 0.0000653 seconds, Stopping threads took: 0.0000098 seconds
2017-06-28T15:26:07.407-0500: 1994.860: Total time for which application threads were stopped: 0.0000658 seconds, Stopping threads took: 0.0000106 seconds
2017-06-28T15:26:07.407-0500: 1994.861: Total time for which application threads were stopped: 0.0000690 seconds, Stopping threads took: 0.0000099 seconds
2017-06-28T15:26:07.426-0500: 1994.880: Total time for which application threads were stopped: 0.0002079 seconds, Stopping threads took: 0.0001101 seconds
2017-06-28T15:26:07.431-0500: 1994.885: Total time for which application threads were stopped: 0.0001313 seconds, Stopping threads took: 0.0000215 seconds
2017-06-28T15:26:07.434-0500: 1994.887: Total time for which application threads were stopped: 0.0001256 seconds, Stopping threads took: 0.0000219 seconds
2017-06-28T15:26:07.464-0500: 1994.917: Total time for which application threads were stopped: 0.0001279 seconds, Stopping threads took: 0.0000234 seconds
2017-06-28T15:26:07.467-0500: 1994.921: Total time for which application threads were stopped: 0.0001371 seconds, Stopping threads took: 0.0000321 seconds
2017-06-28T15:26:07.475-0500: 1994.928: Total time for which application threads were stopped: 0.0001430 seconds, Stopping threads took: 0.0000394 seconds
2017-06-28T15:26:07.478-0500: 1994.931: Total time for which application threads were stopped: 0.0001721 seconds, Stopping threads took: 0.0000565 seconds
2017-06-28T15:26:07.488-0500: 1994.942: Total time for which application threads were stopped: 0.0003509 seconds, Stopping threads took: 0.0002358 seconds
2017-06-28T15:26:07.490-0500: 1994.943: Total time for which application threads were stopped: 0.0002885 seconds, Stopping threads took: 0.0000493 seconds
{Heap before GC invocations=18 (full 1):
 par new generation   total 109248K, used 97198K [0x00000007a0000000, 0x00000007a8000000, 0x00000007a8000000)
  eden space 87424K, 100% used [0x00000007a0000000, 0x00000007a5560000, 0x00000007a5560000)
  from space 21824K,  44% used [0x00000007a5560000, 0x00000007a5eebac0, 0x00000007a6ab0000)
  to   space 21824K,   0% used [0x00000007a6ab0000, 0x00000007a6ab0000, 0x00000007a8000000)
 concurrent mark-sweep generation total 393216K, used 13585K [0x00000007a8000000, 0x00000007c0000000, 0x00000007c0000000)
 Metaspace       used 32323K, capacity 32976K, committed 33152K, reserved 1079296K
  class space    used 3678K, capacity 3866K, committed 3968K, reserved 1048576K
2017-06-28T15:26:07.550-0500: 1995.003: [GC (Allocation Failure) 2017-06-28T15:26:07.550-0500: 1995.003: [ParNew
Desired survivor size 20112992 bytes, new threshold 8 (max 8)
- age   1:    2015024 bytes,    2015024 total
- age   2:      77752 bytes,    2092776 total
- age   3:    1505512 bytes,    3598288 total
- age   4:      72272 bytes,    3670560 total
- age   5:    1288344 bytes,    4958904 total
- age   6:     327992 bytes,    5286896 total
- age   7:     154008 bytes,    5440904 total
- age   8:    3017248 bytes,    8458152 total
: 97198K->10597K(109248K), 0.0126437 secs] 110784K->24331K(502464K), 0.0127041 secs] [Times: user=0.04 sys=0.00, real=0.01 secs] 
Heap after GC invocations=19 (full 1):
 par new generation   total 109248K, used 10597K [0x00000007a0000000, 0x00000007a8000000, 0x00000007a8000000)
  eden space 87424K,   0% used [0x00000007a0000000, 0x00000007a0000000, 0x00000007a5560000)
  from space 21824K,  48% used [0x00000007a6ab0000, 0x00000007a75096d8, 0x00000007a8000000)
  to   space 21824K,   0% used [0x00000007a5560000, 0x00000007a5560000, 0x00000007a6ab0000)
 concurrent mark-sweep generation total 393216K, used 13733K [0x00000007a8000000, 0x00000007c0000000, 0x00000007c0000000)
 Metaspace       used 32323K, capacity 32976K, committed 33152K, reserved 1079296K
  class space    used 3678K, capacity 3866K, committed 3968K, reserved 1048576K
}
2017-06-28T15:26:07.562-0500: 1995.016: Total time for which application threads were stopped: 0.0129613 seconds, Stopping threads took: 0.0000444 seconds
2017-06-28T15:26:07.563-0500: 1995.016: Total time for which application threads were stopped: 0.0002509 seconds, Stopping threads took: 0.0000908 seconds
2017-06-28T15:26:07.563-0500: 1995.017: Total time for which application threads were stopped: 0.0001349 seconds, Stopping threads took: 0.0000581 seconds
{Heap before GC invocations=19 (full 1):
 par new generation   total 109248K, used 98021K [0x00000007a0000000, 0x00000007a8000000, 0x00000007a8000000)
  eden space 87424K, 100% used [0x00000007a0000000, 0x00000007a5560000, 0x00000007a5560000)
  from space 21824K,  48% used [0x00000007a6ab0000, 0x00000007a75096d8, 0x00000007a8000000)
  to   space 21824K,   0% used [0x00000007a5560000, 0x00000007a5560000, 0x00000007a6ab0000)
 concurrent mark-sweep generation total 393216K, used 13733K [0x00000007a8000000, 0x00000007c0000000, 0x00000007c0000000)
 Metaspace       used 32331K, capacity 32976K, committed 33152K, reserved 1079296K
  class space    used 3678K, capacity 3866K, committed 3968K, reserved 1048576K
2017-06-28T15:26:07.679-0500: 1995.132: [GC (Allocation Failure) 2017-06-28T15:26:07.679-0500: 1995.132: [ParNew
Desired survivor size 20112992 bytes, new threshold 8 (max 8)
- age   1:    1426288 bytes,    1426288 total
- age   2:    1513288 bytes,    2939576 total
- age   3:      77752 bytes,    3017328 total
- age   4:    1504272 bytes,    4521600 total
- age   5:      72272 bytes,    4593872 total
- age   6:    1288328 bytes,    5882200 total
- age   7:     327992 bytes,    6210192 total
- age   8:     154008 bytes,    6364200 total
: 98021K->11058K(109248K), 0.0193870 secs] 111755K->27750K(502464K), 0.0194859 secs] [Times: user=0.05 sys=0.00, real=0.02 secs] 
Heap after GC invocations=20 (full 1):
 par new generation   total 109248K, used 11058K [0x00000007a0000000, 0x00000007a8000000, 0x00000007a8000000)
  eden space 87424K,   0% used [0x00000007a0000000, 0x00000007a0000000, 0x00000007a5560000)
  from space 21824K,  50% used [0x00000007a5560000, 0x00000007a602caa0, 0x00000007a6ab0000)
  to   space 21824K,   0% used [0x00000007a6ab0000, 0x00000007a6ab0000, 0x00000007a8000000)
 concurrent mark-sweep generation total 393216K, used 16692K [0x00000007a8000000, 0x00000007c0000000, 0x00000007c0000000)
 Metaspace       used 32331K, capacity 32976K, committed 33152K, reserved 1079296K
  class space    used 3678K, capacity 3866K, committed 3968K, reserved 1048576K
}
2017-06-28T15:26:07.698-0500: 1995.152: Total time for which application threads were stopped: 0.0197480 seconds, Stopping threads took: 0.0000612 seconds
2017-06-28T15:26:07.699-0500: 1995.152: Total time for which application threads were stopped: 0.0002015 seconds, Stopping threads took: 0.0000910 seconds
2017-06-28T15:26:07.842-0500: 1995.295: Total time for which application threads were stopped: 0.0001773 seconds, Stopping threads took: 0.0000457 seconds
2017-06-28T15:26:07.843-0500: 1995.296: Total time for which application threads were stopped: 0.0000832 seconds, Stopping threads took: 0.0000207 seconds
2017-06-28T15:26:07.843-0500: 1995.296: Total time for which application threads were stopped: 0.0000486 seconds, Stopping threads took: 0.0000093 seconds
2017-06-28T15:26:07.843-0500: 1995.296: Total time for which application threads were stopped: 0.0000564 seconds, Stopping threads took: 0.0000102 seconds
2017-06-28T15:26:07.843-0500: 1995.297: Total time for which application threads were stopped: 0.0000615 seconds, Stopping threads took: 0.0000259 seconds
2017-06-28T15:26:07.843-0500: 1995.297: Total time for which application threads were stopped: 0.0000619 seconds, Stopping threads took: 0.0000182 seconds
2017-06-28T15:26:07.843-0500: 1995.297: Total time for which application threads were stopped: 0.0000432 seconds, Stopping threads took: 0.0000080 seconds
2017-06-28T15:26:07.861-0500: 1995.315: Total time for which application threads were stopped: 0.0002026 seconds, Stopping threads took: 0.0000979 seconds
2017-06-28T15:26:07.868-0500: 1995.321: Total time for which application threads were stopped: 0.0001225 seconds, Stopping threads took: 0.0000217 seconds
2017-06-28T15:26:07.868-0500: 1995.322: Total time for which application threads were stopped: 0.0000819 seconds, Stopping threads took: 0.0000137 seconds
2017-06-28T15:26:07.889-0500: 1995.342: Total time for which application threads were stopped: 0.0001680 seconds, Stopping threads took: 0.0000558 seconds
2017-06-28T15:26:07.903-0500: 1995.357: Total time for which application threads were stopped: 0.0001463 seconds, Stopping threads took: 0.0000426 seconds
2017-06-28T15:26:07.911-0500: 1995.364: Total time for which application threads were stopped: 0.0001479 seconds, Stopping threads took: 0.0000360 seconds
{Heap before GC invocations=20 (full 1):
 par new generation   total 109248K, used 98482K [0x00000007a0000000, 0x00000007a8000000, 0x00000007a8000000)
  eden space 87424K, 100% used [0x00000007a0000000, 0x00000007a5560000, 0x00000007a5560000)
  from space 21824K,  50% used [0x00000007a5560000, 0x00000007a602caa0, 0x00000007a6ab0000)
  to   space 21824K,   0% used [0x00000007a6ab0000, 0x00000007a6ab0000, 0x00000007a8000000)
 concurrent mark-sweep generation total 393216K, used 16692K [0x00000007a8000000, 0x00000007c0000000, 0x00000007c0000000)
 Metaspace       used 32448K, capacity 33052K, committed 33408K, reserved 1079296K
  class space    used 3684K, capacity 3874K, committed 3968K, reserved 1048576K
2017-06-28T15:26:07.941-0500: 1995.395: [GC (Allocation Failure) 2017-06-28T15:26:07.941-0500: 1995.395: [ParNew
Desired survivor size 20112992 bytes, new threshold 8 (max 8)
- age   1:    1832520 bytes,    1832520 total
- age   2:     137080 bytes,    1969600 total
- age   3:    1437032 bytes,    3406632 total
- age   4:      74128 bytes,    3480760 total
- age   5:    1504176 bytes,    4984936 total
- age   6:      72272 bytes,    5057208 total
- age   7:    1288000 bytes,    6345208 total
- age   8:     327992 bytes,    6673200 total
: 98482K->8491K(109248K), 0.0114891 secs] 115174K->25336K(502464K), 0.0115940 secs] [Times: user=0.04 sys=0.00, real=0.01 secs] 
Heap after GC invocations=21 (full 1):
 par new generation   total 109248K, used 8491K [0x00000007a0000000, 0x00000007a8000000, 0x00000007a8000000)
  eden space 87424K,   0% used [0x00000007a0000000, 0x00000007a0000000, 0x00000007a5560000)
  from space 21824K,  38% used [0x00000007a6ab0000, 0x00000007a72faee0, 0x00000007a8000000)
  to   space 21824K,   0% used [0x00000007a5560000, 0x00000007a5560000, 0x00000007a6ab0000)
 concurrent mark-sweep generation total 393216K, used 16844K [0x00000007a8000000, 0x00000007c0000000, 0x00000007c0000000)
 Metaspace       used 32448K, capacity 33052K, committed 33408K, reserved 1079296K
  class space    used 3684K, capacity 3874K, committed 3968K, reserved 1048576K
}
2017-06-28T15:26:07.953-0500: 1995.407: Total time for which application threads were stopped: 0.0118192 seconds, Stopping threads took: 0.0000245 seconds
2017-06-28T15:26:07.953-0500: 1995.407: Total time for which application threads were stopped: 0.0001672 seconds, Stopping threads took: 0.0000670 seconds
2017-06-28T15:26:07.954-0500: 1995.407: Total time for which application threads were stopped: 0.0001587 seconds, Stopping threads took: 0.0000643 seconds
{Heap before GC invocations=21 (full 1):
 par new generation   total 109248K, used 95915K [0x00000007a0000000, 0x00000007a8000000, 0x00000007a8000000)
  eden space 87424K, 100% used [0x00000007a0000000, 0x00000007a5560000, 0x00000007a5560000)
  from space 21824K,  38% used [0x00000007a6ab0000, 0x00000007a72faee0, 0x00000007a8000000)
  to   space 21824K,   0% used [0x00000007a5560000, 0x00000007a5560000, 0x00000007a6ab0000)
 concurrent mark-sweep generation total 393216K, used 16844K [0x00000007a8000000, 0x00000007c0000000, 0x00000007c0000000)
 Metaspace       used 32463K, capacity 33070K, committed 33408K, reserved 1079296K
  class space    used 3686K, capacity 3877K, committed 3968K, reserved 1048576K
2017-06-28T15:26:08.070-0500: 1995.523: [GC (Allocation Failure) 2017-06-28T15:26:08.070-0500: 1995.523: [ParNew
Desired survivor size 20112992 bytes, new threshold 8 (max 8)
- age   1:    1003736 bytes,    1003736 total
- age   2:    1485944 bytes,    2489680 total
- age   3:     136760 bytes,    2626440 total
- age   4:    1436168 bytes,    4062608 total
- age   5:      74128 bytes,    4136736 total
- age   6:    1504008 bytes,    5640744 total
- age   7:      72272 bytes,    5713016 total
- age   8:    1287952 bytes,    7000968 total
: 95915K->9055K(109248K), 0.0124251 secs] 112760K->26223K(502464K), 0.0125275 secs] [Times: user=0.04 sys=0.00, real=0.01 secs] 
Heap after GC invocations=22 (full 1):
 par new generation   total 109248K, used 9055K [0x00000007a0000000, 0x00000007a8000000, 0x00000007a8000000)
  eden space 87424K,   0% used [0x00000007a0000000, 0x00000007a0000000, 0x00000007a5560000)
  from space 21824K,  41% used [0x00000007a5560000, 0x00000007a5e37ea8, 0x00000007a6ab0000)
  to   space 21824K,   0% used [0x00000007a6ab0000, 0x00000007a6ab0000, 0x00000007a8000000)
 concurrent mark-sweep generation total 393216K, used 17167K [0x00000007a8000000, 0x00000007c0000000, 0x00000007c0000000)
 Metaspace       used 32463K, capacity 33070K, committed 33408K, reserved 1079296K
  class space    used 3686K, capacity 3877K, committed 3968K, reserved 1048576K
}
2017-06-28T15:26:08.082-0500: 1995.536: Total time for which application threads were stopped: 0.0129510 seconds, Stopping threads took: 0.0001894 seconds
2017-06-28T15:26:08.083-0500: 1995.536: Total time for which application threads were stopped: 0.0002455 seconds, Stopping threads took: 0.0000962 seconds
{Heap before GC invocations=22 (full 1):
 par new generation   total 109248K, used 96479K [0x00000007a0000000, 0x00000007a8000000, 0x00000007a8000000)
  eden space 87424K, 100% used [0x00000007a0000000, 0x00000007a5560000, 0x00000007a5560000)
  from space 21824K,  41% used [0x00000007a5560000, 0x00000007a5e37ea8, 0x00000007a6ab0000)
  to   space 21824K,   0% used [0x00000007a6ab0000, 0x00000007a6ab0000, 0x00000007a8000000)
 concurrent mark-sweep generation total 393216K, used 17167K [0x00000007a8000000, 0x00000007c0000000, 0x00000007c0000000)
 Metaspace       used 32475K, capacity 33082K, committed 33408K, reserved 1079296K
  class space    used 3687K, capacity 3879K, committed 3968K, reserved 1048576K
2017-06-28T15:26:08.199-0500: 1995.652: [GC (Allocation Failure) 2017-06-28T15:26:08.199-0500: 1995.652: [ParNew
Desired survivor size 20112992 bytes, new threshold 8 (max 8)
- age   1:     184136 bytes,     184136 total
- age   2:    1000952 bytes,    1185088 total
- age   3:    1476200 bytes,    2661288 total
- age   4:     136760 bytes,    2798048 total
- age   5:    1436128 bytes,    4234176 total
- age   6:      74128 bytes,    4308304 total
- age   7:    1504008 bytes,    5812312 total
- age   8:      72272 bytes,    5884584 total
: 96479K->7620K(109248K), 0.0126405 secs] 113647K->26064K(502464K), 0.0127221 secs] [Times: user=0.04 sys=0.00, real=0.02 secs] 
Heap after GC invocations=23 (full 1):
 par new generation   total 109248K, used 7620K [0x00000007a0000000, 0x00000007a8000000, 0x00000007a8000000)
  eden space 87424K,   0% used [0x00000007a0000000, 0x00000007a0000000, 0x00000007a5560000)
  from space 21824K,  34% used [0x00000007a6ab0000, 0x00000007a7221390, 0x00000007a8000000)
  to   space 21824K,   0% used [0x00000007a5560000, 0x00000007a5560000, 0x00000007a6ab0000)
 concurrent mark-sweep generation total 393216K, used 18443K [0x00000007a8000000, 0x00000007c0000000, 0x00000007c0000000)
 Metaspace       used 32475K, capacity 33082K, committed 33408K, reserved 1079296K
  class space    used 3687K, capacity 3879K, committed 3968K, reserved 1048576K
}
2017-06-28T15:26:08.212-0500: 1995.665: Total time for which application threads were stopped: 0.0129299 seconds, Stopping threads took: 0.0000223 seconds
2017-06-28T15:26:08.259-0500: 1995.712: Total time for which application threads were stopped: 0.0002527 seconds, Stopping threads took: 0.0000974 seconds
2017-06-28T15:26:08.259-0500: 1995.713: Total time for which application threads were stopped: 0.0000616 seconds, Stopping threads took: 0.0000110 seconds
2017-06-28T15:26:08.259-0500: 1995.713: Total time for which application threads were stopped: 0.0000470 seconds, Stopping threads took: 0.0000074 seconds
2017-06-28T15:26:08.259-0500: 1995.713: Total time for which application threads were stopped: 0.0000571 seconds, Stopping threads took: 0.0000100 seconds
2017-06-28T15:26:08.260-0500: 1995.713: Total time for which application threads were stopped: 0.0000450 seconds, Stopping threads took: 0.0000072 seconds
2017-06-28T15:26:08.260-0500: 1995.713: Total time for which application threads were stopped: 0.0000520 seconds, Stopping threads took: 0.0000075 seconds
2017-06-28T15:26:08.260-0500: 1995.713: Total time for which application threads were stopped: 0.0000457 seconds, Stopping threads took: 0.0000071 seconds
2017-06-28T15:26:08.272-0500: 1995.726: Total time for which application threads were stopped: 0.0002195 seconds, Stopping threads took: 0.0001052 seconds
2017-06-28T15:26:08.275-0500: 1995.728: Total time for which application threads were stopped: 0.0001401 seconds, Stopping threads took: 0.0000462 seconds
2017-06-28T15:26:08.275-0500: 1995.728: Total time for which application threads were stopped: 0.0001077 seconds, Stopping threads took: 0.0000462 seconds
2017-06-28T15:26:08.295-0500: 1995.748: Total time for which application threads were stopped: 0.0001493 seconds, Stopping threads took: 0.0000406 seconds
2017-06-28T15:26:08.304-0500: 1995.758: Total time for which application threads were stopped: 0.0001363 seconds, Stopping threads took: 0.0000240 seconds
2017-06-28T15:26:08.316-0500: 1995.769: Total time for which application threads were stopped: 0.0001353 seconds, Stopping threads took: 0.0000252 seconds
{Heap before GC invocations=23 (full 1):
 par new generation   total 109248K, used 95044K [0x00000007a0000000, 0x00000007a8000000, 0x00000007a8000000)
  eden space 87424K, 100% used [0x00000007a0000000, 0x00000007a5560000, 0x00000007a5560000)
  from space 21824K,  34% used [0x00000007a6ab0000, 0x00000007a7221390, 0x00000007a8000000)
  to   space 21824K,   0% used [0x00000007a5560000, 0x00000007a5560000, 0x00000007a6ab0000)
 concurrent mark-sweep generation total 393216K, used 18443K [0x00000007a8000000, 0x00000007c0000000, 0x00000007c0000000)
 Metaspace       used 32572K, capacity 33158K, committed 33408K, reserved 1079296K
  class space    used 3694K, capacity 3887K, committed 3968K, reserved 1048576K
2017-06-28T15:26:08.407-0500: 1995.860: [GC (Allocation Failure) 2017-06-28T15:26:08.407-0500: 1995.860: [ParNew
Desired survivor size 20112992 bytes, new threshold 8 (max 8)
- age   1:    2904576 bytes,    2904576 total
- age   2:     133272 bytes,    3037848 total
- age   3:     153272 bytes,    3191120 total
- age   4:    1406520 bytes,    4597640 total
- age   5:     136760 bytes,    4734400 total
- age   6:    1435816 bytes,    6170216 total
- age   7:      74128 bytes,    6244344 total
- age   8:    1503832 bytes,    7748176 total
: 95044K->9005K(109248K), 0.0133527 secs] 113488K->27521K(502464K), 0.0134547 secs] [Times: user=0.05 sys=0.00, real=0.02 secs] 
Heap after GC invocations=24 (full 1):
 par new generation   total 109248K, used 9005K [0x00000007a0000000, 0x00000007a8000000, 0x00000007a8000000)
  eden space 87424K,   0% used [0x00000007a0000000, 0x00000007a0000000, 0x00000007a5560000)
  from space 21824K,  41% used [0x00000007a5560000, 0x00000007a5e2b500, 0x00000007a6ab0000)
  to   space 21824K,   0% used [0x00000007a6ab0000, 0x00000007a6ab0000, 0x00000007a8000000)
 concurrent mark-sweep generation total 393216K, used 18516K [0x00000007a8000000, 0x00000007c0000000, 0x00000007c0000000)
 Metaspace       used 32572K, capacity 33158K, committed 33408K, reserved 1079296K
  class space    used 3694K, capacity 3887K, committed 3968K, reserved 1048576K
}
2017-06-28T15:26:08.420-0500: 1995.874: Total time for which application threads were stopped: 0.0137212 seconds, Stopping threads took: 0.0000412 seconds
2017-06-28T15:26:08.421-0500: 1995.874: Total time for which application threads were stopped: 0.0001511 seconds, Stopping threads took: 0.0000699 seconds
2017-06-28T15:26:08.421-0500: 1995.875: Total time for which application threads were stopped: 0.0001467 seconds, Stopping threads took: 0.0000640 seconds
{Heap before GC invocations=24 (full 1):
 par new generation   total 109248K, used 96429K [0x00000007a0000000, 0x00000007a8000000, 0x00000007a8000000)
  eden space 87424K, 100% used [0x00000007a0000000, 0x00000007a5560000, 0x00000007a5560000)
  from space 21824K,  41% used [0x00000007a5560000, 0x00000007a5e2b500, 0x00000007a6ab0000)
  to   space 21824K,   0% used [0x00000007a6ab0000, 0x00000007a6ab0000, 0x00000007a8000000)
 concurrent mark-sweep generation total 393216K, used 18516K [0x00000007a8000000, 0x00000007c0000000, 0x00000007c0000000)
 Metaspace       used 32572K, capacity 33158K, committed 33408K, reserved 1079296K
  class space    used 3694K, capacity 3887K, committed 3968K, reserved 1048576K
2017-06-28T15:26:08.517-0500: 1995.971: [GC (Allocation Failure) 2017-06-28T15:26:08.517-0500: 1995.971: [ParNew
Desired survivor size 20112992 bytes, new threshold 8 (max 8)
- age   1:     197632 bytes,     197632 total
- age   2:    2341272 bytes,    2538904 total
- age   3:     133272 bytes,    2672176 total
- age   4:     152952 bytes,    2825128 total
- age   5:    1405616 bytes,    4230744 total
- age   6:     136760 bytes,    4367504 total
- age   7:    1435816 bytes,    5803320 total
- age   8:      74128 bytes,    5877448 total
: 96429K->9638K(109248K), 0.0126118 secs] 114945K->29633K(502464K), 0.0127063 secs] [Times: user=0.03 sys=0.01, real=0.02 secs] 
Heap after GC invocations=25 (full 1):
 par new generation   total 109248K, used 9638K [0x00000007a0000000, 0x00000007a8000000, 0x00000007a8000000)
  eden space 87424K,   0% used [0x00000007a0000000, 0x00000007a0000000, 0x00000007a5560000)
  from space 21824K,  44% used [0x00000007a6ab0000, 0x00000007a7419810, 0x00000007a8000000)
  to   space 21824K,   0% used [0x00000007a5560000, 0x00000007a5560000, 0x00000007a6ab0000)
 concurrent mark-sweep generation total 393216K, used 19995K [0x00000007a8000000, 0x00000007c0000000, 0x00000007c0000000)
 Metaspace       used 32572K, capacity 33158K, committed 33408K, reserved 1079296K
  class space    used 3694K, capacity 3887K, committed 3968K, reserved 1048576K
}
2017-06-28T15:26:08.530-0500: 1995.984: Total time for which application threads were stopped: 0.0129028 seconds, Stopping threads took: 0.0000199 seconds
2017-06-28T15:26:08.530-0500: 1995.984: Total time for which application threads were stopped: 0.0001717 seconds, Stopping threads took: 0.0000682 seconds
2017-06-28T15:26:08.598-0500: 1996.052: Total time for which application threads were stopped: 0.0001825 seconds, Stopping threads took: 0.0000553 seconds
2017-06-28T15:26:08.599-0500: 1996.053: Total time for which application threads were stopped: 0.0000673 seconds, Stopping threads took: 0.0000115 seconds
2017-06-28T15:26:08.599-0500: 1996.053: Total time for which application threads were stopped: 0.0000765 seconds, Stopping threads took: 0.0000279 seconds
2017-06-28T15:26:08.599-0500: 1996.053: Total time for which application threads were stopped: 0.0000504 seconds, Stopping threads took: 0.0000091 seconds
2017-06-28T15:26:08.600-0500: 1996.053: Total time for which application threads were stopped: 0.0000624 seconds, Stopping threads took: 0.0000237 seconds
2017-06-28T15:26:08.600-0500: 1996.053: Total time for which application threads were stopped: 0.0000419 seconds, Stopping threads took: 0.0000068 seconds
2017-06-28T15:26:08.600-0500: 1996.053: Total time for which application threads were stopped: 0.0000430 seconds, Stopping threads took: 0.0000073 seconds
2017-06-28T15:26:08.614-0500: 1996.067: Total time for which application threads were stopped: 0.0003471 seconds, Stopping threads took: 0.0001070 seconds
2017-06-28T15:26:08.617-0500: 1996.070: Total time for which application threads were stopped: 0.0001144 seconds, Stopping threads took: 0.0000211 seconds
2017-06-28T15:26:08.617-0500: 1996.070: Total time for which application threads were stopped: 0.0001517 seconds, Stopping threads took: 0.0001064 seconds
2017-06-28T15:26:08.726-0500: 1996.179: Total time for which application threads were stopped: 0.0001680 seconds, Stopping threads took: 0.0000571 seconds
2017-06-28T15:26:08.737-0500: 1996.191: Total time for which application threads were stopped: 0.0001274 seconds, Stopping threads took: 0.0000467 seconds
{Heap before GC invocations=25 (full 1):
 par new generation   total 109248K, used 97062K [0x00000007a0000000, 0x00000007a8000000, 0x00000007a8000000)
  eden space 87424K, 100% used [0x00000007a0000000, 0x00000007a5560000, 0x00000007a5560000)
  from space 21824K,  44% used [0x00000007a6ab0000, 0x00000007a7419810, 0x00000007a8000000)
  to   space 21824K,   0% used [0x00000007a5560000, 0x00000007a5560000, 0x00000007a6ab0000)
 concurrent mark-sweep generation total 393216K, used 19995K [0x00000007a8000000, 0x00000007c0000000, 0x00000007c0000000)
 Metaspace       used 32703K, capacity 33334K, committed 33408K, reserved 1079296K
  class space    used 3704K, capacity 3901K, committed 3968K, reserved 1048576K
2017-06-28T15:26:08.812-0500: 1996.266: [GC (Allocation Failure) 2017-06-28T15:26:08.812-0500: 1996.266: [ParNew
Desired survivor size 20112992 bytes, new threshold 8 (max 8)
- age   1:    2751096 bytes,    2751096 total
- age   2:      75384 bytes,    2826480 total
- age   3:    1417152 bytes,    4243632 total
- age   4:     133272 bytes,    4376904 total
- age   5:     149296 bytes,    4526200 total
- age   6:    1405304 bytes,    5931504 total
- age   7:     136760 bytes,    6068264 total
- age   8:    1435648 bytes,    7503912 total
: 97062K->9123K(109248K), 0.0108175 secs] 117057K->29193K(502464K), 0.0109276 secs] [Times: user=0.04 sys=0.01, real=0.01 secs] 
Heap after GC invocations=26 (full 1):
 par new generation   total 109248K, used 9123K [0x00000007a0000000, 0x00000007a8000000, 0x00000007a8000000)
  eden space 87424K,   0% used [0x00000007a0000000, 0x00000007a0000000, 0x00000007a5560000)
  from space 21824K,  41% used [0x00000007a5560000, 0x00000007a5e48f00, 0x00000007a6ab0000)
  to   space 21824K,   0% used [0x00000007a6ab0000, 0x00000007a6ab0000, 0x00000007a8000000)
 concurrent mark-sweep generation total 393216K, used 20069K [0x00000007a8000000, 0x00000007c0000000, 0x00000007c0000000)
 Metaspace       used 32703K, capacity 33334K, committed 33408K, reserved 1079296K
  class space    used 3704K, capacity 3901K, committed 3968K, reserved 1048576K
}
2017-06-28T15:26:08.823-0500: 1996.277: Total time for which application threads were stopped: 0.0111182 seconds, Stopping threads took: 0.0000178 seconds
2017-06-28T15:26:08.824-0500: 1996.277: Total time for which application threads were stopped: 0.0001375 seconds, Stopping threads took: 0.0000672 seconds
2017-06-28T15:26:08.824-0500: 1996.277: Total time for which application threads were stopped: 0.0001236 seconds, Stopping threads took: 0.0000526 seconds
{Heap before GC invocations=26 (full 1):
 par new generation   total 109248K, used 96547K [0x00000007a0000000, 0x00000007a8000000, 0x00000007a8000000)
  eden space 87424K, 100% used [0x00000007a0000000, 0x00000007a5560000, 0x00000007a5560000)
  from space 21824K,  41% used [0x00000007a5560000, 0x00000007a5e48f00, 0x00000007a6ab0000)
  to   space 21824K,   0% used [0x00000007a6ab0000, 0x00000007a6ab0000, 0x00000007a8000000)
 concurrent mark-sweep generation total 393216K, used 20069K [0x00000007a8000000, 0x00000007c0000000, 0x00000007c0000000)
 Metaspace       used 32710K, capacity 33346K, committed 33664K, reserved 1079296K
  class space    used 3705K, capacity 3903K, committed 3968K, reserved 1048576K
2017-06-28T15:26:08.923-0500: 1996.377: [GC (Allocation Failure) 2017-06-28T15:26:08.923-0500: 1996.377: [ParNew
Desired survivor size 20112992 bytes, new threshold 8 (max 8)
- age   1:      82064 bytes,      82064 total
- age   2:    2405296 bytes,    2487360 total
- age   3:      75384 bytes,    2562744 total
- age   4:    1415880 bytes,    3978624 total
- age   5:     133272 bytes,    4111896 total
- age   6:     149296 bytes,    4261192 total
- age   7:    1405304 bytes,    5666496 total
- age   8:     136760 bytes,    5803256 total
: 96547K->7820K(109248K), 0.0134920 secs] 116617K->29337K(502464K), 0.0135781 secs] [Times: user=0.04 sys=0.00, real=0.01 secs] 
Heap after GC invocations=27 (full 1):
 par new generation   total 109248K, used 7820K [0x00000007a0000000, 0x00000007a8000000, 0x00000007a8000000)
  eden space 87424K,   0% used [0x00000007a0000000, 0x00000007a0000000, 0x00000007a5560000)
  from space 21824K,  35% used [0x00000007a6ab0000, 0x00000007a72531e0, 0x00000007a8000000)
  to   space 21824K,   0% used [0x00000007a5560000, 0x00000007a5560000, 0x00000007a6ab0000)
 concurrent mark-sweep generation total 393216K, used 21516K [0x00000007a8000000, 0x00000007c0000000, 0x00000007c0000000)
 Metaspace       used 32710K, capacity 33346K, committed 33664K, reserved 1079296K
  class space    used 3705K, capacity 3903K, committed 3968K, reserved 1048576K
}
2017-06-28T15:26:08.937-0500: 1996.390: Total time for which application threads were stopped: 0.0137888 seconds, Stopping threads took: 0.0000204 seconds
2017-06-28T15:26:08.937-0500: 1996.390: Total time for which application threads were stopped: 0.0001118 seconds, Stopping threads took: 0.0000133 seconds
2017-06-28T15:26:09.030-0500: 1996.483: Total time for which application threads were stopped: 0.0002077 seconds, Stopping threads took: 0.0000623 seconds
2017-06-28T15:26:09.030-0500: 1996.484: Total time for which application threads were stopped: 0.0000756 seconds, Stopping threads took: 0.0000115 seconds
2017-06-28T15:26:09.030-0500: 1996.484: Total time for which application threads were stopped: 0.0001200 seconds, Stopping threads took: 0.0000808 seconds
2017-06-28T15:26:09.031-0500: 1996.484: Total time for which application threads were stopped: 0.0000505 seconds, Stopping threads took: 0.0000082 seconds
2017-06-28T15:26:09.031-0500: 1996.484: Total time for which application threads were stopped: 0.0000475 seconds, Stopping threads took: 0.0000074 seconds
2017-06-28T15:26:09.031-0500: 1996.484: Total time for which application threads were stopped: 0.0000461 seconds, Stopping threads took: 0.0000074 seconds
2017-06-28T15:26:09.031-0500: 1996.484: Total time for which application threads were stopped: 0.0000514 seconds, Stopping threads took: 0.0000076 seconds
2017-06-28T15:26:09.031-0500: 1996.485: Total time for which application threads were stopped: 0.0000434 seconds, Stopping threads took: 0.0000067 seconds
2017-06-28T15:26:09.044-0500: 1996.497: Total time for which application threads were stopped: 0.0002105 seconds, Stopping threads took: 0.0001257 seconds
2017-06-28T15:26:09.046-0500: 1996.500: Total time for which application threads were stopped: 0.0001357 seconds, Stopping threads took: 0.0000512 seconds
2017-06-28T15:26:09.046-0500: 1996.500: Total time for which application threads were stopped: 0.0000796 seconds, Stopping threads took: 0.0000232 seconds
2017-06-28T15:26:09.068-0500: 1996.521: Total time for which application threads were stopped: 0.0001720 seconds, Stopping threads took: 0.0000405 seconds
{Heap before GC invocations=27 (full 1):
 par new generation   total 109248K, used 95244K [0x00000007a0000000, 0x00000007a8000000, 0x00000007a8000000)
  eden space 87424K, 100% used [0x00000007a0000000, 0x00000007a5560000, 0x00000007a5560000)
  from space 21824K,  35% used [0x00000007a6ab0000, 0x00000007a72531e0, 0x00000007a8000000)
  to   space 21824K,   0% used [0x00000007a5560000, 0x00000007a5560000, 0x00000007a6ab0000)
 concurrent mark-sweep generation total 393216K, used 21516K [0x00000007a8000000, 0x00000007c0000000, 0x00000007c0000000)
 Metaspace       used 32808K, capacity 33486K, committed 33664K, reserved 1079296K
  class space    used 3712K, capacity 3911K, committed 3968K, reserved 1048576K
2017-06-28T15:26:09.132-0500: 1996.585: [GC (Allocation Failure) 2017-06-28T15:26:09.132-0500: 1996.585: [ParNew
Desired survivor size 20112992 bytes, new threshold 8 (max 8)
- age   1:    1966184 bytes,    1966184 total
- age   2:      79640 bytes,    2045824 total
- age   3:    1477560 bytes,    3523384 total
- age   4:      75384 bytes,    3598768 total
- age   5:    1415808 bytes,    5014576 total
- age   6:     133272 bytes,    5147848 total
- age   7:     149296 bytes,    5297144 total
- age   8:    1404760 bytes,    6701904 total
: 95244K->8300K(109248K), 0.0126281 secs] 116761K->29953K(502464K), 0.0127179 secs] [Times: user=0.05 sys=0.00, real=0.01 secs] 
Heap after GC invocations=28 (full 1):
 par new generation   total 109248K, used 8300K [0x00000007a0000000, 0x00000007a8000000, 0x00000007a8000000)
  eden space 87424K,   0% used [0x00000007a0000000, 0x00000007a0000000, 0x00000007a5560000)
  from space 21824K,  38% used [0x00000007a5560000, 0x00000007a5d7b3d0, 0x00000007a6ab0000)
  to   space 21824K,   0% used [0x00000007a6ab0000, 0x00000007a6ab0000, 0x00000007a8000000)
 concurrent mark-sweep generation total 393216K, used 21652K [0x00000007a8000000, 0x00000007c0000000, 0x00000007c0000000)
 Metaspace       used 32808K, capacity 33486K, committed 33664K, reserved 1079296K
  class space    used 3712K, capacity 3911K, committed 3968K, reserved 1048576K
}
2017-06-28T15:26:09.145-0500: 1996.598: Total time for which application threads were stopped: 0.0129547 seconds, Stopping threads took: 0.0000499 seconds
2017-06-28T15:26:09.145-0500: 1996.598: Total time for which application threads were stopped: 0.0002463 seconds, Stopping threads took: 0.0000757 seconds
2017-06-28T15:26:09.145-0500: 1996.599: Total time for which application threads were stopped: 0.0001512 seconds, Stopping threads took: 0.0000746 seconds
2017-06-28T15:26:09.145-0500: 1996.599: Total time for which application threads were stopped: 0.0001161 seconds, Stopping threads took: 0.0000671 seconds
{Heap before GC invocations=28 (full 1):
 par new generation   total 109248K, used 95724K [0x00000007a0000000, 0x00000007a8000000, 0x00000007a8000000)
  eden space 87424K, 100% used [0x00000007a0000000, 0x00000007a5560000, 0x00000007a5560000)
  from space 21824K,  38% used [0x00000007a5560000, 0x00000007a5d7b3d0, 0x00000007a6ab0000)
  to   space 21824K,   0% used [0x00000007a6ab0000, 0x00000007a6ab0000, 0x00000007a8000000)
 concurrent mark-sweep generation total 393216K, used 21652K [0x00000007a8000000, 0x00000007c0000000, 0x00000007c0000000)
 Metaspace       used 32809K, capacity 33486K, committed 33664K, reserved 1079296K
  class space    used 3712K, capacity 3911K, committed 3968K, reserved 1048576K
2017-06-28T15:26:09.257-0500: 1996.710: [GC (Allocation Failure) 2017-06-28T15:26:09.257-0500: 1996.710: [ParNew
Desired survivor size 20112992 bytes, new threshold 8 (max 8)
- age   1:    1157768 bytes,    1157768 total
- age   2:    1484320 bytes,    2642088 total
- age   3:      79640 bytes,    2721728 total
- age   4:    1476336 bytes,    4198064 total
- age   5:      75384 bytes,    4273448 total
- age   6:    1415768 bytes,    5689216 total
- age   7:     133272 bytes,    5822488 total
- age   8:     149296 bytes,    5971784 total
: 95724K->8746K(109248K), 0.0160743 secs] 117377K->31780K(502464K), 0.0161472 secs] [Times: user=0.05 sys=0.00, real=0.02 secs] 
Heap after GC invocations=29 (full 1):
 par new generation   total 109248K, used 8746K [0x00000007a0000000, 0x00000007a8000000, 0x00000007a8000000)
  eden space 87424K,   0% used [0x00000007a0000000, 0x00000007a0000000, 0x00000007a5560000)
  from space 21824K,  40% used [0x00000007a6ab0000, 0x00000007a733a9a0, 0x00000007a8000000)
  to   space 21824K,   0% used [0x00000007a5560000, 0x00000007a5560000, 0x00000007a6ab0000)
 concurrent mark-sweep generation total 393216K, used 23034K [0x00000007a8000000, 0x00000007c0000000, 0x00000007c0000000)
 Metaspace       used 32809K, capacity 33486K, committed 33664K, reserved 1079296K
  class space    used 3712K, capacity 3911K, committed 3968K, reserved 1048576K
}
2017-06-28T15:26:09.273-0500: 1996.726: Total time for which application threads were stopped: 0.0163355 seconds, Stopping threads took: 0.0000234 seconds
2017-06-28T15:26:09.273-0500: 1996.727: Total time for which application threads were stopped: 0.0001939 seconds, Stopping threads took: 0.0000860 seconds
2017-06-28T15:26:09.418-0500: 1996.872: Total time for which application threads were stopped: 0.0001813 seconds, Stopping threads took: 0.0000388 seconds
2017-06-28T15:26:09.419-0500: 1996.873: Total time for which application threads were stopped: 0.0000967 seconds, Stopping threads took: 0.0000165 seconds
2017-06-28T15:26:09.419-0500: 1996.873: Total time for which application threads were stopped: 0.0000710 seconds, Stopping threads took: 0.0000117 seconds
2017-06-28T15:26:09.419-0500: 1996.873: Total time for which application threads were stopped: 0.0000627 seconds, Stopping threads took: 0.0000093 seconds
2017-06-28T15:26:09.419-0500: 1996.873: Total time for which application threads were stopped: 0.0000626 seconds, Stopping threads took: 0.0000101 seconds
2017-06-28T15:26:09.420-0500: 1996.873: Total time for which application threads were stopped: 0.0000590 seconds, Stopping threads took: 0.0000099 seconds
2017-06-28T15:26:09.420-0500: 1996.873: Total time for which application threads were stopped: 0.0000597 seconds, Stopping threads took: 0.0000094 seconds
2017-06-28T15:26:09.440-0500: 1996.894: Total time for which application threads were stopped: 0.0001346 seconds, Stopping threads took: 0.0000536 seconds
2017-06-28T15:26:09.442-0500: 1996.895: Total time for which application threads were stopped: 0.0002226 seconds, Stopping threads took: 0.0001418 seconds
2017-06-28T15:26:09.443-0500: 1996.897: Total time for which application threads were stopped: 0.0001204 seconds, Stopping threads took: 0.0000210 seconds
2017-06-28T15:26:09.467-0500: 1996.921: Total time for which application threads were stopped: 0.0001416 seconds, Stopping threads took: 0.0000234 seconds
2017-06-28T15:26:09.493-0500: 1996.946: Total time for which application threads were stopped: 0.0001497 seconds, Stopping threads took: 0.0000273 seconds
2017-06-28T15:26:09.503-0500: 1996.957: Total time for which application threads were stopped: 0.0001448 seconds, Stopping threads took: 0.0000396 seconds
{Heap before GC invocations=29 (full 1):
 par new generation   total 109248K, used 96170K [0x00000007a0000000, 0x00000007a8000000, 0x00000007a8000000)
  eden space 87424K, 100% used [0x00000007a0000000, 0x00000007a5560000, 0x00000007a5560000)
  from space 21824K,  40% used [0x00000007a6ab0000, 0x00000007a733a9a0, 0x00000007a8000000)
  to   space 21824K,   0% used [0x00000007a5560000, 0x00000007a5560000, 0x00000007a6ab0000)
 concurrent mark-sweep generation total 393216K, used 23034K [0x00000007a8000000, 0x00000007c0000000, 0x00000007c0000000)
 Metaspace       used 32892K, capacity 33562K, committed 33664K, reserved 1079296K
  class space    used 3719K, capacity 3919K, committed 3968K, reserved 1048576K
2017-06-28T15:26:09.530-0500: 1996.984: [GC (Allocation Failure) 2017-06-28T15:26:09.530-0500: 1996.984: [ParNew
Desired survivor size 20112992 bytes, new threshold 8 (max 8)
- age   1:    1950504 bytes,    1950504 total
- age   2:     138008 bytes,    2088512 total
- age   3:    1408328 bytes,    3496840 total
- age   4:      76016 bytes,    3572856 total
- age   5:    1476216 bytes,    5049072 total
- age   6:      75384 bytes,    5124456 total
- age   7:    1415640 bytes,    6540096 total
- age   8:     133272 bytes,    6673368 total
: 96170K->8200K(109248K), 0.0103194 secs] 119204K->31382K(502464K), 0.0104189 secs] [Times: user=0.03 sys=0.00, real=0.01 secs] 
Heap after GC invocations=30 (full 1):
 par new generation   total 109248K, used 8200K [0x00000007a0000000, 0x00000007a8000000, 0x00000007a8000000)
  eden space 87424K,   0% used [0x00000007a0000000, 0x00000007a0000000, 0x00000007a5560000)
  from space 21824K,  37% used [0x00000007a5560000, 0x00000007a5d62230, 0x00000007a6ab0000)
  to   space 21824K,   0% used [0x00000007a6ab0000, 0x00000007a6ab0000, 0x00000007a8000000)
 concurrent mark-sweep generation total 393216K, used 23182K [0x00000007a8000000, 0x00000007c0000000, 0x00000007c0000000)
 Metaspace       used 32892K, capacity 33562K, committed 33664K, reserved 1079296K
  class space    used 3719K, capacity 3919K, committed 3968K, reserved 1048576K
}
2017-06-28T15:26:09.541-0500: 1996.994: Total time for which application threads were stopped: 0.0106300 seconds, Stopping threads took: 0.0000444 seconds
2017-06-28T15:26:09.541-0500: 1996.995: Total time for which application threads were stopped: 0.0001568 seconds, Stopping threads took: 0.0000769 seconds
2017-06-28T15:26:09.541-0500: 1996.995: Total time for which application threads were stopped: 0.0001187 seconds, Stopping threads took: 0.0000491 seconds
{Heap before GC invocations=30 (full 1):
 par new generation   total 109248K, used 95624K [0x00000007a0000000, 0x00000007a8000000, 0x00000007a8000000)
  eden space 87424K, 100% used [0x00000007a0000000, 0x00000007a5560000, 0x00000007a5560000)
  from space 21824K,  37% used [0x00000007a5560000, 0x00000007a5d62230, 0x00000007a6ab0000)
  to   space 21824K,   0% used [0x00000007a6ab0000, 0x00000007a6ab0000, 0x00000007a8000000)
 concurrent mark-sweep generation total 393216K, used 23182K [0x00000007a8000000, 0x00000007c0000000, 0x00000007c0000000)
 Metaspace       used 32894K, capacity 33562K, committed 33664K, reserved 1079296K
  class space    used 3719K, capacity 3919K, committed 3968K, reserved 1048576K
2017-06-28T15:26:09.631-0500: 1997.085: [GC (Allocation Failure) 2017-06-28T15:26:09.631-0500: 1997.085: [ParNew
Desired survivor size 20112992 bytes, new threshold 8 (max 8)
- age   1:    1134800 bytes,    1134800 total
- age   2:    1484392 bytes,    2619192 total
- age   3:     137688 bytes,    2756880 total
- age   4:    1407408 bytes,    4164288 total
- age   5:      76000 bytes,    4240288 total
- age   6:    1476216 bytes,    5716504 total
- age   7:      75384 bytes,    5791888 total
- age   8:    1415600 bytes,    7207488 total
: 95624K->10148K(109248K), 0.0137112 secs] 118806K->33463K(502464K), 0.0137981 secs] [Times: user=0.04 sys=0.00, real=0.01 secs] 
Heap after GC invocations=31 (full 1):
 par new generation   total 109248K, used 10148K [0x00000007a0000000, 0x00000007a8000000, 0x00000007a8000000)
  eden space 87424K,   0% used [0x00000007a0000000, 0x00000007a0000000, 0x00000007a5560000)
  from space 21824K,  46% used [0x00000007a6ab0000, 0x00000007a7499020, 0x00000007a8000000)
  to   space 21824K,   0% used [0x00000007a5560000, 0x00000007a5560000, 0x00000007a6ab0000)
 concurrent mark-sweep generation total 393216K, used 23315K [0x00000007a8000000, 0x00000007c0000000, 0x00000007c0000000)
 Metaspace       used 32894K, capacity 33562K, committed 33664K, reserved 1079296K
  class space    used 3719K, capacity 3919K, committed 3968K, reserved 1048576K
}
2017-06-28T15:26:09.645-0500: 1997.099: Total time for which application threads were stopped: 0.0140717 seconds, Stopping threads took: 0.0000235 seconds
2017-06-28T15:26:09.646-0500: 1997.100: Total time for which application threads were stopped: 0.0001988 seconds, Stopping threads took: 0.0000813 seconds
{Heap before GC invocations=31 (full 1):
 par new generation   total 109248K, used 97572K [0x00000007a0000000, 0x00000007a8000000, 0x00000007a8000000)
  eden space 87424K, 100% used [0x00000007a0000000, 0x00000007a5560000, 0x00000007a5560000)
  from space 21824K,  46% used [0x00000007a6ab0000, 0x00000007a7499020, 0x00000007a8000000)
  to   space 21824K,   0% used [0x00000007a5560000, 0x00000007a5560000, 0x00000007a6ab0000)
 concurrent mark-sweep generation total 393216K, used 23315K [0x00000007a8000000, 0x00000007c0000000, 0x00000007c0000000)
 Metaspace       used 32894K, capacity 33562K, committed 33664K, reserved 1079296K
  class space    used 3719K, capacity 3919K, committed 3968K, reserved 1048576K
2017-06-28T15:26:09.780-0500: 1997.234: [GC (Allocation Failure) 2017-06-28T15:26:09.780-0500: 1997.234: [ParNew
Desired survivor size 20112992 bytes, new threshold 8 (max 8)
- age   1:     152848 bytes,     152848 total
- age   2:     993696 bytes,    1146544 total
- age   3:    1474648 bytes,    2621192 total
- age   4:     137688 bytes,    2758880 total
- age   5:    1407400 bytes,    4166280 total
- age   6:      76000 bytes,    4242280 total
- age   7:    1476216 bytes,    5718496 total
- age   8:      75384 bytes,    5793880 total
: 97572K->7156K(109248K), 0.0126538 secs] 120887K->31863K(502464K), 0.0127353 secs] [Times: user=0.04 sys=0.00, real=0.01 secs] 
Heap after GC invocations=32 (full 1):
 par new generation   total 109248K, used 7156K [0x00000007a0000000, 0x00000007a8000000, 0x00000007a8000000)
  eden space 87424K,   0% used [0x00000007a0000000, 0x00000007a0000000, 0x00000007a5560000)
  from space 21824K,  32% used [0x00000007a5560000, 0x00000007a5c5d050, 0x00000007a6ab0000)
  to   space 21824K,   0% used [0x00000007a6ab0000, 0x00000007a6ab0000, 0x00000007a8000000)
 concurrent mark-sweep generation total 393216K, used 24707K [0x00000007a8000000, 0x00000007c0000000, 0x00000007c0000000)
 Metaspace       used 32894K, capacity 33562K, committed 33664K, reserved 1079296K
  class space    used 3719K, capacity 3919K, committed 3968K, reserved 1048576K
}
2017-06-28T15:26:09.793-0500: 1997.246: Total time for which application threads were stopped: 0.0129513 seconds, Stopping threads took: 0.0000419 seconds
2017-06-28T15:26:09.847-0500: 1997.300: Total time for which application threads were stopped: 0.0001415 seconds, Stopping threads took: 0.0000391 seconds
2017-06-28T15:26:09.848-0500: 1997.301: Total time for which application threads were stopped: 0.0001088 seconds, Stopping threads took: 0.0000354 seconds
2017-06-28T15:26:09.848-0500: 1997.301: Total time for which application threads were stopped: 0.0000883 seconds, Stopping threads took: 0.0000282 seconds
2017-06-28T15:26:09.848-0500: 1997.302: Total time for which application threads were stopped: 0.0000788 seconds, Stopping threads took: 0.0000336 seconds
2017-06-28T15:26:09.848-0500: 1997.302: Total time for which application threads were stopped: 0.0000483 seconds, Stopping threads took: 0.0000085 seconds
2017-06-28T15:26:09.848-0500: 1997.302: Total time for which application threads were stopped: 0.0000535 seconds, Stopping threads took: 0.0000083 seconds
2017-06-28T15:26:09.848-0500: 1997.302: Total time for which application threads were stopped: 0.0000459 seconds, Stopping threads took: 0.0000078 seconds
2017-06-28T15:26:09.865-0500: 1997.319: Total time for which application threads were stopped: 0.0002152 seconds, Stopping threads took: 0.0001102 seconds
2017-06-28T15:26:09.870-0500: 1997.324: Total time for which application threads were stopped: 0.0000908 seconds, Stopping threads took: 0.0000187 seconds
2017-06-28T15:26:09.870-0500: 1997.324: Total time for which application threads were stopped: 0.0000821 seconds, Stopping threads took: 0.0000125 seconds
{Heap before GC invocations=32 (full 1):
 par new generation   total 109248K, used 94558K [0x00000007a0000000, 0x00000007a8000000, 0x00000007a8000000)
  eden space 87424K,  99% used [0x00000007a0000000, 0x00000007a555ab50, 0x00000007a5560000)
  from space 21824K,  32% used [0x00000007a5560000, 0x00000007a5c5d050, 0x00000007a6ab0000)
  to   space 21824K,   0% used [0x00000007a6ab0000, 0x00000007a6ab0000, 0x00000007a8000000)
 concurrent mark-sweep generation total 393216K, used 24707K [0x00000007a8000000, 0x00000007c0000000, 0x00000007c0000000)
 Metaspace       used 32984K, capacity 33638K, committed 33920K, reserved 1079296K
  class space    used 3726K, capacity 3927K, committed 3968K, reserved 1048576K
2017-06-28T15:26:10.017-0500: 1997.470: [GC (Allocation Failure) 2017-06-28T15:26:10.017-0500: 1997.470: [ParNew
Desired survivor size 20112992 bytes, new threshold 8 (max 8)
- age   1:    3130832 bytes,    3130832 total
- age   2:     134752 bytes,    3265584 total
- age   3:     146552 bytes,    3412136 total
- age   4:    1404744 bytes,    4816880 total
- age   5:     137688 bytes,    4954568 total
- age   6:    1407288 bytes,    6361856 total
- age   7:      76000 bytes,    6437856 total
- age   8:    1476216 bytes,    7914072 total
: 94558K->9215K(109248K), 0.0107884 secs] 119266K->33998K(502464K), 0.0108885 secs] [Times: user=0.04 sys=0.00, real=0.01 secs] 
Heap after GC invocations=33 (full 1):
 par new generation   total 109248K, used 9215K [0x00000007a0000000, 0x00000007a8000000, 0x00000007a8000000)
  eden space 87424K,   0% used [0x00000007a0000000, 0x00000007a0000000, 0x00000007a5560000)
  from space 21824K,  42% used [0x00000007a6ab0000, 0x00000007a73afce8, 0x00000007a8000000)
  to   space 21824K,   0% used [0x00000007a5560000, 0x00000007a5560000, 0x00000007a6ab0000)
 concurrent mark-sweep generation total 393216K, used 24782K [0x00000007a8000000, 0x00000007c0000000, 0x00000007c0000000)
 Metaspace       used 32984K, capacity 33638K, committed 33920K, reserved 1079296K
  class space    used 3726K, capacity 3927K, committed 3968K, reserved 1048576K
}
2017-06-28T15:26:10.028-0500: 1997.481: Total time for which application threads were stopped: 0.0111434 seconds, Stopping threads took: 0.0000258 seconds
2017-06-28T15:26:10.028-0500: 1997.482: Total time for which application threads were stopped: 0.0001960 seconds, Stopping threads took: 0.0000904 seconds
2017-06-28T15:26:10.028-0500: 1997.482: Total time for which application threads were stopped: 0.0001084 seconds, Stopping threads took: 0.0000592 seconds
{Heap before GC invocations=33 (full 1):
 par new generation   total 109248K, used 96639K [0x00000007a0000000, 0x00000007a8000000, 0x00000007a8000000)
  eden space 87424K, 100% used [0x00000007a0000000, 0x00000007a5560000, 0x00000007a5560000)
  from space 21824K,  42% used [0x00000007a6ab0000, 0x00000007a73afce8, 0x00000007a8000000)
  to   space 21824K,   0% used [0x00000007a5560000, 0x00000007a5560000, 0x00000007a6ab0000)
 concurrent mark-sweep generation total 393216K, used 24782K [0x00000007a8000000, 0x00000007c0000000, 0x00000007c0000000)
 Metaspace       used 32984K, capacity 33638K, committed 33920K, reserved 1079296K
  class space    used 3726K, capacity 3927K, committed 3968K, reserved 1048576K
2017-06-28T15:26:10.140-0500: 1997.593: [GC (Allocation Failure) 2017-06-28T15:26:10.140-0500: 1997.593: [ParNew
Desired survivor size 20112992 bytes, new threshold 8 (max 8)
- age   1:     233272 bytes,     233272 total
- age   2:    2365256 bytes,    2598528 total
- age   3:     134752 bytes,    2733280 total
- age   4:     146232 bytes,    2879512 total
- age   5:    1403840 bytes,    4283352 total
- age   6:     137688 bytes,    4421040 total
- age   7:    1407288 bytes,    5828328 total
- age   8:      76000 bytes,    5904328 total
: 96639K->10667K(109248K), 0.0140403 secs] 121422K->36902K(502464K), 0.0141126 secs] [Times: user=0.05 sys=0.00, real=0.01 secs] 
Heap after GC invocations=34 (full 1):
 par new generation   total 109248K, used 10667K [0x00000007a0000000, 0x00000007a8000000, 0x00000007a8000000)
  eden space 87424K,   0% used [0x00000007a0000000, 0x00000007a0000000, 0x00000007a5560000)
  from space 21824K,  48% used [0x00000007a5560000, 0x00000007a5fcafd0, 0x00000007a6ab0000)
  to   space 21824K,   0% used [0x00000007a6ab0000, 0x00000007a6ab0000, 0x00000007a8000000)
 concurrent mark-sweep generation total 393216K, used 26234K [0x00000007a8000000, 0x00000007c0000000, 0x00000007c0000000)
 Metaspace       used 32984K, capacity 33638K, committed 33920K, reserved 1079296K
  class space    used 3726K, capacity 3927K, committed 3968K, reserved 1048576K
}
2017-06-28T15:26:10.154-0500: 1997.607: Total time for which application threads were stopped: 0.0143194 seconds, Stopping threads took: 0.0000357 seconds
2017-06-28T15:26:10.242-0500: 1997.696: Total time for which application threads were stopped: 0.0004329 seconds, Stopping threads took: 0.0002747 seconds
2017-06-28T15:26:10.245-0500: 1997.699: Total time for which application threads were stopped: 0.0001279 seconds, Stopping threads took: 0.0000227 seconds
2017-06-28T15:26:10.245-0500: 1997.699: Total time for which application threads were stopped: 0.0000780 seconds, Stopping threads took: 0.0000128 seconds
2017-06-28T15:26:10.245-0500: 1997.699: Total time for which application threads were stopped: 0.0000530 seconds, Stopping threads took: 0.0000093 seconds
2017-06-28T15:26:10.246-0500: 1997.699: Total time for which application threads were stopped: 0.0000664 seconds, Stopping threads took: 0.0000098 seconds
2017-06-28T15:26:10.246-0500: 1997.699: Total time for which application threads were stopped: 0.0000484 seconds, Stopping threads took: 0.0000084 seconds
2017-06-28T15:26:10.246-0500: 1997.699: Total time for which application threads were stopped: 0.0000605 seconds, Stopping threads took: 0.0000088 seconds
2017-06-28T15:26:10.246-0500: 1997.699: Total time for which application threads were stopped: 0.0000741 seconds, Stopping threads took: 0.0000212 seconds
2017-06-28T15:26:10.264-0500: 1997.717: Total time for which application threads were stopped: 0.0002034 seconds, Stopping threads took: 0.0000974 seconds
2017-06-28T15:26:10.267-0500: 1997.721: Total time for which application threads were stopped: 0.0001581 seconds, Stopping threads took: 0.0000544 seconds
2017-06-28T15:26:10.268-0500: 1997.721: Total time for which application threads were stopped: 0.0000730 seconds, Stopping threads took: 0.0000105 seconds
2017-06-28T15:26:10.280-0500: 1997.734: Total time for which application threads were stopped: 0.0001393 seconds, Stopping threads took: 0.0000349 seconds
2017-06-28T15:26:10.292-0500: 1997.746: Total time for which application threads were stopped: 0.0001390 seconds, Stopping threads took: 0.0000235 seconds
2017-06-28T15:26:10.297-0500: 1997.751: Total time for which application threads were stopped: 0.0001455 seconds, Stopping threads took: 0.0000428 seconds
{Heap before GC invocations=34 (full 1):
 par new generation   total 109248K, used 98091K [0x00000007a0000000, 0x00000007a8000000, 0x00000007a8000000)
  eden space 87424K, 100% used [0x00000007a0000000, 0x00000007a5560000, 0x00000007a5560000)
  from space 21824K,  48% used [0x00000007a5560000, 0x00000007a5fcafd0, 0x00000007a6ab0000)
  to   space 21824K,   0% used [0x00000007a6ab0000, 0x00000007a6ab0000, 0x00000007a8000000)
 concurrent mark-sweep generation total 393216K, used 26234K [0x00000007a8000000, 0x00000007c0000000, 0x00000007c0000000)
 Metaspace       used 33088K, capacity 33714K, committed 33920K, reserved 1079296K
  class space    used 3732K, capacity 3935K, committed 3968K, reserved 1048576K
2017-06-28T15:26:10.381-0500: 1997.835: [GC (Allocation Failure) 2017-06-28T15:26:10.381-0500: 1997.835: [ParNew
Desired survivor size 20112992 bytes, new threshold 8 (max 8)
- age   1:    2847328 bytes,    2847328 total
- age   2:      77392 bytes,    2924720 total
- age   3:    1450624 bytes,    4375344 total
- age   4:     131128 bytes,    4506472 total
- age   5:     146232 bytes,    4652704 total
- age   6:    1403720 bytes,    6056424 total
- age   7:     137688 bytes,    6194112 total
- age   8:    1406744 bytes,    7600856 total
: 98091K->8577K(109248K), 0.0108828 secs] 124326K->34888K(502464K), 0.0109762 secs] [Times: user=0.03 sys=0.00, real=0.01 secs] 
Heap after GC invocations=35 (full 1):
 par new generation   total 109248K, used 8577K [0x00000007a0000000, 0x00000007a8000000, 0x00000007a8000000)
  eden space 87424K,   0% used [0x00000007a0000000, 0x00000007a0000000, 0x00000007a5560000)
  from space 21824K,  39% used [0x00000007a6ab0000, 0x00000007a7310580, 0x00000007a8000000)
  to   space 21824K,   0% used [0x00000007a5560000, 0x00000007a5560000, 0x00000007a6ab0000)
 concurrent mark-sweep generation total 393216K, used 26311K [0x00000007a8000000, 0x00000007c0000000, 0x00000007c0000000)
 Metaspace       used 33088K, capacity 33714K, committed 33920K, reserved 1079296K
  class space    used 3732K, capacity 3935K, committed 3968K, reserved 1048576K
}
2017-06-28T15:26:10.392-0500: 1997.846: Total time for which application threads were stopped: 0.0111836 seconds, Stopping threads took: 0.0000256 seconds
2017-06-28T15:26:10.393-0500: 1997.846: Total time for which application threads were stopped: 0.0002021 seconds, Stopping threads took: 0.0000934 seconds
2017-06-28T15:26:10.393-0500: 1997.846: Total time for which application threads were stopped: 0.0001425 seconds, Stopping threads took: 0.0000890 seconds
{Heap before GC invocations=35 (full 1):
 par new generation   total 109248K, used 96001K [0x00000007a0000000, 0x00000007a8000000, 0x00000007a8000000)
  eden space 87424K, 100% used [0x00000007a0000000, 0x00000007a5560000, 0x00000007a5560000)
  from space 21824K,  39% used [0x00000007a6ab0000, 0x00000007a7310580, 0x00000007a8000000)
  to   space 21824K,   0% used [0x00000007a5560000, 0x00000007a5560000, 0x00000007a6ab0000)
 concurrent mark-sweep generation total 393216K, used 26311K [0x00000007a8000000, 0x00000007c0000000, 0x00000007c0000000)
 Metaspace       used 33088K, capacity 33714K, committed 33920K, reserved 1079296K
  class space    used 3732K, capacity 3935K, committed 3968K, reserved 1048576K
2017-06-28T15:26:10.491-0500: 1997.945: [GC (Allocation Failure) 2017-06-28T15:26:10.491-0500: 1997.945: [ParNew
Desired survivor size 20112992 bytes, new threshold 8 (max 8)
- age   1:     246184 bytes,     246184 total
- age   2:    2397600 bytes,    2643784 total
- age   3:      77392 bytes,    2721176 total
- age   4:    1449400 bytes,    4170576 total
- age   5:     131128 bytes,    4301704 total
- age   6:     146232 bytes,    4447936 total
- age   7:    1403720 bytes,    5851656 total
- age   8:     137688 bytes,    5989344 total
: 96001K->9422K(109248K), 0.0155460 secs] 122312K->37118K(502464K), 0.0156402 secs] [Times: user=0.05 sys=0.00, real=0.01 secs] 
Heap after GC invocations=36 (full 1):
 par new generation   total 109248K, used 9422K [0x00000007a0000000, 0x00000007a8000000, 0x00000007a8000000)
  eden space 87424K,   0% used [0x00000007a0000000, 0x00000007a0000000, 0x00000007a5560000)
  from space 21824K,  43% used [0x00000007a5560000, 0x00000007a5e93b10, 0x00000007a6ab0000)
  to   space 21824K,   0% used [0x00000007a6ab0000, 0x00000007a6ab0000, 0x00000007a8000000)
 concurrent mark-sweep generation total 393216K, used 27695K [0x00000007a8000000, 0x00000007c0000000, 0x00000007c0000000)
 Metaspace       used 33088K, capacity 33714K, committed 33920K, reserved 1079296K
  class space    used 3732K, capacity 3935K, committed 3968K, reserved 1048576K
}
2017-06-28T15:26:10.507-0500: 1997.960: Total time for which application threads were stopped: 0.0158408 seconds, Stopping threads took: 0.0000331 seconds
2017-06-28T15:26:10.507-0500: 1997.961: Total time for which application threads were stopped: 0.0002192 seconds, Stopping threads took: 0.0000832 seconds
2017-06-28T15:26:10.618-0500: 1998.071: Total time for which application threads were stopped: 0.0001883 seconds, Stopping threads took: 0.0000407 seconds
2017-06-28T15:26:10.618-0500: 1998.072: Total time for which application threads were stopped: 0.0000982 seconds, Stopping threads took: 0.0000354 seconds
2017-06-28T15:26:10.619-0500: 1998.072: Total time for which application threads were stopped: 0.0001192 seconds, Stopping threads took: 0.0000781 seconds
2017-06-28T15:26:10.619-0500: 1998.072: Total time for which application threads were stopped: 0.0000986 seconds, Stopping threads took: 0.0000549 seconds
2017-06-28T15:26:10.619-0500: 1998.072: Total time for which application threads were stopped: 0.0000692 seconds, Stopping threads took: 0.0000275 seconds
2017-06-28T15:26:10.619-0500: 1998.073: Total time for which application threads were stopped: 0.0000774 seconds, Stopping threads took: 0.0000376 seconds
2017-06-28T15:26:10.619-0500: 1998.073: Total time for which application threads were stopped: 0.0000489 seconds, Stopping threads took: 0.0000089 seconds
2017-06-28T15:26:10.637-0500: 1998.090: Total time for which application threads were stopped: 0.0002261 seconds, Stopping threads took: 0.0001096 seconds
2017-06-28T15:26:10.639-0500: 1998.093: Total time for which application threads were stopped: 0.0001084 seconds, Stopping threads took: 0.0000212 seconds
2017-06-28T15:26:10.640-0500: 1998.094: Total time for which application threads were stopped: 0.0001178 seconds, Stopping threads took: 0.0000378 seconds
2017-06-28T15:26:11.069-0500: 1998.523: Total time for which application threads were stopped: 0.0001195 seconds, Stopping threads took: 0.0000224 seconds
2017-06-28T15:26:11.081-0500: 1998.534: Total time for which application threads were stopped: 0.0000965 seconds, Stopping threads took: 0.0000178 seconds
{Heap before GC invocations=36 (full 1):
 par new generation   total 109248K, used 96831K [0x00000007a0000000, 0x00000007a8000000, 0x00000007a8000000)
  eden space 87424K,  99% used [0x00000007a0000000, 0x00000007a555c488, 0x00000007a5560000)
  from space 21824K,  43% used [0x00000007a5560000, 0x00000007a5e93b10, 0x00000007a6ab0000)
  to   space 21824K,   0% used [0x00000007a6ab0000, 0x00000007a6ab0000, 0x00000007a8000000)
 concurrent mark-sweep generation total 393216K, used 27695K [0x00000007a8000000, 0x00000007c0000000, 0x00000007c0000000)
 Metaspace       used 33181K, capacity 33854K, committed 33920K, reserved 1079296K
  class space    used 3739K, capacity 3943K, committed 3968K, reserved 1048576K
2017-06-28T15:26:11.121-0500: 1998.574: [GC (Allocation Failure) 2017-06-28T15:26:11.121-0500: 1998.574: [ParNew
Desired survivor size 20112992 bytes, new threshold 8 (max 8)
- age   1:    1936904 bytes,    1936904 total
- age   2:      74264 bytes,    2011168 total
- age   3:    1470056 bytes,    3481224 total
- age   4:      77392 bytes,    3558616 total
- age   5:    1449088 bytes,    5007704 total
- age   6:     131128 bytes,    5138832 total
- age   7:     146232 bytes,    5285064 total
- age   8:    1403552 bytes,    6688616 total
: 96831K->7581K(109248K), 0.0098964 secs] 124527K->35413K(502464K), 0.0099878 secs] [Times: user=0.03 sys=0.00, real=0.01 secs] 
Heap after GC invocations=37 (full 1):
 par new generation   total 109248K, used 7581K [0x00000007a0000000, 0x00000007a8000000, 0x00000007a8000000)
  eden space 87424K,   0% used [0x00000007a0000000, 0x00000007a0000000, 0x00000007a5560000)
  from space 21824K,  34% used [0x00000007a6ab0000, 0x00000007a72176e0, 0x00000007a8000000)
  to   space 21824K,   0% used [0x00000007a5560000, 0x00000007a5560000, 0x00000007a6ab0000)
 concurrent mark-sweep generation total 393216K, used 27831K [0x00000007a8000000, 0x00000007c0000000, 0x00000007c0000000)
 Metaspace       used 33181K, capacity 33854K, committed 33920K, reserved 1079296K
  class space    used 3739K, capacity 3943K, committed 3968K, reserved 1048576K
}
2017-06-28T15:26:11.131-0500: 1998.584: Total time for which application threads were stopped: 0.0101878 seconds, Stopping threads took: 0.0000215 seconds
2017-06-28T15:26:11.131-0500: 1998.585: Total time for which application threads were stopped: 0.0001460 seconds, Stopping threads took: 0.0000654 seconds
2017-06-28T15:26:11.131-0500: 1998.585: Total time for which application threads were stopped: 0.0001366 seconds, Stopping threads took: 0.0000645 seconds
{Heap before GC invocations=37 (full 1):
 par new generation   total 109248K, used 95005K [0x00000007a0000000, 0x00000007a8000000, 0x00000007a8000000)
  eden space 87424K, 100% used [0x00000007a0000000, 0x00000007a5560000, 0x00000007a5560000)
  from space 21824K,  34% used [0x00000007a6ab0000, 0x00000007a72176e0, 0x00000007a8000000)
  to   space 21824K,   0% used [0x00000007a5560000, 0x00000007a5560000, 0x00000007a6ab0000)
 concurrent mark-sweep generation total 393216K, used 27831K [0x00000007a8000000, 0x00000007c0000000, 0x00000007c0000000)
 Metaspace       used 33190K, capacity 33854K, committed 33920K, reserved 1079296K
  class space    used 3739K, capacity 3943K, committed 3968K, reserved 1048576K
2017-06-28T15:26:11.212-0500: 1998.666: [GC (Allocation Failure) 2017-06-28T15:26:11.212-0500: 1998.666: [ParNew
Desired survivor size 20112992 bytes, new threshold 8 (max 8)
- age   1:    1183872 bytes,    1183872 total
- age   2:    1487616 bytes,    2671488 total
- age   3:      74264 bytes,    2745752 total
- age   4:    1468880 bytes,    4214632 total
- age   5:      77392 bytes,    4292024 total
- age   6:    1449112 bytes,    5741136 total
- age   7:     131128 bytes,    5872264 total
- age   8:     146232 bytes,    6018496 total
: 95005K->9899K(109248K), 0.0124453 secs] 122837K->39112K(502464K), 0.0125446 secs] [Times: user=0.04 sys=0.00, real=0.01 secs] 
Heap after GC invocations=38 (full 1):
 par new generation   total 109248K, used 9899K [0x00000007a0000000, 0x00000007a8000000, 0x00000007a8000000)
  eden space 87424K,   0% used [0x00000007a0000000, 0x00000007a0000000, 0x00000007a5560000)
  from space 21824K,  45% used [0x00000007a5560000, 0x00000007a5f0afa8, 0x00000007a6ab0000)
  to   space 21824K,   0% used [0x00000007a6ab0000, 0x00000007a6ab0000, 0x00000007a8000000)
 concurrent mark-sweep generation total 393216K, used 29212K [0x00000007a8000000, 0x00000007c0000000, 0x00000007c0000000)
 Metaspace       used 33190K, capacity 33854K, committed 33920K, reserved 1079296K
  class space    used 3739K, capacity 3943K, committed 3968K, reserved 1048576K
}
2017-06-28T15:26:11.225-0500: 1998.678: Total time for which application threads were stopped: 0.0127515 seconds, Stopping threads took: 0.0000221 seconds
2017-06-28T15:26:11.225-0500: 1998.679: Total time for which application threads were stopped: 0.0002115 seconds, Stopping threads took: 0.0000812 seconds
2017-06-28T15:26:11.350-0500: 1998.803: Total time for which application threads were stopped: 0.0002181 seconds, Stopping threads took: 0.0000315 seconds
2017-06-28T15:26:11.350-0500: 1998.804: Total time for which application threads were stopped: 0.0000740 seconds, Stopping threads took: 0.0000143 seconds
2017-06-28T15:26:11.350-0500: 1998.804: Total time for which application threads were stopped: 0.0000608 seconds, Stopping threads took: 0.0000152 seconds
2017-06-28T15:26:11.351-0500: 1998.804: Total time for which application threads were stopped: 0.0000423 seconds, Stopping threads took: 0.0000069 seconds
2017-06-28T15:26:11.351-0500: 1998.804: Total time for which application threads were stopped: 0.0000396 seconds, Stopping threads took: 0.0000067 seconds
2017-06-28T15:26:11.351-0500: 1998.804: Total time for which application threads were stopped: 0.0000466 seconds, Stopping threads took: 0.0000107 seconds
2017-06-28T15:26:11.351-0500: 1998.804: Total time for which application threads were stopped: 0.0000716 seconds, Stopping threads took: 0.0000216 seconds
2017-06-28T15:26:11.351-0500: 1998.805: Total time for which application threads were stopped: 0.0000553 seconds, Stopping threads took: 0.0000104 seconds
2017-06-28T15:26:11.365-0500: 1998.819: Total time for which application threads were stopped: 0.0003206 seconds, Stopping threads took: 0.0002001 seconds
2017-06-28T15:26:11.369-0500: 1998.823: Total time for which application threads were stopped: 0.0001266 seconds, Stopping threads took: 0.0000243 seconds
2017-06-28T15:26:11.369-0500: 1998.823: Total time for which application threads were stopped: 0.0000780 seconds, Stopping threads took: 0.0000113 seconds
2017-06-28T15:26:11.394-0500: 1998.848: Total time for which application threads were stopped: 0.0001326 seconds, Stopping threads took: 0.0000250 seconds
2017-06-28T15:26:12.177-0500: 1999.631: Total time for which application threads were stopped: 0.0001488 seconds, Stopping threads took: 0.0000404 seconds
2017-06-28T15:26:12.187-0500: 1999.641: Total time for which application threads were stopped: 0.0001226 seconds, Stopping threads took: 0.0000216 seconds
{Heap before GC invocations=38 (full 1):
 par new generation   total 109248K, used 97323K [0x00000007a0000000, 0x00000007a8000000, 0x00000007a8000000)
  eden space 87424K, 100% used [0x00000007a0000000, 0x00000007a5560000, 0x00000007a5560000)
  from space 21824K,  45% used [0x00000007a5560000, 0x00000007a5f0afa8, 0x00000007a6ab0000)
  to   space 21824K,   0% used [0x00000007a6ab0000, 0x00000007a6ab0000, 0x00000007a8000000)
 concurrent mark-sweep generation total 393216K, used 29212K [0x00000007a8000000, 0x00000007c0000000, 0x00000007c0000000)
 Metaspace       used 33272K, capacity 33930K, committed 34176K, reserved 1079296K
  class space    used 3746K, capacity 3951K, committed 3968K, reserved 1048576K
2017-06-28T15:26:12.209-0500: 1999.663: [GC (Allocation Failure) 2017-06-28T15:26:12.209-0500: 1999.663: [ParNew
Desired survivor size 20112992 bytes, new threshold 8 (max 8)
- age   1:    1944776 bytes,    1944776 total
- age   2:     138064 bytes,    2082840 total
- age   3:    1407848 bytes,    3490688 total
- age   4:      74264 bytes,    3564952 total
- age   5:    1468736 bytes,    5033688 total
- age   6:      77392 bytes,    5111080 total
- age   7:    1449088 bytes,    6560168 total
- age   8:     131128 bytes,    6691296 total
: 97323K->7208K(109248K), 0.0106587 secs] 126536K->36565K(502464K), 0.0107565 secs] [Times: user=0.04 sys=0.00, real=0.02 secs] 
Heap after GC invocations=39 (full 1):
 par new generation   total 109248K, used 7208K [0x00000007a0000000, 0x00000007a8000000, 0x00000007a8000000)
  eden space 87424K,   0% used [0x00000007a0000000, 0x00000007a0000000, 0x00000007a5560000)
  from space 21824K,  33% used [0x00000007a6ab0000, 0x00000007a71ba080, 0x00000007a8000000)
  to   space 21824K,   0% used [0x00000007a5560000, 0x00000007a5560000, 0x00000007a6ab0000)
 concurrent mark-sweep generation total 393216K, used 29357K [0x00000007a8000000, 0x00000007c0000000, 0x00000007c0000000)
 Metaspace       used 33272K, capacity 33930K, committed 34176K, reserved 1079296K
  class space    used 3746K, capacity 3951K, committed 3968K, reserved 1048576K
}
2017-06-28T15:26:12.220-0500: 1999.674: Total time for which application threads were stopped: 0.0109832 seconds, Stopping threads took: 0.0000240 seconds
2017-06-28T15:26:12.221-0500: 1999.674: Total time for which application threads were stopped: 0.0001944 seconds, Stopping threads took: 0.0000871 seconds
2017-06-28T15:26:12.221-0500: 1999.674: Total time for which application threads were stopped: 0.0001057 seconds, Stopping threads took: 0.0000544 seconds
{Heap before GC invocations=39 (full 1):
 par new generation   total 109248K, used 94632K [0x00000007a0000000, 0x00000007a8000000, 0x00000007a8000000)
  eden space 87424K, 100% used [0x00000007a0000000, 0x00000007a5560000, 0x00000007a5560000)
  from space 21824K,  33% used [0x00000007a6ab0000, 0x00000007a71ba080, 0x00000007a8000000)
  to   space 21824K,   0% used [0x00000007a5560000, 0x00000007a5560000, 0x00000007a6ab0000)
 concurrent mark-sweep generation total 393216K, used 29357K [0x00000007a8000000, 0x00000007c0000000, 0x00000007c0000000)
 Metaspace       used 33306K, capacity 33978K, committed 34176K, reserved 1079296K
  class space    used 3750K, capacity 3959K, committed 3968K, reserved 1048576K
2017-06-28T15:26:12.304-0500: 1999.757: [GC (Allocation Failure) 2017-06-28T15:26:12.304-0500: 1999.757: [ParNew
Desired survivor size 20112992 bytes, new threshold 8 (max 8)
- age   1:    1032344 bytes,    1032344 total
- age   2:    1482336 bytes,    2514680 total
- age   3:     137744 bytes,    2652424 total
- age   4:    1407016 bytes,    4059440 total
- age   5:      74264 bytes,    4133704 total
- age   6:    1468760 bytes,    5602464 total
- age   7:      77392 bytes,    5679856 total
- age   8:    1449088 bytes,    7128944 total
: 94632K->9837K(109248K), 0.0100457 secs] 123989K->39326K(502464K), 0.0101167 secs] [Times: user=0.04 sys=0.00, real=0.01 secs] 
Heap after GC invocations=40 (full 1):
 par new generation   total 109248K, used 9837K [0x00000007a0000000, 0x00000007a8000000, 0x00000007a8000000)
  eden space 87424K,   0% used [0x00000007a0000000, 0x00000007a0000000, 0x00000007a5560000)
  from space 21824K,  45% used [0x00000007a5560000, 0x00000007a5efb7d0, 0x00000007a6ab0000)
  to   space 21824K,   0% used [0x00000007a6ab0000, 0x00000007a6ab0000, 0x00000007a8000000)
 concurrent mark-sweep generation total 393216K, used 29488K [0x00000007a8000000, 0x00000007c0000000, 0x00000007c0000000)
 Metaspace       used 33306K, capacity 33978K, committed 34176K, reserved 1079296K
  class space    used 3750K, capacity 3959K, committed 3968K, reserved 1048576K
}
2017-06-28T15:26:12.314-0500: 1999.767: Total time for which application threads were stopped: 0.0103219 seconds, Stopping threads took: 0.0000193 seconds
2017-06-28T15:26:12.314-0500: 1999.768: Total time for which application threads were stopped: 0.0001749 seconds, Stopping threads took: 0.0000746 seconds
{Heap before GC invocations=40 (full 1):
 par new generation   total 109248K, used 97261K [0x00000007a0000000, 0x00000007a8000000, 0x00000007a8000000)
  eden space 87424K, 100% used [0x00000007a0000000, 0x00000007a5560000, 0x00000007a5560000)
  from space 21824K,  45% used [0x00000007a5560000, 0x00000007a5efb7d0, 0x00000007a6ab0000)
  to   space 21824K,   0% used [0x00000007a6ab0000, 0x00000007a6ab0000, 0x00000007a8000000)
 concurrent mark-sweep generation total 393216K, used 29488K [0x00000007a8000000, 0x00000007c0000000, 0x00000007c0000000)
 Metaspace       used 33399K, capacity 34118K, committed 34304K, reserved 1079296K
  class space    used 3764K, capacity 3983K, committed 4096K, reserved 1048576K
2017-06-28T15:26:12.419-0500: 1999.873: [GC (Allocation Failure) 2017-06-28T15:26:12.419-0500: 1999.873: [ParNew
Desired survivor size 20112992 bytes, new threshold 8 (max 8)
- age   1:     217760 bytes,     217760 total
- age   2:     155760 bytes,     373520 total
- age   3:    1472592 bytes,    1846112 total
- age   4:     137744 bytes,    1983856 total
- age   5:    1406944 bytes,    3390800 total
- age   6:      74264 bytes,    3465064 total
- age   7:    1468760 bytes,    4933824 total
- age   8:      77392 bytes,    5011216 total
: 97261K->7028K(109248K), 0.0175422 secs] 126750K->37941K(502464K), 0.0176674 secs] [Times: user=0.04 sys=0.00, real=0.02 secs] 
Heap after GC invocations=41 (full 1):
 par new generation   total 109248K, used 7028K [0x00000007a0000000, 0x00000007a8000000, 0x00000007a8000000)
  eden space 87424K,   0% used [0x00000007a0000000, 0x00000007a0000000, 0x00000007a5560000)
  from space 21824K,  32% used [0x00000007a6ab0000, 0x00000007a718d0a8, 0x00000007a8000000)
  to   space 21824K,   0% used [0x00000007a5560000, 0x00000007a5560000, 0x00000007a6ab0000)
 concurrent mark-sweep generation total 393216K, used 30913K [0x00000007a8000000, 0x00000007c0000000, 0x00000007c0000000)
 Metaspace       used 33399K, capacity 34118K, committed 34304K, reserved 1079296K
  class space    used 3764K, capacity 3983K, committed 4096K, reserved 1048576K
}
2017-06-28T15:26:12.437-0500: 1999.891: Total time for which application threads were stopped: 0.0183061 seconds, Stopping threads took: 0.0004389 seconds
2017-06-28T15:26:12.476-0500: 1999.929: Total time for which application threads were stopped: 0.0001511 seconds, Stopping threads took: 0.0000437 seconds
2017-06-28T15:26:12.477-0500: 1999.930: Total time for which application threads were stopped: 0.0000769 seconds, Stopping threads took: 0.0000152 seconds
2017-06-28T15:26:12.477-0500: 1999.930: Total time for which application threads were stopped: 0.0000466 seconds, Stopping threads took: 0.0000079 seconds
2017-06-28T15:26:12.477-0500: 1999.930: Total time for which application threads were stopped: 0.0000449 seconds, Stopping threads took: 0.0000073 seconds
2017-06-28T15:26:12.477-0500: 1999.930: Total time for which application threads were stopped: 0.0000470 seconds, Stopping threads took: 0.0000080 seconds
2017-06-28T15:26:12.477-0500: 1999.931: Total time for which application threads were stopped: 0.0000446 seconds, Stopping threads took: 0.0000070 seconds
2017-06-28T15:26:12.477-0500: 1999.931: Total time for which application threads were stopped: 0.0000468 seconds, Stopping threads took: 0.0000079 seconds
2017-06-28T15:26:12.493-0500: 1999.946: Total time for which application threads were stopped: 0.0001594 seconds, Stopping threads took: 0.0000647 seconds
2017-06-28T15:26:12.495-0500: 1999.949: Total time for which application threads were stopped: 0.0001653 seconds, Stopping threads took: 0.0000721 seconds
2017-06-28T15:26:12.495-0500: 1999.949: Total time for which application threads were stopped: 0.0001123 seconds, Stopping threads took: 0.0000484 seconds
2017-06-28T15:26:12.526-0500: 1999.980: Total time for which application threads were stopped: 0.0001535 seconds, Stopping threads took: 0.0000225 seconds
{Heap before GC invocations=41 (full 1):
 par new generation   total 109248K, used 94452K [0x00000007a0000000, 0x00000007a8000000, 0x00000007a8000000)
  eden space 87424K, 100% used [0x00000007a0000000, 0x00000007a5560000, 0x00000007a5560000)
  from space 21824K,  32% used [0x00000007a6ab0000, 0x00000007a718d0a8, 0x00000007a8000000)
  to   space 21824K,   0% used [0x00000007a5560000, 0x00000007a5560000, 0x00000007a6ab0000)
 concurrent mark-sweep generation total 393216K, used 30913K [0x00000007a8000000, 0x00000007c0000000, 0x00000007c0000000)
 Metaspace       used 33501K, capacity 34258K, committed 34560K, reserved 1079296K
  class space    used 3770K, capacity 3991K, committed 4096K, reserved 1048576K
2017-06-28T15:26:12.622-0500: 2000.075: [GC (Allocation Failure) 2017-06-28T15:26:12.622-0500: 2000.075: [ParNew
Desired survivor size 20112992 bytes, new threshold 8 (max 8)
- age   1:    3043936 bytes,    3043936 total
- age   2:     202528 bytes,    3246464 total
- age   3:     155424 bytes,    3401888 total
- age   4:    1402696 bytes,    4804584 total
- age   5:     137744 bytes,    4942328 total
- age   6:    1406848 bytes,    6349176 total
- age   7:      74264 bytes,    6423440 total
- age   8:    1468392 bytes,    7891832 total
: 94452K->9227K(109248K), 0.0119549 secs] 125365K->40218K(502464K), 0.0120519 secs] [Times: user=0.04 sys=0.00, real=0.01 secs] 
Heap after GC invocations=42 (full 1):
 par new generation   total 109248K, used 9227K [0x00000007a0000000, 0x00000007a8000000, 0x00000007a8000000)
  eden space 87424K,   0% used [0x00000007a0000000, 0x00000007a0000000, 0x00000007a5560000)
  from space 21824K,  42% used [0x00000007a5560000, 0x00000007a5e62d08, 0x00000007a6ab0000)
  to   space 21824K,   0% used [0x00000007a6ab0000, 0x00000007a6ab0000, 0x00000007a8000000)
 concurrent mark-sweep generation total 393216K, used 30990K [0x00000007a8000000, 0x00000007c0000000, 0x00000007c0000000)
 Metaspace       used 33501K, capacity 34258K, committed 34560K, reserved 1079296K
  class space    used 3770K, capacity 3991K, committed 4096K, reserved 1048576K
}
2017-06-28T15:26:12.634-0500: 2000.088: Total time for which application threads were stopped: 0.0122760 seconds, Stopping threads took: 0.0000214 seconds
2017-06-28T15:26:12.634-0500: 2000.088: Total time for which application threads were stopped: 0.0002645 seconds, Stopping threads took: 0.0001283 seconds
2017-06-28T15:26:12.635-0500: 2000.089: Total time for which application threads were stopped: 0.0005533 seconds, Stopping threads took: 0.0004489 seconds
{Heap before GC invocations=42 (full 1):
 par new generation   total 109248K, used 96651K [0x00000007a0000000, 0x00000007a8000000, 0x00000007a8000000)
  eden space 87424K, 100% used [0x00000007a0000000, 0x00000007a5560000, 0x00000007a5560000)
  from space 21824K,  42% used [0x00000007a5560000, 0x00000007a5e62d08, 0x00000007a6ab0000)
  to   space 21824K,   0% used [0x00000007a6ab0000, 0x00000007a6ab0000, 0x00000007a8000000)
 concurrent mark-sweep generation total 393216K, used 30990K [0x00000007a8000000, 0x00000007c0000000, 0x00000007c0000000)
 Metaspace       used 33531K, capacity 34300K, committed 34560K, reserved 1079296K
  class space    used 3774K, capacity 3998K, committed 4096K, reserved 1048576K
2017-06-28T15:26:12.725-0500: 2000.178: [GC (Allocation Failure) 2017-06-28T15:26:12.725-0500: 2000.178: [ParNew
Desired survivor size 20112992 bytes, new threshold 8 (max 8)
- age   1:     421016 bytes,     421016 total
- age   2:    2296544 bytes,    2717560 total
- age   3:     202528 bytes,    2920088 total
- age   4:     155104 bytes,    3075192 total
- age   5:    1401848 bytes,    4477040 total
- age   6:     137744 bytes,    4614784 total
- age   7:    1406720 bytes,    6021504 total
- age   8:      74264 bytes,    6095768 total
: 96651K->9734K(109248K), 0.0119971 secs] 127642K->42169K(502464K), 0.0120982 secs] [Times: user=0.04 sys=0.01, real=0.01 secs] 
Heap after GC invocations=43 (full 1):
 par new generation   total 109248K, used 9734K [0x00000007a0000000, 0x00000007a8000000, 0x00000007a8000000)
  eden space 87424K,   0% used [0x00000007a0000000, 0x00000007a0000000, 0x00000007a5560000)
  from space 21824K,  44% used [0x00000007a6ab0000, 0x00000007a7431b40, 0x00000007a8000000)
  to   space 21824K,   0% used [0x00000007a5560000, 0x00000007a5560000, 0x00000007a6ab0000)
 concurrent mark-sweep generation total 393216K, used 32434K [0x00000007a8000000, 0x00000007c0000000, 0x00000007c0000000)
 Metaspace       used 33531K, capacity 34300K, committed 34560K, reserved 1079296K
  class space    used 3774K, capacity 3998K, committed 4096K, reserved 1048576K
}
2017-06-28T15:26:12.737-0500: 2000.191: Total time for which application threads were stopped: 0.0122885 seconds, Stopping threads took: 0.0000223 seconds
2017-06-28T15:26:12.737-0500: 2000.191: Total time for which application threads were stopped: 0.0001718 seconds, Stopping threads took: 0.0000664 seconds
2017-06-28T15:26:12.820-0500: 2000.273: Total time for which application threads were stopped: 0.0001379 seconds, Stopping threads took: 0.0000196 seconds
2017-06-28T15:26:12.821-0500: 2000.275: Total time for which application threads were stopped: 0.0001260 seconds, Stopping threads took: 0.0000522 seconds
2017-06-28T15:26:12.821-0500: 2000.275: Total time for which application threads were stopped: 0.0000745 seconds, Stopping threads took: 0.0000340 seconds
2017-06-28T15:26:12.821-0500: 2000.275: Total time for which application threads were stopped: 0.0000457 seconds, Stopping threads took: 0.0000068 seconds
2017-06-28T15:26:12.821-0500: 2000.275: Total time for which application threads were stopped: 0.0000600 seconds, Stopping threads took: 0.0000110 seconds
2017-06-28T15:26:12.822-0500: 2000.275: Total time for which application threads were stopped: 0.0000869 seconds, Stopping threads took: 0.0000243 seconds
2017-06-28T15:26:12.822-0500: 2000.275: Total time for which application threads were stopped: 0.0000737 seconds, Stopping threads took: 0.0000260 seconds
2017-06-28T15:26:12.838-0500: 2000.292: Total time for which application threads were stopped: 0.0002407 seconds, Stopping threads took: 0.0001283 seconds
2017-06-28T15:26:12.842-0500: 2000.296: Total time for which application threads were stopped: 0.0001399 seconds, Stopping threads took: 0.0000604 seconds
2017-06-28T15:26:12.842-0500: 2000.296: Total time for which application threads were stopped: 0.0001159 seconds, Stopping threads took: 0.0000631 seconds
2017-06-28T15:26:12.854-0500: 2000.307: Total time for which application threads were stopped: 0.0002724 seconds, Stopping threads took: 0.0000512 seconds
2017-06-28T15:26:12.866-0500: 2000.319: Total time for which application threads were stopped: 0.0002222 seconds, Stopping threads took: 0.0001123 seconds
{Heap before GC invocations=43 (full 1):
 par new generation   total 109248K, used 97158K [0x00000007a0000000, 0x00000007a8000000, 0x00000007a8000000)
  eden space 87424K, 100% used [0x00000007a0000000, 0x00000007a5560000, 0x00000007a5560000)
  from space 21824K,  44% used [0x00000007a6ab0000, 0x00000007a7431b40, 0x00000007a8000000)
  to   space 21824K,   0% used [0x00000007a5560000, 0x00000007a5560000, 0x00000007a6ab0000)
 concurrent mark-sweep generation total 393216K, used 32434K [0x00000007a8000000, 0x00000007c0000000, 0x00000007c0000000)
 Metaspace       used 33997K, capacity 35040K, committed 35200K, reserved 1081344K
  class space    used 3836K, capacity 4106K, committed 4224K, reserved 1048576K
2017-06-28T15:26:12.945-0500: 2000.399: [GC (Allocation Failure) 2017-06-28T15:26:12.945-0500: 2000.399: [ParNew
Desired survivor size 20112992 bytes, new threshold 8 (max 8)
- age   1:    2988904 bytes,    2988904 total
- age   2:      84280 bytes,    3073184 total
- age   3:    1368472 bytes,    4441656 total
- age   4:     202528 bytes,    4644184 total
- age   5:     155104 bytes,    4799288 total
- age   6:    1401696 bytes,    6200984 total
- age   7:     137744 bytes,    6338728 total
- age   8:    1406504 bytes,    7745232 total
: 97158K->8554K(109248K), 0.0126852 secs] 129593K->41063K(502464K), 0.0127823 secs] [Times: user=0.04 sys=0.00, real=0.01 secs] 
Heap after GC invocations=44 (full 1):
 par new generation   total 109248K, used 8554K [0x00000007a0000000, 0x00000007a8000000, 0x00000007a8000000)
  eden space 87424K,   0% used [0x00000007a0000000, 0x00000007a0000000, 0x00000007a5560000)
  from space 21824K,  39% used [0x00000007a5560000, 0x00000007a5dba938, 0x00000007a6ab0000)
  to   space 21824K,   0% used [0x00000007a6ab0000, 0x00000007a6ab0000, 0x00000007a8000000)
 concurrent mark-sweep generation total 393216K, used 32509K [0x00000007a8000000, 0x00000007c0000000, 0x00000007c0000000)
 Metaspace       used 33997K, capacity 35040K, committed 35200K, reserved 1081344K
  class space    used 3836K, capacity 4106K, committed 4224K, reserved 1048576K
}
2017-06-28T15:26:12.958-0500: 2000.412: Total time for which application threads were stopped: 0.0130060 seconds, Stopping threads took: 0.0000220 seconds
2017-06-28T15:26:12.959-0500: 2000.412: Total time for which application threads were stopped: 0.0000975 seconds, Stopping threads took: 0.0000166 seconds
2017-06-28T15:26:12.959-0500: 2000.412: Total time for which application threads were stopped: 0.0001453 seconds, Stopping threads took: 0.0000673 seconds
{Heap before GC invocations=44 (full 1):
 par new generation   total 109248K, used 95978K [0x00000007a0000000, 0x00000007a8000000, 0x00000007a8000000)
  eden space 87424K, 100% used [0x00000007a0000000, 0x00000007a5560000, 0x00000007a5560000)
  from space 21824K,  39% used [0x00000007a5560000, 0x00000007a5dba938, 0x00000007a6ab0000)
  to   space 21824K,   0% used [0x00000007a6ab0000, 0x00000007a6ab0000, 0x00000007a8000000)
 concurrent mark-sweep generation total 393216K, used 32509K [0x00000007a8000000, 0x00000007c0000000, 0x00000007c0000000)
 Metaspace       used 34005K, capacity 35052K, committed 35200K, reserved 1081344K
  class space    used 3837K, capacity 4108K, committed 4224K, reserved 1048576K
2017-06-28T15:26:13.036-0500: 2000.489: [GC (Allocation Failure) 2017-06-28T15:26:13.036-0500: 2000.489: [ParNew
Desired survivor size 20112992 bytes, new threshold 8 (max 8)
- age   1:     637944 bytes,     637944 total
- age   2:    2500840 bytes,    3138784 total
- age   3:      84280 bytes,    3223064 total
- age   4:    1367248 bytes,    4590312 total
- age   5:     202528 bytes,    4792840 total
- age   6:     155104 bytes,    4947944 total
- age   7:    1401696 bytes,    6349640 total
- age   8:     137744 bytes,    6487384 total
: 95978K->9675K(109248K), 0.0146337 secs] 128487K->43569K(502464K), 0.0147085 secs] [Times: user=0.05 sys=0.00, real=0.02 secs] 
Heap after GC invocations=45 (full 1):
 par new generation   total 109248K, used 9675K [0x00000007a0000000, 0x00000007a8000000, 0x00000007a8000000)
  eden space 87424K,   0% used [0x00000007a0000000, 0x00000007a0000000, 0x00000007a5560000)
  from space 21824K,  44% used [0x00000007a6ab0000, 0x00000007a7422e70, 0x00000007a8000000)
  to   space 21824K,   0% used [0x00000007a5560000, 0x00000007a5560000, 0x00000007a6ab0000)
 concurrent mark-sweep generation total 393216K, used 33893K [0x00000007a8000000, 0x00000007c0000000, 0x00000007c0000000)
 Metaspace       used 34005K, capacity 35052K, committed 35200K, reserved 1081344K
  class space    used 3837K, capacity 4108K, committed 4224K, reserved 1048576K
}
2017-06-28T15:26:13.050-0500: 2000.504: Total time for which application threads were stopped: 0.0149086 seconds, Stopping threads took: 0.0000221 seconds
2017-06-28T15:26:13.051-0500: 2000.504: Total time for which application threads were stopped: 0.0001817 seconds, Stopping threads took: 0.0000746 seconds
2017-06-28T15:26:13.147-0500: 2000.601: Total time for which application threads were stopped: 0.0001464 seconds, Stopping threads took: 0.0000460 seconds
2017-06-28T15:26:13.148-0500: 2000.602: Total time for which application threads were stopped: 0.0000745 seconds, Stopping threads took: 0.0000150 seconds
2017-06-28T15:26:13.148-0500: 2000.602: Total time for which application threads were stopped: 0.0000736 seconds, Stopping threads took: 0.0000123 seconds
2017-06-28T15:26:13.148-0500: 2000.602: Total time for which application threads were stopped: 0.0000646 seconds, Stopping threads took: 0.0000102 seconds
2017-06-28T15:26:13.148-0500: 2000.602: Total time for which application threads were stopped: 0.0000661 seconds, Stopping threads took: 0.0000101 seconds
2017-06-28T15:26:13.149-0500: 2000.602: Total time for which application threads were stopped: 0.0000637 seconds, Stopping threads took: 0.0000092 seconds
2017-06-28T15:26:13.149-0500: 2000.602: Total time for which application threads were stopped: 0.0000614 seconds, Stopping threads took: 0.0000100 seconds
2017-06-28T15:26:13.164-0500: 2000.618: Total time for which application threads were stopped: 0.0001789 seconds, Stopping threads took: 0.0000979 seconds
2017-06-28T15:26:13.167-0500: 2000.620: Total time for which application threads were stopped: 0.0001346 seconds, Stopping threads took: 0.0000382 seconds
2017-06-28T15:26:13.167-0500: 2000.621: Total time for which application threads were stopped: 0.0001291 seconds, Stopping threads took: 0.0000489 seconds
2017-06-28T15:26:13.191-0500: 2000.645: Total time for which application threads were stopped: 0.0001339 seconds, Stopping threads took: 0.0000233 seconds
2017-06-28T15:26:14.195-0500: 2001.648: Total time for which application threads were stopped: 0.0001529 seconds, Stopping threads took: 0.0000419 seconds
2017-06-28T15:26:21.213-0500: 2008.666: Total time for which application threads were stopped: 0.0001551 seconds, Stopping threads took: 0.0000278 seconds
2017-06-28T15:26:21.707-0500: 2009.160: Total time for which application threads were stopped: 0.0001325 seconds, Stopping threads took: 0.0000217 seconds
2017-06-28T15:26:21.710-0500: 2009.163: Total time for which application threads were stopped: 0.0003455 seconds, Stopping threads took: 0.0000207 seconds
2017-06-28T15:26:22.711-0500: 2010.165: Total time for which application threads were stopped: 0.0001047 seconds, Stopping threads took: 0.0000216 seconds
2017-06-28T15:26:25.716-0500: 2013.169: Total time for which application threads were stopped: 0.0003684 seconds, Stopping threads took: 0.0002270 seconds
2017-06-28T15:26:29.722-0500: 2017.176: Total time for which application threads were stopped: 0.0002342 seconds, Stopping threads took: 0.0000458 seconds
2017-06-28T15:26:33.728-0500: 2021.182: Total time for which application threads were stopped: 0.0001122 seconds, Stopping threads took: 0.0000242 seconds
2017-06-28T15:26:34.731-0500: 2022.185: Total time for which application threads were stopped: 0.0002142 seconds, Stopping threads took: 0.0000413 seconds
2017-06-28T15:26:38.480-0500: 2025.933: Total time for which application threads were stopped: 0.0001238 seconds, Stopping threads took: 0.0000210 seconds
2017-06-28T15:26:39.484-0500: 2026.937: Total time for which application threads were stopped: 0.0003977 seconds, Stopping threads took: 0.0001143 seconds
2017-06-28T15:26:44.499-0500: 2031.952: Total time for which application threads were stopped: 0.0002338 seconds, Stopping threads took: 0.0000447 seconds
2017-06-28T15:26:47.508-0500: 2034.962: Total time for which application threads were stopped: 0.0002128 seconds, Stopping threads took: 0.0000432 seconds
2017-06-28T15:26:51.208-0500: 2038.661: Total time for which application threads were stopped: 0.0001570 seconds, Stopping threads took: 0.0000613 seconds
2017-06-28T15:26:51.219-0500: 2038.673: Total time for which application threads were stopped: 0.0001413 seconds, Stopping threads took: 0.0000252 seconds
2017-06-28T15:26:52.223-0500: 2039.677: Total time for which application threads were stopped: 0.0002476 seconds, Stopping threads took: 0.0000422 seconds
2017-06-28T15:27:33.337-0500: 2080.791: Total time for which application threads were stopped: 0.0001993 seconds, Stopping threads took: 0.0000412 seconds
2017-06-28T15:28:13.446-0500: 2120.900: Total time for which application threads were stopped: 0.0002890 seconds, Stopping threads took: 0.0000521 seconds
2017-06-28T15:28:20.465-0500: 2127.919: Total time for which application threads were stopped: 0.0002007 seconds, Stopping threads took: 0.0000502 seconds
2017-06-28T15:30:04.634-0500: 2232.087: Total time for which application threads were stopped: 0.0001227 seconds, Stopping threads took: 0.0000236 seconds
2017-06-28T15:30:04.677-0500: 2232.130: Total time for which application threads were stopped: 0.0001405 seconds, Stopping threads took: 0.0000400 seconds
2017-06-28T15:30:04.677-0500: 2232.130: Total time for which application threads were stopped: 0.0000730 seconds, Stopping threads took: 0.0000220 seconds
2017-06-28T15:30:05.681-0500: 2233.135: Total time for which application threads were stopped: 0.0002977 seconds, Stopping threads took: 0.0000632 seconds
2017-06-28T15:30:06.846-0500: 2234.300: Total time for which application threads were stopped: 0.0000993 seconds, Stopping threads took: 0.0000212 seconds
2017-06-28T15:30:46.951-0500: 2274.405: Total time for which application threads were stopped: 0.0001117 seconds, Stopping threads took: 0.0000245 seconds
2017-06-28T15:31:04.680-0500: 2292.133: Total time for which application threads were stopped: 0.0001195 seconds, Stopping threads took: 0.0000306 seconds
2017-06-28T15:35:16.290-0500: 2543.744: Total time for which application threads were stopped: 0.0000942 seconds, Stopping threads took: 0.0000239 seconds
2017-06-28T15:47:58.361-0500: 3305.815: Total time for which application threads were stopped: 0.0002364 seconds, Stopping threads took: 0.0000594 seconds
2017-06-28T15:48:25.449-0500: 3332.902: Total time for which application threads were stopped: 0.0002665 seconds, Stopping threads took: 0.0000673 seconds
2017-06-28T15:50:23.761-0500: 3451.214: Total time for which application threads were stopped: 0.0002651 seconds, Stopping threads took: 0.0000610 seconds
2017-06-28T16:18:25.416-0500: 5132.869: Total time for which application threads were stopped: 0.0003322 seconds, Stopping threads took: 0.0000652 seconds
2017-06-28T16:28:25.271-0500: 5732.724: Total time for which application threads were stopped: 0.0001184 seconds, Stopping threads took: 0.0000218 seconds
2017-06-28T16:28:26.271-0500: 5733.725: Total time for which application threads were stopped: 0.0002021 seconds, Stopping threads took: 0.0000420 seconds
2017-06-28T16:29:15.414-0500: 5782.868: Total time for which application threads were stopped: 0.0002129 seconds, Stopping threads took: 0.0000455 seconds
2017-06-28T16:29:25.322-0500: 5792.775: Total time for which application threads were stopped: 0.0001628 seconds, Stopping threads took: 0.0000346 seconds
2017-06-28T16:45:17.773-0500: 6745.227: Total time for which application threads were stopped: 0.0001200 seconds, Stopping threads took: 0.0000236 seconds
2017-06-28T16:45:22.484-0500: 6749.937: Total time for which application threads were stopped: 0.0001156 seconds, Stopping threads took: 0.0000208 seconds
2017-06-28T16:45:22.485-0500: 6749.938: Total time for which application threads were stopped: 0.0001170 seconds, Stopping threads took: 0.0000206 seconds
2017-06-28T16:45:23.488-0500: 6750.941: Total time for which application threads were stopped: 0.0003423 seconds, Stopping threads took: 0.0000633 seconds
2017-06-28T16:46:47.670-0500: 6835.123: Total time for which application threads were stopped: 0.0001245 seconds, Stopping threads took: 0.0000268 seconds
2017-06-28T16:48:30.710-0500: 6938.163: Total time for which application threads were stopped: 0.0001215 seconds, Stopping threads took: 0.0000213 seconds
2017-06-28T16:48:31.710-0500: 6939.164: Total time for which application threads were stopped: 0.0001219 seconds, Stopping threads took: 0.0000287 seconds
2017-06-28T16:48:48.013-0500: 6955.466: Total time for which application threads were stopped: 0.0001456 seconds, Stopping threads took: 0.0000233 seconds
2017-06-28T16:48:48.013-0500: 6955.467: Total time for which application threads were stopped: 0.0001045 seconds, Stopping threads took: 0.0000167 seconds
2017-06-28T16:50:49.989-0500: 7077.443: Total time for which application threads were stopped: 0.0001808 seconds, Stopping threads took: 0.0000433 seconds
2017-06-28T16:50:50.052-0500: 7077.505: Total time for which application threads were stopped: 0.0001403 seconds, Stopping threads took: 0.0000556 seconds
2017-06-28T16:50:51.053-0500: 7078.507: Total time for which application threads were stopped: 0.0002844 seconds, Stopping threads took: 0.0000967 seconds
2017-06-28T16:51:00.072-0500: 7087.526: Total time for which application threads were stopped: 0.0001320 seconds, Stopping threads took: 0.0000291 seconds
2017-06-28T16:51:04.085-0500: 7091.539: Total time for which application threads were stopped: 0.0001393 seconds, Stopping threads took: 0.0000312 seconds
2017-06-28T16:51:05.085-0500: 7092.539: Total time for which application threads were stopped: 0.0001067 seconds, Stopping threads took: 0.0000231 seconds
2017-06-28T16:51:15.113-0500: 7102.567: Total time for which application threads were stopped: 0.0002288 seconds, Stopping threads took: 0.0000438 seconds
2017-06-28T16:51:25.145-0500: 7112.598: Total time for which application threads were stopped: 0.0002284 seconds, Stopping threads took: 0.0000457 seconds
2017-06-28T16:51:35.176-0500: 7122.629: Total time for which application threads were stopped: 0.0005239 seconds, Stopping threads took: 0.0001821 seconds
2017-06-28T16:52:03.894-0500: 7151.348: Total time for which application threads were stopped: 0.0002315 seconds, Stopping threads took: 0.0000595 seconds
2017-06-28T16:52:21.951-0500: 7169.405: Total time for which application threads were stopped: 0.0002864 seconds, Stopping threads took: 0.0000659 seconds
2017-06-28T16:52:27.962-0500: 7175.416: Total time for which application threads were stopped: 0.0001070 seconds, Stopping threads took: 0.0000249 seconds
2017-06-28T16:53:16.068-0500: 7223.522: Total time for which application threads were stopped: 0.0001164 seconds, Stopping threads took: 0.0000261 seconds
2017-06-28T16:53:27.100-0500: 7234.554: Total time for which application threads were stopped: 0.0002792 seconds, Stopping threads took: 0.0000596 seconds
2017-06-28T16:56:58.676-0500: 7446.130: Total time for which application threads were stopped: 0.0002536 seconds, Stopping threads took: 0.0001124 seconds
2017-06-28T17:00:31.248-0500: 7658.701: Total time for which application threads were stopped: 0.0000987 seconds, Stopping threads took: 0.0000237 seconds
2017-06-28T17:03:27.752-0500: 7835.205: Total time for which application threads were stopped: 0.0001275 seconds, Stopping threads took: 0.0000291 seconds
2017-06-28T17:04:03.843-0500: 7871.296: Total time for which application threads were stopped: 0.0000937 seconds, Stopping threads took: 0.0000224 seconds
2017-06-28T17:05:34.091-0500: 7961.545: Total time for which application threads were stopped: 0.0002503 seconds, Stopping threads took: 0.0000568 seconds
2017-06-28T17:06:19.214-0500: 8006.667: Total time for which application threads were stopped: 0.0002466 seconds, Stopping threads took: 0.0000608 seconds
2017-06-28T17:10:25.818-0500: 8253.272: Total time for which application threads were stopped: 0.0003406 seconds, Stopping threads took: 0.0000616 seconds
2017-06-28T17:10:36.845-0500: 8264.298: Total time for which application threads were stopped: 0.0003707 seconds, Stopping threads took: 0.0000642 seconds
2017-06-28T17:10:41.859-0500: 8269.313: Total time for which application threads were stopped: 0.0002469 seconds, Stopping threads took: 0.0000611 seconds
2017-06-28T17:10:52.896-0500: 8280.349: Total time for which application threads were stopped: 0.0001098 seconds, Stopping threads took: 0.0000262 seconds
2017-06-28T17:10:54.902-0500: 8282.356: Total time for which application threads were stopped: 0.0001102 seconds, Stopping threads took: 0.0000239 seconds
2017-06-28T17:11:40.041-0500: 8327.494: Total time for which application threads were stopped: 0.0001452 seconds, Stopping threads took: 0.0000424 seconds
2017-06-28T17:15:13.432-0500: 8540.886: Total time for which application threads were stopped: 0.0000934 seconds, Stopping threads took: 0.0000211 seconds
2017-06-28T17:17:17.873-0500: 8665.326: Total time for which application threads were stopped: 0.0002222 seconds, Stopping threads took: 0.0000462 seconds
2017-06-28T17:17:59.021-0500: 8706.474: Total time for which application threads were stopped: 0.0001322 seconds, Stopping threads took: 0.0000513 seconds
2017-06-28T17:18:00.023-0500: 8707.477: Total time for which application threads were stopped: 0.0003010 seconds, Stopping threads took: 0.0000659 seconds
2017-06-28T17:18:21.429-0500: 8728.883: Total time for which application threads were stopped: 0.0001215 seconds, Stopping threads took: 0.0000236 seconds
2017-06-28T17:19:21.570-0500: 8789.023: Total time for which application threads were stopped: 0.0001252 seconds, Stopping threads took: 0.0000469 seconds
2017-06-28T17:25:26.640-0500: 9154.093: Total time for which application threads were stopped: 0.0001041 seconds, Stopping threads took: 0.0000279 seconds
2017-06-28T17:25:28.649-0500: 9156.102: Total time for which application threads were stopped: 0.0001432 seconds, Stopping threads took: 0.0000249 seconds
2017-06-28T17:25:29.773-0500: 9157.227: Total time for which application threads were stopped: 0.0001015 seconds, Stopping threads took: 0.0000199 seconds
2017-06-28T17:26:19.915-0500: 9207.369: Total time for which application threads were stopped: 0.0001324 seconds, Stopping threads took: 0.0000302 seconds
2017-06-28T17:26:22.379-0500: 9209.833: Total time for which application threads were stopped: 0.0002036 seconds, Stopping threads took: 0.0000450 seconds
2017-06-28T17:36:45.647-0500: 9833.100: Total time for which application threads were stopped: 0.0001228 seconds, Stopping threads took: 0.0000257 seconds
2017-06-28T17:36:49.315-0500: 9836.768: Total time for which application threads were stopped: 0.0001353 seconds, Stopping threads took: 0.0000261 seconds
2017-06-28T17:36:49.317-0500: 9836.771: Total time for which application threads were stopped: 0.0001256 seconds, Stopping threads took: 0.0000239 seconds
2017-06-28T17:36:49.338-0500: 9836.791: Total time for which application threads were stopped: 0.0001903 seconds, Stopping threads took: 0.0000410 seconds
2017-06-28T17:36:49.338-0500: 9836.792: Total time for which application threads were stopped: 0.0001210 seconds, Stopping threads took: 0.0000363 seconds
2017-06-28T17:37:49.352-0500: 9896.806: Total time for which application threads were stopped: 0.0002217 seconds, Stopping threads took: 0.0000513 seconds
2017-06-28T17:42:56.223-0500: 10203.676: Total time for which application threads were stopped: 0.0001063 seconds, Stopping threads took: 0.0000369 seconds
2017-06-28T17:44:37.498-0500: 10304.952: Total time for which application threads were stopped: 0.0004757 seconds, Stopping threads took: 0.0000227 seconds
2017-06-28T17:49:33.440-0500: 10600.893: Total time for which application threads were stopped: 0.0001230 seconds, Stopping threads took: 0.0000235 seconds
2017-06-28T17:49:36.453-0500: 10603.907: Total time for which application threads were stopped: 0.0002100 seconds, Stopping threads took: 0.0000422 seconds
2017-06-28T23:59:57.895-0500: 26545.748: Total time for which application threads were stopped: 0.0009723 seconds, Stopping threads took: 0.0002363 seconds
2017-06-29T00:00:01.902-0500: 26549.756: Total time for which application threads were stopped: 0.0002171 seconds, Stopping threads took: 0.0000551 seconds
{Heap before GC invocations=45 (full 1):
 par new generation   total 109248K, used 97099K [0x00000007a0000000, 0x00000007a8000000, 0x00000007a8000000)
  eden space 87424K, 100% used [0x00000007a0000000, 0x00000007a5560000, 0x00000007a5560000)
  from space 21824K,  44% used [0x00000007a6ab0000, 0x00000007a7422e70, 0x00000007a8000000)
  to   space 21824K,   0% used [0x00000007a5560000, 0x00000007a5560000, 0x00000007a6ab0000)
 concurrent mark-sweep generation total 393216K, used 33893K [0x00000007a8000000, 0x00000007c0000000, 0x00000007c0000000)
 Metaspace       used 34545K, capacity 35544K, committed 35712K, reserved 1081344K
  class space    used 3861K, capacity 4148K, committed 4224K, reserved 1048576K
2017-06-29T16:30:17.269-0500: 36137.756: [GC (Allocation Failure) 2017-06-29T16:30:17.274-0500: 36137.761: [ParNew
Desired survivor size 20112992 bytes, new threshold 8 (max 8)
- age   1:    3193320 bytes,    3193320 total
- age   2:      73896 bytes,    3267216 total
- age   3:    1583368 bytes,    4850584 total
- age   4:      80624 bytes,    4931208 total
- age   5:    1366528 bytes,    6297736 total
- age   6:     202528 bytes,    6500264 total
- age   7:     155104 bytes,    6655368 total
- age   8:    1401056 bytes,    8056424 total
: 97099K->9589K(109248K), 0.2131122 secs] 130993K->43619K(502464K), 0.2178160 secs] [Times: user=0.05 sys=0.20, real=0.22 secs] 
Heap after GC invocations=46 (full 1):
 par new generation   total 109248K, used 9589K [0x00000007a0000000, 0x00000007a8000000, 0x00000007a8000000)
  eden space 87424K,   0% used [0x00000007a0000000, 0x00000007a0000000, 0x00000007a5560000)
  from space 21824K,  43% used [0x00000007a5560000, 0x00000007a5ebd540, 0x00000007a6ab0000)
  to   space 21824K,   0% used [0x00000007a6ab0000, 0x00000007a6ab0000, 0x00000007a8000000)
 concurrent mark-sweep generation total 393216K, used 34030K [0x00000007a8000000, 0x00000007c0000000, 0x00000007c0000000)
 Metaspace       used 34545K, capacity 35544K, committed 35712K, reserved 1081344K
  class space    used 3861K, capacity 4148K, committed 4224K, reserved 1048576K
}
2017-06-29T16:30:17.487-0500: 36137.974: Total time for which application threads were stopped: 0.2234160 seconds, Stopping threads took: 0.0002425 seconds
2017-06-29T16:30:17.489-0500: 36137.976: Total time for which application threads were stopped: 0.0005826 seconds, Stopping threads took: 0.0004624 seconds
2017-06-29T16:30:17.493-0500: 36137.980: Total time for which application threads were stopped: 0.0001105 seconds, Stopping threads took: 0.0000386 seconds
2017-06-29T16:30:17.494-0500: 36137.980: Total time for which application threads were stopped: 0.0000661 seconds, Stopping threads took: 0.0000270 seconds
2017-06-29T16:30:17.495-0500: 36137.981: Total time for which application threads were stopped: 0.0000811 seconds, Stopping threads took: 0.0000412 seconds
2017-06-29T16:30:17.498-0500: 36137.984: Total time for which application threads were stopped: 0.0002244 seconds, Stopping threads took: 0.0000953 seconds
2017-06-29T16:30:17.498-0500: 36137.985: Total time for which application threads were stopped: 0.0001936 seconds, Stopping threads took: 0.0001409 seconds
2017-06-29T16:30:17.537-0500: 36138.023: Total time for which application threads were stopped: 0.0001376 seconds, Stopping threads took: 0.0000163 seconds
2017-06-29T16:30:17.537-0500: 36138.024: Total time for which application threads were stopped: 0.0000479 seconds, Stopping threads took: 0.0000145 seconds
2017-06-29T16:30:17.537-0500: 36138.024: Total time for which application threads were stopped: 0.0000421 seconds, Stopping threads took: 0.0000076 seconds
2017-06-29T16:30:17.537-0500: 36138.024: Total time for which application threads were stopped: 0.0000404 seconds, Stopping threads took: 0.0000071 seconds
2017-06-29T16:30:17.539-0500: 36138.025: Total time for which application threads were stopped: 0.0000626 seconds, Stopping threads took: 0.0000110 seconds
2017-06-29T16:30:17.539-0500: 36138.025: Total time for which application threads were stopped: 0.0000480 seconds, Stopping threads took: 0.0000091 seconds
2017-06-29T16:30:17.540-0500: 36138.026: Total time for which application threads were stopped: 0.0000746 seconds, Stopping threads took: 0.0000093 seconds
2017-06-29T16:30:17.540-0500: 36138.027: Total time for which application threads were stopped: 0.0000624 seconds, Stopping threads took: 0.0000144 seconds
Heap
 par new generation   total 109248K, used 11296K [0x00000007a0000000, 0x00000007a8000000, 0x00000007a8000000)
  eden space 87424K,   1% used [0x00000007a0000000, 0x00000007a01aae70, 0x00000007a5560000)
  from space 21824K,  43% used [0x00000007a5560000, 0x00000007a5ebd540, 0x00000007a6ab0000)
  to   space 21824K,   0% used [0x00000007a6ab0000, 0x00000007a6ab0000, 0x00000007a8000000)
 concurrent mark-sweep generation total 393216K, used 34030K [0x00000007a8000000, 0x00000007c0000000, 0x00000007c0000000)
 Metaspace       used 34582K, capacity 35608K, committed 35712K, reserved 1081344K
  class space    used 3866K, capacity 4148K, committed 4224K, reserved 1048576K
