Java HotSpot(TM) 64-Bit Server VM (25.131-b11) for bsd-amd64 JRE (1.8.0_131-b11), built on Mar 15 2017 01:32:22 by "java_re" with gcc 4.2.1 (Based on Apple Inc. build 5658) (LLVM build 2336.11.00)
Memory: 4k page, physical 8388608k(1619228k free)

/proc/meminfo:

CommandLine flags: -XX:CMSInitiatingOccupancyFraction=50 -XX:CMSMaxAbortablePrecleanTime=6000 -XX:+CMSParallelRemarkEnabled -XX:+CMSScavengeBeforeRemark -XX:ConcGCThreads=4 -XX:InitialHeapSize=536870912 -XX:MaxHeapSize=536870912 -XX:MaxTenuringThreshold=8 -XX:NewRatio=3 -XX:OldPLABSize=16 -XX:ParallelGCThreads=4 -XX:+ParallelRefProcEnabled -XX:PretenureSizeThreshold=67108864 -XX:+PrintGC -XX:+PrintGCApplicationStoppedTime -XX:+PrintGCDateStamps -XX:+PrintGCDetails -XX:+PrintGCTimeStamps -XX:+PrintHeapAtGC -XX:+PrintTenuringDistribution -XX:SurvivorRatio=4 -XX:TargetSurvivorRatio=90 -XX:ThreadStackSize=256 -XX:+UseCMSInitiatingOccupancyOnly -XX:+UseCompressedClassPointers -XX:+UseCompressedOops -XX:+UseConcMarkSweepGC -XX:+UseParNewGC 
2017-07-11T15:41:30.686-0500: 0.602: Total time for which application threads were stopped: 0.0001571 seconds, Stopping threads took: 0.0000113 seconds
2017-07-11T15:41:30.884-0500: 0.800: Total time for which application threads were stopped: 0.0001767 seconds, Stopping threads took: 0.0000154 seconds
2017-07-11T15:41:31.041-0500: 0.957: Total time for which application threads were stopped: 0.0001588 seconds, Stopping threads took: 0.0000166 seconds
2017-07-11T15:41:31.118-0500: 1.034: Total time for which application threads were stopped: 0.0001780 seconds, Stopping threads took: 0.0000176 seconds
2017-07-11T15:41:31.140-0500: 1.056: Total time for which application threads were stopped: 0.0002133 seconds, Stopping threads took: 0.0000179 seconds
{Heap before GC invocations=0 (full 0):
 par new generation   total 109248K, used 87424K [0x00000007a0000000, 0x00000007a8000000, 0x00000007a8000000)
  eden space 87424K, 100% used [0x00000007a0000000, 0x00000007a5560000, 0x00000007a5560000)
  from space 21824K,   0% used [0x00000007a5560000, 0x00000007a5560000, 0x00000007a6ab0000)
  to   space 21824K,   0% used [0x00000007a6ab0000, 0x00000007a6ab0000, 0x00000007a8000000)
 concurrent mark-sweep generation total 393216K, used 0K [0x00000007a8000000, 0x00000007c0000000, 0x00000007c0000000)
 Metaspace       used 9864K, capacity 10050K, committed 10240K, reserved 1058816K
  class space    used 1124K, capacity 1177K, committed 1280K, reserved 1048576K
2017-07-11T15:41:31.483-0500: 1.399: [GC (Allocation Failure) 2017-07-11T15:41:31.483-0500: 1.399: [ParNew
Desired survivor size 20112992 bytes, new threshold 8 (max 8)
- age   1:    5047632 bytes,    5047632 total
: 87424K->4990K(109248K), 0.0071171 secs] 87424K->4990K(502464K), 0.0072101 secs] [Times: user=0.02 sys=0.00, real=0.01 secs] 
Heap after GC invocations=1 (full 0):
 par new generation   total 109248K, used 4990K [0x00000007a0000000, 0x00000007a8000000, 0x00000007a8000000)
  eden space 87424K,   0% used [0x00000007a0000000, 0x00000007a0000000, 0x00000007a5560000)
  from space 21824K,  22% used [0x00000007a6ab0000, 0x00000007a6f8f860, 0x00000007a8000000)
  to   space 21824K,   0% used [0x00000007a5560000, 0x00000007a5560000, 0x00000007a6ab0000)
 concurrent mark-sweep generation total 393216K, used 0K [0x00000007a8000000, 0x00000007c0000000, 0x00000007c0000000)
 Metaspace       used 9864K, capacity 10050K, committed 10240K, reserved 1058816K
  class space    used 1124K, capacity 1177K, committed 1280K, reserved 1048576K
}
2017-07-11T15:41:31.490-0500: 1.406: Total time for which application threads were stopped: 0.0074129 seconds, Stopping threads took: 0.0000159 seconds
2017-07-11T15:41:31.652-0500: 1.567: Total time for which application threads were stopped: 0.0001857 seconds, Stopping threads took: 0.0000152 seconds
2017-07-11T15:41:31.664-0500: 1.579: Total time for which application threads were stopped: 0.0001790 seconds, Stopping threads took: 0.0000149 seconds
2017-07-11T15:41:32.223-0500: 2.139: Total time for which application threads were stopped: 0.0002759 seconds, Stopping threads took: 0.0000197 seconds
2017-07-11T15:41:32.226-0500: 2.142: Total time for which application threads were stopped: 0.0002338 seconds, Stopping threads took: 0.0000170 seconds
2017-07-11T15:41:32.235-0500: 2.150: Total time for which application threads were stopped: 0.0002012 seconds, Stopping threads took: 0.0000152 seconds
2017-07-11T15:41:32.396-0500: 2.312: Total time for which application threads were stopped: 0.0003385 seconds, Stopping threads took: 0.0000185 seconds
2017-07-11T15:41:32.745-0500: 2.661: Total time for which application threads were stopped: 0.0002740 seconds, Stopping threads took: 0.0000160 seconds
{Heap before GC invocations=1 (full 0):
 par new generation   total 109248K, used 92414K [0x00000007a0000000, 0x00000007a8000000, 0x00000007a8000000)
  eden space 87424K, 100% used [0x00000007a0000000, 0x00000007a5560000, 0x00000007a5560000)
  from space 21824K,  22% used [0x00000007a6ab0000, 0x00000007a6f8f860, 0x00000007a8000000)
  to   space 21824K,   0% used [0x00000007a5560000, 0x00000007a5560000, 0x00000007a6ab0000)
 concurrent mark-sweep generation total 393216K, used 0K [0x00000007a8000000, 0x00000007c0000000, 0x00000007c0000000)
 Metaspace       used 19163K, capacity 19444K, committed 19584K, reserved 1067008K
  class space    used 2247K, capacity 2362K, committed 2432K, reserved 1048576K
2017-07-11T15:41:32.925-0500: 2.840: [GC (Allocation Failure) 2017-07-11T15:41:32.925-0500: 2.840: [ParNew
Desired survivor size 20112992 bytes, new threshold 8 (max 8)
- age   1:    8620376 bytes,    8620376 total
- age   2:    2427048 bytes,   11047424 total
: 92414K->12428K(109248K), 0.0121101 secs] 92414K->12428K(502464K), 0.0122012 secs] [Times: user=0.04 sys=0.00, real=0.01 secs] 
Heap after GC invocations=2 (full 0):
 par new generation   total 109248K, used 12428K [0x00000007a0000000, 0x00000007a8000000, 0x00000007a8000000)
  eden space 87424K,   0% used [0x00000007a0000000, 0x00000007a0000000, 0x00000007a5560000)
  from space 21824K,  56% used [0x00000007a5560000, 0x00000007a6183380, 0x00000007a6ab0000)
  to   space 21824K,   0% used [0x00000007a6ab0000, 0x00000007a6ab0000, 0x00000007a8000000)
 concurrent mark-sweep generation total 393216K, used 0K [0x00000007a8000000, 0x00000007c0000000, 0x00000007c0000000)
 Metaspace       used 19163K, capacity 19444K, committed 19584K, reserved 1067008K
  class space    used 2247K, capacity 2362K, committed 2432K, reserved 1048576K
}
2017-07-11T15:41:32.937-0500: 2.853: Total time for which application threads were stopped: 0.0124528 seconds, Stopping threads took: 0.0000318 seconds
2017-07-11T15:41:33.089-0500: 3.005: Total time for which application threads were stopped: 0.0003741 seconds, Stopping threads took: 0.0000204 seconds
2017-07-11T15:41:33.132-0500: 3.048: Total time for which application threads were stopped: 0.0003457 seconds, Stopping threads took: 0.0000207 seconds
2017-07-11T15:41:33.164-0500: 3.080: Total time for which application threads were stopped: 0.0003926 seconds, Stopping threads took: 0.0000201 seconds
2017-07-11T15:41:33.314-0500: 3.229: Total time for which application threads were stopped: 0.0004786 seconds, Stopping threads took: 0.0000213 seconds
{Heap before GC invocations=2 (full 0):
 par new generation   total 109248K, used 99845K [0x00000007a0000000, 0x00000007a8000000, 0x00000007a8000000)
  eden space 87424K,  99% used [0x00000007a0000000, 0x00000007a555e0b0, 0x00000007a5560000)
  from space 21824K,  56% used [0x00000007a5560000, 0x00000007a6183380, 0x00000007a6ab0000)
  to   space 21824K,   0% used [0x00000007a6ab0000, 0x00000007a6ab0000, 0x00000007a8000000)
 concurrent mark-sweep generation total 393216K, used 0K [0x00000007a8000000, 0x00000007c0000000, 0x00000007c0000000)
 Metaspace       used 20465K, capacity 20826K, committed 20992K, reserved 1067008K
  class space    used 2385K, capacity 2523K, committed 2560K, reserved 1048576K
2017-07-11T15:41:33.446-0500: 3.362: [GC (Allocation Failure) 2017-07-11T15:41:33.446-0500: 3.362: [ParNew
Desired survivor size 20112992 bytes, new threshold 8 (max 8)
- age   1:    2517688 bytes,    2517688 total
- age   2:    3218856 bytes,    5736544 total
- age   3:    2423672 bytes,    8160216 total
: 99845K->11083K(109248K), 0.0097186 secs] 99845K->11083K(502464K), 0.0098213 secs] [Times: user=0.03 sys=0.00, real=0.01 secs] 
Heap after GC invocations=3 (full 0):
 par new generation   total 109248K, used 11083K [0x00000007a0000000, 0x00000007a8000000, 0x00000007a8000000)
  eden space 87424K,   0% used [0x00000007a0000000, 0x00000007a0000000, 0x00000007a5560000)
  from space 21824K,  50% used [0x00000007a6ab0000, 0x00000007a7582f00, 0x00000007a8000000)
  to   space 21824K,   0% used [0x00000007a5560000, 0x00000007a5560000, 0x00000007a6ab0000)
 concurrent mark-sweep generation total 393216K, used 0K [0x00000007a8000000, 0x00000007c0000000, 0x00000007c0000000)
 Metaspace       used 20465K, capacity 20826K, committed 20992K, reserved 1067008K
  class space    used 2385K, capacity 2523K, committed 2560K, reserved 1048576K
}
2017-07-11T15:41:33.456-0500: 3.372: Total time for which application threads were stopped: 0.0100130 seconds, Stopping threads took: 0.0000192 seconds
2017-07-11T15:41:33.517-0500: 3.432: Total time for which application threads were stopped: 0.0001351 seconds, Stopping threads took: 0.0000208 seconds
2017-07-11T15:41:33.586-0500: 3.502: Total time for which application threads were stopped: 0.0000859 seconds, Stopping threads took: 0.0000152 seconds
{Heap before GC invocations=3 (full 0):
 par new generation   total 109248K, used 98507K [0x00000007a0000000, 0x00000007a8000000, 0x00000007a8000000)
  eden space 87424K, 100% used [0x00000007a0000000, 0x00000007a5560000, 0x00000007a5560000)
  from space 21824K,  50% used [0x00000007a6ab0000, 0x00000007a7582f00, 0x00000007a8000000)
  to   space 21824K,   0% used [0x00000007a5560000, 0x00000007a5560000, 0x00000007a6ab0000)
 concurrent mark-sweep generation total 393216K, used 0K [0x00000007a8000000, 0x00000007c0000000, 0x00000007c0000000)
 Metaspace       used 21337K, capacity 21748K, committed 21884K, reserved 1069056K
  class space    used 2505K, capacity 2656K, committed 2684K, reserved 1048576K
2017-07-11T15:41:33.723-0500: 3.639: [GC (Allocation Failure) 2017-07-11T15:41:33.723-0500: 3.639: [ParNew
Desired survivor size 20112992 bytes, new threshold 8 (max 8)
- age   1:     798280 bytes,     798280 total
- age   2:    1127960 bytes,    1926240 total
- age   3:    3205416 bytes,    5131656 total
- age   4:    2423760 bytes,    7555416 total
: 98507K->10410K(109248K), 0.0089054 secs] 98507K->10410K(502464K), 0.0089750 secs] [Times: user=0.03 sys=0.00, real=0.01 secs] 
Heap after GC invocations=4 (full 0):
 par new generation   total 109248K, used 10410K [0x00000007a0000000, 0x00000007a8000000, 0x00000007a8000000)
  eden space 87424K,   0% used [0x00000007a0000000, 0x00000007a0000000, 0x00000007a5560000)
  from space 21824K,  47% used [0x00000007a5560000, 0x00000007a5f8a8c0, 0x00000007a6ab0000)
  to   space 21824K,   0% used [0x00000007a6ab0000, 0x00000007a6ab0000, 0x00000007a8000000)
 concurrent mark-sweep generation total 393216K, used 0K [0x00000007a8000000, 0x00000007c0000000, 0x00000007c0000000)
 Metaspace       used 21337K, capacity 21748K, committed 21884K, reserved 1069056K
  class space    used 2505K, capacity 2656K, committed 2684K, reserved 1048576K
}
2017-07-11T15:41:33.732-0500: 3.648: Total time for which application threads were stopped: 0.0091700 seconds, Stopping threads took: 0.0000336 seconds
2017-07-11T15:41:33.732-0500: 3.648: [GC (CMS Initial Mark) [1 CMS-initial-mark: 0K(393216K)] 11532K(502464K), 0.0024333 secs] [Times: user=0.01 sys=0.00, real=0.00 secs] 
2017-07-11T15:41:33.735-0500: 3.650: Total time for which application threads were stopped: 0.0025652 seconds, Stopping threads took: 0.0000313 seconds
2017-07-11T15:41:33.735-0500: 3.650: [CMS-concurrent-mark-start]
2017-07-11T15:41:33.738-0500: 3.654: [CMS-concurrent-mark: 0.003/0.003 secs] [Times: user=0.00 sys=0.00, real=0.00 secs] 
2017-07-11T15:41:33.738-0500: 3.654: [CMS-concurrent-preclean-start]
2017-07-11T15:41:33.739-0500: 3.655: [CMS-concurrent-preclean: 0.001/0.001 secs] [Times: user=0.01 sys=0.00, real=0.00 secs] 
2017-07-11T15:41:33.739-0500: 3.655: [CMS-concurrent-abortable-preclean-start]
2017-07-11T15:41:33.781-0500: 3.697: Total time for which application threads were stopped: 0.0000956 seconds, Stopping threads took: 0.0000147 seconds
2017-07-11T15:41:33.822-0500: 3.738: Total time for which application threads were stopped: 0.0003313 seconds, Stopping threads took: 0.0000189 seconds
2017-07-11T15:41:33.830-0500: 3.746: Total time for which application threads were stopped: 0.0001256 seconds, Stopping threads took: 0.0000437 seconds
2017-07-11T15:41:33.868-0500: 3.784: Total time for which application threads were stopped: 0.0000909 seconds, Stopping threads took: 0.0000156 seconds
2017-07-11T15:41:33.920-0500: 3.836: Total time for which application threads were stopped: 0.0004914 seconds, Stopping threads took: 0.0000212 seconds
2017-07-11T15:41:34.011-0500: 3.927: Total time for which application threads were stopped: 0.0001549 seconds, Stopping threads took: 0.0000428 seconds
2017-07-11T15:41:34.068-0500: 3.983: Total time for which application threads were stopped: 0.0001461 seconds, Stopping threads took: 0.0000201 seconds
2017-07-11T15:41:34.076-0500: 3.992: Total time for which application threads were stopped: 0.0003316 seconds, Stopping threads took: 0.0000184 seconds
2017-07-11T15:41:34.097-0500: 4.013: Total time for which application threads were stopped: 0.0004499 seconds, Stopping threads took: 0.0000178 seconds
2017-07-11T15:41:34.126-0500: 4.042: Total time for which application threads were stopped: 0.0000847 seconds, Stopping threads took: 0.0000150 seconds
2017-07-11T15:41:34.197-0500: 4.113: Total time for which application threads were stopped: 0.0001801 seconds, Stopping threads took: 0.0000233 seconds
2017-07-11T15:41:34.204-0500: 4.120: Total time for which application threads were stopped: 0.0003397 seconds, Stopping threads took: 0.0000224 seconds
2017-07-11T15:41:34.260-0500: 4.175: Total time for which application threads were stopped: 0.0000899 seconds, Stopping threads took: 0.0000165 seconds
2017-07-11T15:41:34.353-0500: 4.268: Total time for which application threads were stopped: 0.0001324 seconds, Stopping threads took: 0.0000182 seconds
2017-07-11T15:41:34.400-0500: 4.316: Total time for which application threads were stopped: 0.0000901 seconds, Stopping threads took: 0.0000157 seconds
2017-07-11T15:41:34.400-0500: 4.316: [CMS-concurrent-abortable-preclean: 0.462/0.661 secs] [Times: user=1.66 sys=0.06, real=0.67 secs] 
2017-07-11T15:41:34.400-0500: 4.316: [GC (CMS Final Remark) [YG occupancy: 60092 K (109248 K)]{Heap before GC invocations=4 (full 1):
 par new generation   total 109248K, used 60092K [0x00000007a0000000, 0x00000007a8000000, 0x00000007a8000000)
  eden space 87424K,  56% used [0x00000007a0000000, 0x00000007a30849f0, 0x00000007a5560000)
  from space 21824K,  47% used [0x00000007a5560000, 0x00000007a5f8a8c0, 0x00000007a6ab0000)
  to   space 21824K,   0% used [0x00000007a6ab0000, 0x00000007a6ab0000, 0x00000007a8000000)
 concurrent mark-sweep generation total 393216K, used 0K [0x00000007a8000000, 0x00000007c0000000, 0x00000007c0000000)
 Metaspace       used 24442K, capacity 24822K, committed 25204K, reserved 1071104K
  class space    used 2896K, capacity 3041K, committed 3116K, reserved 1048576K
2017-07-11T15:41:34.400-0500: 4.316: [GC (CMS Final Remark) 2017-07-11T15:41:34.400-0500: 4.316: [ParNew
Desired survivor size 20112992 bytes, new threshold 8 (max 8)
- age   1:    3834920 bytes,    3834920 total
- age   2:     159552 bytes,    3994472 total
- age   3:     274000 bytes,    4268472 total
- age   4:    3197056 bytes,    7465528 total
- age   5:    2423616 bytes,    9889144 total
: 60092K->12204K(109248K), 0.0107353 secs] 60092K->12204K(502464K), 0.0107847 secs] [Times: user=0.03 sys=0.00, real=0.01 secs] 
Heap after GC invocations=5 (full 1):
 par new generation   total 109248K, used 12204K [0x00000007a0000000, 0x00000007a8000000, 0x00000007a8000000)
  eden space 87424K,   0% used [0x00000007a0000000, 0x00000007a0000000, 0x00000007a5560000)
  from space 21824K,  55% used [0x00000007a6ab0000, 0x00000007a769b120, 0x00000007a8000000)
  to   space 21824K,   0% used [0x00000007a5560000, 0x00000007a5560000, 0x00000007a6ab0000)
 concurrent mark-sweep generation total 393216K, used 0K [0x00000007a8000000, 0x00000007c0000000, 0x00000007c0000000)
 Metaspace       used 24442K, capacity 24822K, committed 25204K, reserved 1071104K
  class space    used 2896K, capacity 3041K, committed 3116K, reserved 1048576K
}
2017-07-11T15:41:34.411-0500: 4.327: [Rescan (parallel) , 0.0031292 secs]2017-07-11T15:41:34.414-0500: 4.330: [weak refs processing, 0.0006797 secs]2017-07-11T15:41:34.415-0500: 4.330: [class unloading, 0.0042121 secs]2017-07-11T15:41:34.419-0500: 4.335: [scrub symbol table, 0.0038017 secs]2017-07-11T15:41:34.423-0500: 4.339: [scrub string table, 0.0003997 secs][1 CMS-remark: 0K(393216K)] 12204K(502464K), 0.0250150 secs] [Times: user=0.05 sys=0.00, real=0.02 secs] 
2017-07-11T15:41:34.425-0500: 4.341: Total time for which application threads were stopped: 0.0251384 seconds, Stopping threads took: 0.0000261 seconds
2017-07-11T15:41:34.425-0500: 4.341: [CMS-concurrent-sweep-start]
2017-07-11T15:41:34.425-0500: 4.341: [CMS-concurrent-sweep: 0.000/0.000 secs] [Times: user=0.00 sys=0.00, real=0.00 secs] 
2017-07-11T15:41:34.425-0500: 4.341: [CMS-concurrent-reset-start]
2017-07-11T15:41:34.430-0500: 4.345: [CMS-concurrent-reset: 0.004/0.004 secs] [Times: user=0.01 sys=0.01, real=0.01 secs] 
2017-07-11T15:41:34.476-0500: 4.392: Total time for which application threads were stopped: 0.0001402 seconds, Stopping threads took: 0.0000138 seconds
2017-07-11T15:41:34.561-0500: 4.477: Total time for which application threads were stopped: 0.0003524 seconds, Stopping threads took: 0.0000163 seconds
2017-07-11T15:41:34.769-0500: 4.685: Total time for which application threads were stopped: 0.0001278 seconds, Stopping threads took: 0.0000173 seconds
2017-07-11T15:41:34.770-0500: 4.686: Total time for which application threads were stopped: 0.0002086 seconds, Stopping threads took: 0.0001636 seconds
2017-07-11T15:41:34.780-0500: 4.696: Total time for which application threads were stopped: 0.0000835 seconds, Stopping threads took: 0.0000198 seconds
2017-07-11T15:41:34.780-0500: 4.696: Total time for which application threads were stopped: 0.0000890 seconds, Stopping threads took: 0.0000547 seconds
2017-07-11T15:41:34.786-0500: 4.701: Total time for which application threads were stopped: 0.0000837 seconds, Stopping threads took: 0.0000181 seconds
2017-07-11T15:41:34.786-0500: 4.702: Total time for which application threads were stopped: 0.0000520 seconds, Stopping threads took: 0.0000144 seconds
2017-07-11T15:41:35.790-0500: 5.706: Total time for which application threads were stopped: 0.0001649 seconds, Stopping threads took: 0.0000260 seconds
2017-07-11T15:42:56.985-0500: 86.904: Total time for which application threads were stopped: 0.0003818 seconds, Stopping threads took: 0.0000788 seconds
2017-07-11T16:09:27.493-0500: 1677.440: Total time for which application threads were stopped: 0.0002468 seconds, Stopping threads took: 0.0000844 seconds
2017-07-11T16:11:42.851-0500: 1812.802: Total time for which application threads were stopped: 0.0001245 seconds, Stopping threads took: 0.0000275 seconds
2017-07-11T16:53:22.314-0500: 3584.012: Total time for which application threads were stopped: 0.0000994 seconds, Stopping threads took: 0.0000217 seconds
2017-07-11T16:56:57.804-0500: 3799.507: Total time for which application threads were stopped: 0.0001087 seconds, Stopping threads took: 0.0000231 seconds
2017-07-11T16:58:10.974-0500: 3872.679: Total time for which application threads were stopped: 0.0000860 seconds, Stopping threads took: 0.0000228 seconds
2017-07-11T16:59:11.118-0500: 3932.824: Total time for which application threads were stopped: 0.0001551 seconds, Stopping threads took: 0.0000614 seconds
2017-07-11T17:59:40.809-0500: 7562.685: Total time for which application threads were stopped: 0.0008729 seconds, Stopping threads took: 0.0003147 seconds
2017-07-11T19:05:40.843-0500: 11522.851: Total time for which application threads were stopped: 0.0093466 seconds, Stopping threads took: 0.0088930 seconds
2017-07-11T21:20:50.519-0500: 18824.879: Total time for which application threads were stopped: 0.0007739 seconds, Stopping threads took: 0.0002338 seconds
2017-07-11T21:20:50.520-0500: 18824.880: Total time for which application threads were stopped: 0.0000726 seconds, Stopping threads took: 0.0000134 seconds
2017-07-11T21:20:50.547-0500: 18824.907: Total time for which application threads were stopped: 0.0000945 seconds, Stopping threads took: 0.0000185 seconds
2017-07-11T21:20:50.695-0500: 18825.055: Total time for which application threads were stopped: 0.0110196 seconds, Stopping threads took: 0.0032597 seconds
2017-07-11T21:20:50.746-0500: 18825.106: Total time for which application threads were stopped: 0.0001018 seconds, Stopping threads took: 0.0000203 seconds
2017-07-11T21:20:50.844-0500: 18825.204: Total time for which application threads were stopped: 0.0000920 seconds, Stopping threads took: 0.0000190 seconds
2017-07-11T21:20:50.919-0500: 18825.279: Total time for which application threads were stopped: 0.0001311 seconds, Stopping threads took: 0.0000444 seconds
2017-07-11T21:20:50.930-0500: 18825.290: Total time for which application threads were stopped: 0.0001073 seconds, Stopping threads took: 0.0000198 seconds
2017-07-11T21:20:50.930-0500: 18825.290: Total time for which application threads were stopped: 0.0000681 seconds, Stopping threads took: 0.0000117 seconds
2017-07-11T21:20:50.954-0500: 18825.314: Total time for which application threads were stopped: 0.0001821 seconds, Stopping threads took: 0.0000195 seconds
2017-07-11T21:20:50.955-0500: 18825.315: Total time for which application threads were stopped: 0.0000766 seconds, Stopping threads took: 0.0000144 seconds
2017-07-11T21:20:50.964-0500: 18825.324: Total time for which application threads were stopped: 0.0001164 seconds, Stopping threads took: 0.0000447 seconds
2017-07-11T21:20:50.972-0500: 18825.332: Total time for which application threads were stopped: 0.0000911 seconds, Stopping threads took: 0.0000199 seconds
2017-07-11T21:20:50.978-0500: 18825.338: Total time for which application threads were stopped: 0.0000972 seconds, Stopping threads took: 0.0000221 seconds
{Heap before GC invocations=5 (full 1):
 par new generation   total 109248K, used 99627K [0x00000007a0000000, 0x00000007a8000000, 0x00000007a8000000)
  eden space 87424K,  99% used [0x00000007a0000000, 0x00000007a555fbd0, 0x00000007a5560000)
  from space 21824K,  55% used [0x00000007a6ab0000, 0x00000007a769b120, 0x00000007a8000000)
  to   space 21824K,   0% used [0x00000007a5560000, 0x00000007a5560000, 0x00000007a6ab0000)
 concurrent mark-sweep generation total 393216K, used 0K [0x00000007a8000000, 0x00000007c0000000, 0x00000007c0000000)
 Metaspace       used 27889K, capacity 28266K, committed 28588K, reserved 1075200K
  class space    used 3316K, capacity 3469K, committed 3500K, reserved 1048576K
2017-07-11T21:20:51.388-0500: 18825.748: [GC (Allocation Failure) 2017-07-11T21:20:51.390-0500: 18825.750: [ParNew
Desired survivor size 20112992 bytes, new threshold 8 (max 8)
- age   1:    9316928 bytes,    9316928 total
- age   2:    1148584 bytes,   10465512 total
- age   3:     158464 bytes,   10623976 total
- age   4:     272448 bytes,   10896424 total
- age   5:    3156200 bytes,   14052624 total
- age   6:    2377448 bytes,   16430072 total
: 99627K->20761K(109248K), 0.0968044 secs] 99627K->20761K(502464K), 0.0985908 secs] [Times: user=0.07 sys=0.11, real=0.10 secs] 
Heap after GC invocations=6 (full 1):
 par new generation   total 109248K, used 20761K [0x00000007a0000000, 0x00000007a8000000, 0x00000007a8000000)
  eden space 87424K,   0% used [0x00000007a0000000, 0x00000007a0000000, 0x00000007a5560000)
  from space 21824K,  95% used [0x00000007a5560000, 0x00000007a69a6458, 0x00000007a6ab0000)
  to   space 21824K,   0% used [0x00000007a6ab0000, 0x00000007a6ab0000, 0x00000007a8000000)
 concurrent mark-sweep generation total 393216K, used 0K [0x00000007a8000000, 0x00000007c0000000, 0x00000007c0000000)
 Metaspace       used 27889K, capacity 28266K, committed 28588K, reserved 1075200K
  class space    used 3316K, capacity 3469K, committed 3500K, reserved 1048576K
}
2017-07-11T21:20:51.487-0500: 18825.847: Total time for which application threads were stopped: 0.0989363 seconds, Stopping threads took: 0.0000220 seconds
2017-07-11T21:20:51.487-0500: 18825.847: Total time for which application threads were stopped: 0.0001908 seconds, Stopping threads took: 0.0000477 seconds
2017-07-11T21:20:51.488-0500: 18825.848: Total time for which application threads were stopped: 0.0001210 seconds, Stopping threads took: 0.0000352 seconds
2017-07-11T21:20:51.489-0500: 18825.849: Total time for which application threads were stopped: 0.0002449 seconds, Stopping threads took: 0.0000320 seconds
2017-07-11T21:20:51.496-0500: 18825.856: Total time for which application threads were stopped: 0.0073354 seconds, Stopping threads took: 0.0072105 seconds
{Heap before GC invocations=6 (full 1):
 par new generation   total 109248K, used 108185K [0x00000007a0000000, 0x00000007a8000000, 0x00000007a8000000)
  eden space 87424K, 100% used [0x00000007a0000000, 0x00000007a5560000, 0x00000007a5560000)
  from space 21824K,  95% used [0x00000007a5560000, 0x00000007a69a6458, 0x00000007a6ab0000)
  to   space 21824K,   0% used [0x00000007a6ab0000, 0x00000007a6ab0000, 0x00000007a8000000)
 concurrent mark-sweep generation total 393216K, used 0K [0x00000007a8000000, 0x00000007c0000000, 0x00000007c0000000)
 Metaspace       used 27923K, capacity 28330K, committed 28588K, reserved 1075200K
  class space    used 3316K, capacity 3469K, committed 3500K, reserved 1048576K
2017-07-11T21:20:51.939-0500: 18826.299: [GC (Allocation Failure) 2017-07-11T21:20:51.939-0500: 18826.299: [ParNew
Desired survivor size 20112992 bytes, new threshold 8 (max 8)
- age   1:      75448 bytes,      75448 total
- age   2:    6487808 bytes,    6563256 total
- age   3:    1161040 bytes,    7724296 total
- age   4:     141776 bytes,    7866072 total
- age   5:     263120 bytes,    8129192 total
- age   6:    3018048 bytes,   11147240 total
- age   7:    2079800 bytes,   13227040 total
: 108185K->16707K(109248K), 0.0329253 secs] 108185K->16707K(502464K), 0.0330278 secs] [Times: user=0.07 sys=0.01, real=0.04 secs] 
Heap after GC invocations=7 (full 1):
 par new generation   total 109248K, used 16707K [0x00000007a0000000, 0x00000007a8000000, 0x00000007a8000000)
  eden space 87424K,   0% used [0x00000007a0000000, 0x00000007a0000000, 0x00000007a5560000)
  from space 21824K,  76% used [0x00000007a6ab0000, 0x00000007a7b00dd0, 0x00000007a8000000)
  to   space 21824K,   0% used [0x00000007a5560000, 0x00000007a5560000, 0x00000007a6ab0000)
 concurrent mark-sweep generation total 393216K, used 0K [0x00000007a8000000, 0x00000007c0000000, 0x00000007c0000000)
 Metaspace       used 27923K, capacity 28330K, committed 28588K, reserved 1075200K
  class space    used 3316K, capacity 3469K, committed 3500K, reserved 1048576K
}
2017-07-11T21:20:51.972-0500: 18826.332: Total time for which application threads were stopped: 0.0332701 seconds, Stopping threads took: 0.0000216 seconds
2017-07-11T21:20:52.328-0500: 18826.688: Total time for which application threads were stopped: 0.0001952 seconds, Stopping threads took: 0.0000385 seconds
2017-07-11T21:20:52.345-0500: 18826.705: Total time for which application threads were stopped: 0.0000954 seconds, Stopping threads took: 0.0000212 seconds
2017-07-11T21:20:52.350-0500: 18826.710: Total time for which application threads were stopped: 0.0001213 seconds, Stopping threads took: 0.0000408 seconds
2017-07-11T21:20:52.350-0500: 18826.710: Total time for which application threads were stopped: 0.0000740 seconds, Stopping threads took: 0.0000270 seconds
2017-07-11T21:20:52.350-0500: 18826.710: Total time for which application threads were stopped: 0.0000902 seconds, Stopping threads took: 0.0000421 seconds
2017-07-11T21:20:52.350-0500: 18826.710: Total time for which application threads were stopped: 0.0000509 seconds, Stopping threads took: 0.0000095 seconds
2017-07-11T21:20:52.350-0500: 18826.710: Total time for which application threads were stopped: 0.0000590 seconds, Stopping threads took: 0.0000100 seconds
2017-07-11T21:20:52.350-0500: 18826.710: Total time for which application threads were stopped: 0.0000502 seconds, Stopping threads took: 0.0000097 seconds
2017-07-11T21:20:52.351-0500: 18826.711: Total time for which application threads were stopped: 0.0000524 seconds, Stopping threads took: 0.0000104 seconds
2017-07-11T21:20:52.351-0500: 18826.711: Total time for which application threads were stopped: 0.0000893 seconds, Stopping threads took: 0.0000476 seconds
2017-07-11T21:20:52.351-0500: 18826.711: Total time for which application threads were stopped: 0.0000665 seconds, Stopping threads took: 0.0000254 seconds
2017-07-11T21:20:52.351-0500: 18826.711: Total time for which application threads were stopped: 0.0000560 seconds, Stopping threads took: 0.0000108 seconds
2017-07-11T21:20:52.351-0500: 18826.711: Total time for which application threads were stopped: 0.0000534 seconds, Stopping threads took: 0.0000105 seconds
2017-07-11T21:20:52.356-0500: 18826.716: Total time for which application threads were stopped: 0.0001025 seconds, Stopping threads took: 0.0000224 seconds
2017-07-11T21:20:52.360-0500: 18826.720: Total time for which application threads were stopped: 0.0001072 seconds, Stopping threads took: 0.0000237 seconds
2017-07-11T21:20:52.361-0500: 18826.721: Total time for which application threads were stopped: 0.0000789 seconds, Stopping threads took: 0.0000157 seconds
2017-07-11T21:20:52.361-0500: 18826.721: Total time for which application threads were stopped: 0.0000701 seconds, Stopping threads took: 0.0000229 seconds
2017-07-11T21:20:52.361-0500: 18826.721: Total time for which application threads were stopped: 0.0001915 seconds, Stopping threads took: 0.0000134 seconds
2017-07-11T21:20:52.364-0500: 18826.724: Total time for which application threads were stopped: 0.0001306 seconds, Stopping threads took: 0.0000450 seconds
2017-07-11T21:20:52.365-0500: 18826.725: Total time for which application threads were stopped: 0.0000927 seconds, Stopping threads took: 0.0000155 seconds
2017-07-11T21:20:52.366-0500: 18826.726: Total time for which application threads were stopped: 0.0000826 seconds, Stopping threads took: 0.0000204 seconds
2017-07-11T21:20:52.382-0500: 18826.742: Total time for which application threads were stopped: 0.0001161 seconds, Stopping threads took: 0.0000352 seconds
2017-07-11T21:20:52.383-0500: 18826.743: Total time for which application threads were stopped: 0.0000832 seconds, Stopping threads took: 0.0000290 seconds
2017-07-11T21:20:52.383-0500: 18826.743: Total time for which application threads were stopped: 0.0000953 seconds, Stopping threads took: 0.0000297 seconds
2017-07-11T21:20:52.385-0500: 18826.745: Total time for which application threads were stopped: 0.0000990 seconds, Stopping threads took: 0.0000201 seconds
2017-07-11T21:20:52.389-0500: 18826.749: Total time for which application threads were stopped: 0.0000966 seconds, Stopping threads took: 0.0000211 seconds
2017-07-11T21:20:52.389-0500: 18826.749: Total time for which application threads were stopped: 0.0000972 seconds, Stopping threads took: 0.0000342 seconds
2017-07-11T21:20:52.390-0500: 18826.750: Total time for which application threads were stopped: 0.0000593 seconds, Stopping threads took: 0.0000110 seconds
2017-07-11T21:20:52.390-0500: 18826.750: Total time for which application threads were stopped: 0.0000624 seconds, Stopping threads took: 0.0000104 seconds
2017-07-11T21:20:52.390-0500: 18826.750: Total time for which application threads were stopped: 0.0000671 seconds, Stopping threads took: 0.0000255 seconds
2017-07-11T21:20:52.392-0500: 18826.752: Total time for which application threads were stopped: 0.0002218 seconds, Stopping threads took: 0.0000350 seconds
2017-07-11T21:20:52.413-0500: 18826.773: Total time for which application threads were stopped: 0.0000964 seconds, Stopping threads took: 0.0000209 seconds
2017-07-11T21:20:52.419-0500: 18826.779: Total time for which application threads were stopped: 0.0001999 seconds, Stopping threads took: 0.0000390 seconds
2017-07-11T21:20:52.420-0500: 18826.780: Total time for which application threads were stopped: 0.0000934 seconds, Stopping threads took: 0.0000134 seconds
2017-07-11T21:20:52.421-0500: 18826.781: Total time for which application threads were stopped: 0.0000934 seconds, Stopping threads took: 0.0000321 seconds
2017-07-11T21:20:52.464-0500: 18826.824: Total time for which application threads were stopped: 0.0001176 seconds, Stopping threads took: 0.0000406 seconds
2017-07-11T21:20:52.495-0500: 18826.855: Total time for which application threads were stopped: 0.0005355 seconds, Stopping threads took: 0.0000229 seconds
2017-07-11T21:20:52.569-0500: 18826.929: Total time for which application threads were stopped: 0.0001045 seconds, Stopping threads took: 0.0000224 seconds
2017-07-11T21:20:52.569-0500: 18826.929: Total time for which application threads were stopped: 0.0000892 seconds, Stopping threads took: 0.0000204 seconds
2017-07-11T21:20:52.575-0500: 18826.935: Total time for which application threads were stopped: 0.0001152 seconds, Stopping threads took: 0.0000387 seconds
2017-07-11T21:20:52.585-0500: 18826.945: Total time for which application threads were stopped: 0.0009675 seconds, Stopping threads took: 0.0000200 seconds
2017-07-11T21:20:52.594-0500: 18826.954: Total time for which application threads were stopped: 0.0001189 seconds, Stopping threads took: 0.0000383 seconds
2017-07-11T21:20:52.597-0500: 18826.957: Total time for which application threads were stopped: 0.0012354 seconds, Stopping threads took: 0.0011087 seconds
2017-07-11T21:20:52.646-0500: 18827.006: Total time for which application threads were stopped: 0.0021597 seconds, Stopping threads took: 0.0000203 seconds
2017-07-11T21:20:52.647-0500: 18827.007: Total time for which application threads were stopped: 0.0001636 seconds, Stopping threads took: 0.0000205 seconds
2017-07-11T21:20:52.728-0500: 18827.088: Total time for which application threads were stopped: 0.0001135 seconds, Stopping threads took: 0.0000206 seconds
2017-07-11T21:20:53.731-0500: 18828.091: Total time for which application threads were stopped: 0.0003019 seconds, Stopping threads took: 0.0000655 seconds
2017-07-11T21:20:56.737-0500: 18831.097: Total time for which application threads were stopped: 0.0003271 seconds, Stopping threads took: 0.0000675 seconds
2017-07-11T21:20:57.740-0500: 18832.101: Total time for which application threads were stopped: 0.0002649 seconds, Stopping threads took: 0.0000403 seconds
2017-07-11T21:21:22.641-0500: 18857.003: Total time for which application threads were stopped: 0.0001288 seconds, Stopping threads took: 0.0000216 seconds
2017-07-11T21:21:22.642-0500: 18857.003: Total time for which application threads were stopped: 0.0000847 seconds, Stopping threads took: 0.0000142 seconds
2017-07-11T21:21:22.642-0500: 18857.003: Total time for which application threads were stopped: 0.0000514 seconds, Stopping threads took: 0.0000102 seconds
2017-07-11T21:21:22.642-0500: 18857.004: Total time for which application threads were stopped: 0.0000532 seconds, Stopping threads took: 0.0000108 seconds
2017-07-11T21:21:22.647-0500: 18857.008: Total time for which application threads were stopped: 0.0000950 seconds, Stopping threads took: 0.0000201 seconds
2017-07-11T21:21:29.664-0500: 18864.026: Total time for which application threads were stopped: 0.0001461 seconds, Stopping threads took: 0.0000301 seconds
2017-07-11T21:21:40.692-0500: 18875.054: Total time for which application threads were stopped: 0.0001800 seconds, Stopping threads took: 0.0000371 seconds
2017-07-11T21:21:42.697-0500: 18877.059: Total time for which application threads were stopped: 0.0002478 seconds, Stopping threads took: 0.0000622 seconds
2017-07-11T21:21:52.651-0500: 18887.013: Total time for which application threads were stopped: 0.0000852 seconds, Stopping threads took: 0.0000194 seconds
2017-07-11T21:21:52.651-0500: 18887.013: Total time for which application threads were stopped: 0.0000480 seconds, Stopping threads took: 0.0000098 seconds
2017-07-11T21:21:52.651-0500: 18887.014: Total time for which application threads were stopped: 0.0000520 seconds, Stopping threads took: 0.0000098 seconds
2017-07-11T21:21:52.652-0500: 18887.014: Total time for which application threads were stopped: 0.0000872 seconds, Stopping threads took: 0.0000346 seconds
2017-07-11T21:21:52.652-0500: 18887.015: Total time for which application threads were stopped: 0.0000820 seconds, Stopping threads took: 0.0000304 seconds
2017-07-11T21:21:53.655-0500: 18888.017: Total time for which application threads were stopped: 0.0001723 seconds, Stopping threads took: 0.0000803 seconds
2017-07-11T21:22:22.665-0500: 18917.028: Total time for which application threads were stopped: 0.0000936 seconds, Stopping threads took: 0.0000213 seconds
2017-07-11T21:22:22.665-0500: 18917.028: Total time for which application threads were stopped: 0.0000532 seconds, Stopping threads took: 0.0000108 seconds
2017-07-11T21:22:22.665-0500: 18917.029: Total time for which application threads were stopped: 0.0000634 seconds, Stopping threads took: 0.0000129 seconds
2017-07-11T21:22:32.643-0500: 18927.007: Total time for which application threads were stopped: 0.0000927 seconds, Stopping threads took: 0.0000192 seconds
2017-07-11T21:22:52.681-0500: 18947.045: Total time for which application threads were stopped: 0.0001012 seconds, Stopping threads took: 0.0000232 seconds
2017-07-11T21:22:52.681-0500: 18947.046: Total time for which application threads were stopped: 0.0000512 seconds, Stopping threads took: 0.0000105 seconds
2017-07-11T21:22:52.681-0500: 18947.046: Total time for which application threads were stopped: 0.0000566 seconds, Stopping threads took: 0.0000117 seconds
2017-07-11T21:22:52.682-0500: 18947.046: Total time for which application threads were stopped: 0.0000732 seconds, Stopping threads took: 0.0000127 seconds
2017-07-11T21:22:52.682-0500: 18947.047: Total time for which application threads were stopped: 0.0000609 seconds, Stopping threads took: 0.0000113 seconds
2017-07-11T21:22:52.683-0500: 18947.048: Total time for which application threads were stopped: 0.0001071 seconds, Stopping threads took: 0.0000379 seconds
2017-07-11T21:22:53.685-0500: 18948.049: Total time for which application threads were stopped: 0.0035241 seconds, Stopping threads took: 0.0000413 seconds
2017-07-11T21:23:02.651-0500: 18957.016: Total time for which application threads were stopped: 0.0001145 seconds, Stopping threads took: 0.0000263 seconds
2017-07-11T21:23:02.651-0500: 18957.016: Total time for which application threads were stopped: 0.0000583 seconds, Stopping threads took: 0.0000114 seconds
2017-07-11T21:23:22.710-0500: 18977.075: Total time for which application threads were stopped: 0.0000920 seconds, Stopping threads took: 0.0000172 seconds
2017-07-11T21:23:22.715-0500: 18977.080: Total time for which application threads were stopped: 0.0000692 seconds, Stopping threads took: 0.0000135 seconds
2017-07-11T21:23:22.719-0500: 18977.084: Total time for which application threads were stopped: 0.0003521 seconds, Stopping threads took: 0.0000170 seconds
2017-07-11T21:23:22.719-0500: 18977.085: Total time for which application threads were stopped: 0.0000676 seconds, Stopping threads took: 0.0000160 seconds
2017-07-11T21:23:22.725-0500: 18977.091: Total time for which application threads were stopped: 0.0000830 seconds, Stopping threads took: 0.0000154 seconds
2017-07-11T21:23:22.726-0500: 18977.091: Total time for which application threads were stopped: 0.0000603 seconds, Stopping threads took: 0.0000109 seconds
2017-07-11T21:23:22.726-0500: 18977.091: Total time for which application threads were stopped: 0.0000483 seconds, Stopping threads took: 0.0000085 seconds
2017-07-11T21:23:22.726-0500: 18977.092: Total time for which application threads were stopped: 0.0000459 seconds, Stopping threads took: 0.0000088 seconds
2017-07-11T21:23:22.728-0500: 18977.094: Total time for which application threads were stopped: 0.0000693 seconds, Stopping threads took: 0.0000114 seconds
2017-07-11T21:23:22.728-0500: 18977.094: Total time for which application threads were stopped: 0.0000481 seconds, Stopping threads took: 0.0000088 seconds
2017-07-11T21:23:22.728-0500: 18977.094: Total time for which application threads were stopped: 0.0000574 seconds, Stopping threads took: 0.0000099 seconds
2017-07-11T21:23:22.729-0500: 18977.094: Total time for which application threads were stopped: 0.0000391 seconds, Stopping threads took: 0.0000067 seconds
2017-07-11T21:23:22.732-0500: 18977.097: Total time for which application threads were stopped: 0.0000683 seconds, Stopping threads took: 0.0000151 seconds
2017-07-11T21:23:22.734-0500: 18977.099: Total time for which application threads were stopped: 0.0000702 seconds, Stopping threads took: 0.0000147 seconds
2017-07-11T21:23:22.734-0500: 18977.100: Total time for which application threads were stopped: 0.0000520 seconds, Stopping threads took: 0.0000102 seconds
2017-07-11T21:23:22.736-0500: 18977.101: Total time for which application threads were stopped: 0.0001119 seconds, Stopping threads took: 0.0000300 seconds
2017-07-11T21:23:22.744-0500: 18977.110: Total time for which application threads were stopped: 0.0000985 seconds, Stopping threads took: 0.0000202 seconds
2017-07-11T21:23:22.753-0500: 18977.119: Total time for which application threads were stopped: 0.0000888 seconds, Stopping threads took: 0.0000188 seconds
{Heap before GC invocations=7 (full 1):
 par new generation   total 109248K, used 104131K [0x00000007a0000000, 0x00000007a8000000, 0x00000007a8000000)
  eden space 87424K, 100% used [0x00000007a0000000, 0x00000007a5560000, 0x00000007a5560000)
  from space 21824K,  76% used [0x00000007a6ab0000, 0x00000007a7b00dd0, 0x00000007a8000000)
  to   space 21824K,   0% used [0x00000007a5560000, 0x00000007a5560000, 0x00000007a6ab0000)
 concurrent mark-sweep generation total 393216K, used 0K [0x00000007a8000000, 0x00000007c0000000, 0x00000007c0000000)
 Metaspace       used 29319K, capacity 29640K, committed 29996K, reserved 1075200K
  class space    used 3476K, capacity 3608K, committed 3628K, reserved 1048576K
2017-07-11T21:23:22.774-0500: 18977.140: [GC (Allocation Failure) 2017-07-11T21:23:22.774-0500: 18977.140: [ParNew
Desired survivor size 20112992 bytes, new threshold 8 (max 8)
- age   1:    4124080 bytes,    4124080 total
- age   2:      72088 bytes,    4196168 total
- age   3:    5613336 bytes,    9809504 total
- age   4:    1092352 bytes,   10901856 total
- age   5:     140928 bytes,   11042784 total
- age   6:     262592 bytes,   11305376 total
- age   7:    3014336 bytes,   14319712 total
- age   8:    2077672 bytes,   16397384 total
: 104131K->19892K(109248K), 0.0180668 secs] 104131K->19892K(502464K), 0.0181495 secs] [Times: user=0.05 sys=0.01, real=0.02 secs] 
Heap after GC invocations=8 (full 1):
 par new generation   total 109248K, used 19892K [0x00000007a0000000, 0x00000007a8000000, 0x00000007a8000000)
  eden space 87424K,   0% used [0x00000007a0000000, 0x00000007a0000000, 0x00000007a5560000)
  from space 21824K,  91% used [0x00000007a5560000, 0x00000007a68cd320, 0x00000007a6ab0000)
  to   space 21824K,   0% used [0x00000007a6ab0000, 0x00000007a6ab0000, 0x00000007a8000000)
 concurrent mark-sweep generation total 393216K, used 0K [0x00000007a8000000, 0x00000007c0000000, 0x00000007c0000000)
 Metaspace       used 29319K, capacity 29640K, committed 29996K, reserved 1075200K
  class space    used 3476K, capacity 3608K, committed 3628K, reserved 1048576K
}
2017-07-11T21:23:22.793-0500: 18977.158: Total time for which application threads were stopped: 0.0184201 seconds, Stopping threads took: 0.0000894 seconds
2017-07-11T21:23:22.793-0500: 18977.159: Total time for which application threads were stopped: 0.0001464 seconds, Stopping threads took: 0.0000894 seconds
2017-07-11T21:23:22.794-0500: 18977.159: Total time for which application threads were stopped: 0.0000917 seconds, Stopping threads took: 0.0000378 seconds
2017-07-11T21:23:22.802-0500: 18977.168: Total time for which application threads were stopped: 0.0000800 seconds, Stopping threads took: 0.0000149 seconds
2017-07-11T21:23:22.808-0500: 18977.174: Total time for which application threads were stopped: 0.0000914 seconds, Stopping threads took: 0.0000237 seconds
2017-07-11T21:23:22.810-0500: 18977.176: Total time for which application threads were stopped: 0.0001031 seconds, Stopping threads took: 0.0000364 seconds
2017-07-11T21:23:22.810-0500: 18977.176: Total time for which application threads were stopped: 0.0000900 seconds, Stopping threads took: 0.0000272 seconds
2017-07-11T21:23:22.811-0500: 18977.176: Total time for which application threads were stopped: 0.0000490 seconds, Stopping threads took: 0.0000069 seconds
2017-07-11T21:23:22.812-0500: 18977.178: Total time for which application threads were stopped: 0.0001092 seconds, Stopping threads took: 0.0000371 seconds
2017-07-11T21:23:22.812-0500: 18977.178: Total time for which application threads were stopped: 0.0000587 seconds, Stopping threads took: 0.0000095 seconds
2017-07-11T21:23:22.813-0500: 18977.178: Total time for which application threads were stopped: 0.0000455 seconds, Stopping threads took: 0.0000063 seconds
2017-07-11T21:23:22.813-0500: 18977.178: Total time for which application threads were stopped: 0.0000420 seconds, Stopping threads took: 0.0000062 seconds
2017-07-11T21:23:22.813-0500: 18977.178: Total time for which application threads were stopped: 0.0000423 seconds, Stopping threads took: 0.0000073 seconds
2017-07-11T21:23:22.813-0500: 18977.179: Total time for which application threads were stopped: 0.0000407 seconds, Stopping threads took: 0.0000071 seconds
2017-07-11T21:23:22.813-0500: 18977.179: Total time for which application threads were stopped: 0.0000376 seconds, Stopping threads took: 0.0000065 seconds
2017-07-11T21:23:23.494-0500: 18977.860: Total time for which application threads were stopped: 0.0001190 seconds, Stopping threads took: 0.0000351 seconds
2017-07-11T21:23:23.495-0500: 18977.860: Total time for which application threads were stopped: 0.0000933 seconds, Stopping threads took: 0.0000327 seconds
2017-07-11T21:23:23.495-0500: 18977.860: Total time for which application threads were stopped: 0.0000582 seconds, Stopping threads took: 0.0000096 seconds
2017-07-11T21:23:23.495-0500: 18977.861: Total time for which application threads were stopped: 0.0000762 seconds, Stopping threads took: 0.0000287 seconds
2017-07-11T21:23:31.146-0500: 18985.512: Total time for which application threads were stopped: 0.0009333 seconds, Stopping threads took: 0.0001916 seconds
2017-07-11T21:23:31.148-0500: 18985.514: Total time for which application threads were stopped: 0.0001027 seconds, Stopping threads took: 0.0000218 seconds
2017-07-11T21:23:31.171-0500: 18985.537: Total time for which application threads were stopped: 0.0001117 seconds, Stopping threads took: 0.0000357 seconds
2017-07-11T21:23:31.237-0500: 18985.603: Total time for which application threads were stopped: 0.0035699 seconds, Stopping threads took: 0.0008893 seconds
2017-07-11T21:23:31.252-0500: 18985.618: Total time for which application threads were stopped: 0.0000860 seconds, Stopping threads took: 0.0000160 seconds
2017-07-11T21:23:31.418-0500: 18985.784: Total time for which application threads were stopped: 0.0001767 seconds, Stopping threads took: 0.0000249 seconds
2017-07-11T21:23:31.880-0500: 18986.246: Total time for which application threads were stopped: 0.0002142 seconds, Stopping threads took: 0.0000407 seconds
2017-07-11T21:23:31.962-0500: 18986.328: Total time for which application threads were stopped: 0.0001614 seconds, Stopping threads took: 0.0000323 seconds
2017-07-11T21:23:31.966-0500: 18986.332: Total time for which application threads were stopped: 0.0001698 seconds, Stopping threads took: 0.0000204 seconds
2017-07-11T21:23:31.971-0500: 18986.337: Total time for which application threads were stopped: 0.0001024 seconds, Stopping threads took: 0.0000211 seconds
2017-07-11T21:23:31.990-0500: 18986.356: Total time for which application threads were stopped: 0.0001291 seconds, Stopping threads took: 0.0000218 seconds
2017-07-11T21:23:31.998-0500: 18986.364: Total time for which application threads were stopped: 0.0001333 seconds, Stopping threads took: 0.0000437 seconds
2017-07-11T21:23:31.999-0500: 18986.365: Total time for which application threads were stopped: 0.0000808 seconds, Stopping threads took: 0.0000133 seconds
2017-07-11T21:23:31.999-0500: 18986.365: Total time for which application threads were stopped: 0.0000872 seconds, Stopping threads took: 0.0000143 seconds
2017-07-11T21:23:32.000-0500: 18986.366: Total time for which application threads were stopped: 0.0001009 seconds, Stopping threads took: 0.0000175 seconds
2017-07-11T21:23:32.122-0500: 18986.488: Total time for which application threads were stopped: 0.0001640 seconds, Stopping threads took: 0.0000192 seconds
2017-07-11T21:23:32.124-0500: 18986.491: Total time for which application threads were stopped: 0.0001162 seconds, Stopping threads took: 0.0000492 seconds
2017-07-11T21:23:32.153-0500: 18986.519: Total time for which application threads were stopped: 0.0001419 seconds, Stopping threads took: 0.0000457 seconds
2017-07-11T21:23:32.153-0500: 18986.519: Total time for which application threads were stopped: 0.0001655 seconds, Stopping threads took: 0.0000452 seconds
2017-07-11T21:23:32.154-0500: 18986.520: Total time for which application threads were stopped: 0.0001213 seconds, Stopping threads took: 0.0000253 seconds
2017-07-11T21:23:32.154-0500: 18986.520: Total time for which application threads were stopped: 0.0001391 seconds, Stopping threads took: 0.0000533 seconds
2017-07-11T21:23:32.155-0500: 18986.521: Total time for which application threads were stopped: 0.0001248 seconds, Stopping threads took: 0.0000571 seconds
2017-07-11T21:23:32.155-0500: 18986.521: Total time for which application threads were stopped: 0.0001070 seconds, Stopping threads took: 0.0000279 seconds
2017-07-11T21:23:32.156-0500: 18986.522: Total time for which application threads were stopped: 0.0000995 seconds, Stopping threads took: 0.0000181 seconds
2017-07-11T21:23:32.158-0500: 18986.524: Total time for which application threads were stopped: 0.0001072 seconds, Stopping threads took: 0.0000210 seconds
2017-07-11T21:23:32.158-0500: 18986.525: Total time for which application threads were stopped: 0.0000674 seconds, Stopping threads took: 0.0000116 seconds
2017-07-11T21:23:32.159-0500: 18986.525: Total time for which application threads were stopped: 0.0000627 seconds, Stopping threads took: 0.0000108 seconds
2017-07-11T21:23:32.160-0500: 18986.526: Total time for which application threads were stopped: 0.0001157 seconds, Stopping threads took: 0.0000359 seconds
2017-07-11T21:23:32.209-0500: 18986.575: Total time for which application threads were stopped: 0.0001502 seconds, Stopping threads took: 0.0000338 seconds
2017-07-11T21:23:33.211-0500: 18987.577: Total time for which application threads were stopped: 0.0001606 seconds, Stopping threads took: 0.0000248 seconds
2017-07-11T21:34:29.386-0500: 19643.777: Total time for which application threads were stopped: 0.0009510 seconds, Stopping threads took: 0.0002935 seconds
2017-07-11T21:34:29.387-0500: 19643.778: Total time for which application threads were stopped: 0.0000580 seconds, Stopping threads took: 0.0000113 seconds
2017-07-11T21:34:29.401-0500: 19643.791: Total time for which application threads were stopped: 0.0000817 seconds, Stopping threads took: 0.0000175 seconds
2017-07-11T21:34:29.459-0500: 19643.849: Total time for which application threads were stopped: 0.0000988 seconds, Stopping threads took: 0.0000166 seconds
2017-07-11T21:34:29.459-0500: 19643.850: Total time for which application threads were stopped: 0.0000531 seconds, Stopping threads took: 0.0000111 seconds
{Heap before GC invocations=8 (full 1):
 par new generation   total 109248K, used 107316K [0x00000007a0000000, 0x00000007a8000000, 0x00000007a8000000)
  eden space 87424K, 100% used [0x00000007a0000000, 0x00000007a5560000, 0x00000007a5560000)
  from space 21824K,  91% used [0x00000007a5560000, 0x00000007a68cd320, 0x00000007a6ab0000)
  to   space 21824K,   0% used [0x00000007a6ab0000, 0x00000007a6ab0000, 0x00000007a8000000)
 concurrent mark-sweep generation total 393216K, used 0K [0x00000007a8000000, 0x00000007c0000000, 0x00000007c0000000)
 Metaspace       used 30769K, capacity 31222K, committed 31532K, reserved 1077248K
  class space    used 3593K, capacity 3771K, committed 3884K, reserved 1048576K
2017-07-11T21:34:29.610-0500: 19644.001: [GC (Allocation Failure) 2017-07-11T21:34:29.613-0500: 19644.004: [ParNew
Desired survivor size 20112992 bytes, new threshold 8 (max 8)
- age   1:    1955760 bytes,    1955760 total
- age   2:    2943816 bytes,    4899576 total
- age   3:      72088 bytes,    4971664 total
- age   4:    7830232 bytes,   12801896 total
- age   5:    1091128 bytes,   13893024 total
- age   6:     140928 bytes,   14033952 total
- age   7:     262408 bytes,   14296360 total
- age   8:    3014280 bytes,   17310640 total
: 107316K->21824K(109248K), 0.0901099 secs] 107316K->24061K(502464K), 0.0933868 secs] [Times: user=0.09 sys=0.12, real=0.09 secs] 
Heap after GC invocations=9 (full 1):
 par new generation   total 109248K, used 21824K [0x00000007a0000000, 0x00000007a8000000, 0x00000007a8000000)
  eden space 87424K,   0% used [0x00000007a0000000, 0x00000007a0000000, 0x00000007a5560000)
  from space 21824K, 100% used [0x00000007a6ab0000, 0x00000007a8000000, 0x00000007a8000000)
  to   space 21824K,   0% used [0x00000007a5560000, 0x00000007a5560000, 0x00000007a6ab0000)
 concurrent mark-sweep generation total 393216K, used 2237K [0x00000007a8000000, 0x00000007c0000000, 0x00000007c0000000)
 Metaspace       used 30769K, capacity 31222K, committed 31532K, reserved 1077248K
  class space    used 3593K, capacity 3771K, committed 3884K, reserved 1048576K
}
2017-07-11T21:34:29.704-0500: 19644.094: Total time for which application threads were stopped: 0.0938486 seconds, Stopping threads took: 0.0000198 seconds
2017-07-11T21:34:29.706-0500: 19644.096: Total time for which application threads were stopped: 0.0015301 seconds, Stopping threads took: 0.0000339 seconds
2017-07-11T21:34:29.709-0500: 19644.100: Total time for which application threads were stopped: 0.0003191 seconds, Stopping threads took: 0.0001990 seconds
{Heap before GC invocations=9 (full 1):
 par new generation   total 109248K, used 109248K [0x00000007a0000000, 0x00000007a8000000, 0x00000007a8000000)
  eden space 87424K, 100% used [0x00000007a0000000, 0x00000007a5560000, 0x00000007a5560000)
  from space 21824K, 100% used [0x00000007a6ab0000, 0x00000007a8000000, 0x00000007a8000000)
  to   space 21824K,   0% used [0x00000007a5560000, 0x00000007a5560000, 0x00000007a6ab0000)
 concurrent mark-sweep generation total 393216K, used 2237K [0x00000007a8000000, 0x00000007c0000000, 0x00000007c0000000)
 Metaspace       used 30778K, capacity 31228K, committed 31532K, reserved 1077248K
  class space    used 3593K, capacity 3772K, committed 3884K, reserved 1048576K
2017-07-11T21:34:30.014-0500: 19644.405: [GC (Allocation Failure) 2017-07-11T21:34:30.014-0500: 19644.405: [ParNew
Desired survivor size 20112992 bytes, new threshold 8 (max 8)
- age   1:    1085896 bytes,    1085896 total
- age   2:    1009832 bytes,    2095728 total
- age   3:    2832128 bytes,    4927856 total
- age   4:      72088 bytes,    4999944 total
- age   5:    7830232 bytes,   12830176 total
- age   6:    1091096 bytes,   13921272 total
- age   7:     133600 bytes,   14054872 total
- age   8:     262224 bytes,   14317096 total
: 109248K->17960K(109248K), 0.0291781 secs] 111485K->23305K(502464K), 0.0292505 secs] [Times: user=0.06 sys=0.01, real=0.03 secs] 
Heap after GC invocations=10 (full 1):
 par new generation   total 109248K, used 17960K [0x00000007a0000000, 0x00000007a8000000, 0x00000007a8000000)
  eden space 87424K,   0% used [0x00000007a0000000, 0x00000007a0000000, 0x00000007a5560000)
  from space 21824K,  82% used [0x00000007a5560000, 0x00000007a66ea3c8, 0x00000007a6ab0000)
  to   space 21824K,   0% used [0x00000007a6ab0000, 0x00000007a6ab0000, 0x00000007a8000000)
 concurrent mark-sweep generation total 393216K, used 5344K [0x00000007a8000000, 0x00000007c0000000, 0x00000007c0000000)
 Metaspace       used 30778K, capacity 31228K, committed 31532K, reserved 1077248K
  class space    used 3593K, capacity 3772K, committed 3884K, reserved 1048576K
}
2017-07-11T21:34:30.044-0500: 19644.434: Total time for which application threads were stopped: 0.0294667 seconds, Stopping threads took: 0.0000175 seconds
2017-07-11T21:34:30.044-0500: 19644.435: Total time for which application threads were stopped: 0.0001900 seconds, Stopping threads took: 0.0000671 seconds
{Heap before GC invocations=10 (full 1):
 par new generation   total 109248K, used 105384K [0x00000007a0000000, 0x00000007a8000000, 0x00000007a8000000)
  eden space 87424K, 100% used [0x00000007a0000000, 0x00000007a5560000, 0x00000007a5560000)
  from space 21824K,  82% used [0x00000007a5560000, 0x00000007a66ea3c8, 0x00000007a6ab0000)
  to   space 21824K,   0% used [0x00000007a6ab0000, 0x00000007a6ab0000, 0x00000007a8000000)
 concurrent mark-sweep generation total 393216K, used 5344K [0x00000007a8000000, 0x00000007c0000000, 0x00000007c0000000)
 Metaspace       used 30812K, capacity 31292K, committed 31788K, reserved 1077248K
  class space    used 3593K, capacity 3772K, committed 3884K, reserved 1048576K
2017-07-11T21:34:30.199-0500: 19644.589: [GC (Allocation Failure) 2017-07-11T21:34:30.199-0500: 19644.589: [ParNew
Desired survivor size 20112992 bytes, new threshold 8 (max 8)
- age   1:     448360 bytes,     448360 total
- age   2:     153360 bytes,     601720 total
- age   3:    1000088 bytes,    1601808 total
- age   4:    2831168 bytes,    4432976 total
- age   5:      72088 bytes,    4505064 total
- age   6:    5601992 bytes,   10107056 total
- age   7:    1091096 bytes,   11198152 total
- age   8:     132920 bytes,   11331072 total
: 105384K->13703K(109248K), 0.0141206 secs] 110729K->19308K(502464K), 0.0142076 secs] [Times: user=0.04 sys=0.00, real=0.02 secs] 
Heap after GC invocations=11 (full 1):
 par new generation   total 109248K, used 13703K [0x00000007a0000000, 0x00000007a8000000, 0x00000007a8000000)
  eden space 87424K,   0% used [0x00000007a0000000, 0x00000007a0000000, 0x00000007a5560000)
  from space 21824K,  62% used [0x00000007a6ab0000, 0x00000007a7811cc0, 0x00000007a8000000)
  to   space 21824K,   0% used [0x00000007a5560000, 0x00000007a5560000, 0x00000007a6ab0000)
 concurrent mark-sweep generation total 393216K, used 5605K [0x00000007a8000000, 0x00000007c0000000, 0x00000007c0000000)
 Metaspace       used 30812K, capacity 31292K, committed 31788K, reserved 1077248K
  class space    used 3593K, capacity 3772K, committed 3884K, reserved 1048576K
}
2017-07-11T21:34:30.213-0500: 19644.604: Total time for which application threads were stopped: 0.0144451 seconds, Stopping threads took: 0.0000214 seconds
2017-07-11T21:34:30.215-0500: 19644.605: Total time for which application threads were stopped: 0.0002593 seconds, Stopping threads took: 0.0001394 seconds
2017-07-11T21:34:30.216-0500: 19644.607: Total time for which application threads were stopped: 0.0013944 seconds, Stopping threads took: 0.0000192 seconds
2017-07-11T21:34:30.217-0500: 19644.607: Total time for which application threads were stopped: 0.0001526 seconds, Stopping threads took: 0.0000740 seconds
2017-07-11T21:34:30.217-0500: 19644.608: Total time for which application threads were stopped: 0.0001338 seconds, Stopping threads took: 0.0000367 seconds
2017-07-11T21:34:30.218-0500: 19644.609: Total time for which application threads were stopped: 0.0001628 seconds, Stopping threads took: 0.0000183 seconds
2017-07-11T21:34:30.219-0500: 19644.609: Total time for which application threads were stopped: 0.0001064 seconds, Stopping threads took: 0.0000157 seconds
2017-07-11T21:34:30.219-0500: 19644.609: Total time for which application threads were stopped: 0.0001101 seconds, Stopping threads took: 0.0000135 seconds
2017-07-11T21:34:30.219-0500: 19644.610: Total time for which application threads were stopped: 0.0001194 seconds, Stopping threads took: 0.0000134 seconds
2017-07-11T21:34:30.219-0500: 19644.610: Total time for which application threads were stopped: 0.0001001 seconds, Stopping threads took: 0.0000295 seconds
2017-07-11T21:34:30.219-0500: 19644.610: Total time for which application threads were stopped: 0.0000963 seconds, Stopping threads took: 0.0000304 seconds
2017-07-11T21:34:30.219-0500: 19644.610: Total time for which application threads were stopped: 0.0000975 seconds, Stopping threads took: 0.0000270 seconds
2017-07-11T21:34:30.220-0500: 19644.610: Total time for which application threads were stopped: 0.0000969 seconds, Stopping threads took: 0.0000310 seconds
2017-07-11T21:34:30.220-0500: 19644.610: Total time for which application threads were stopped: 0.0000922 seconds, Stopping threads took: 0.0000106 seconds
2017-07-11T21:34:30.220-0500: 19644.610: Total time for which application threads were stopped: 0.0000815 seconds, Stopping threads took: 0.0000104 seconds
2017-07-11T21:34:30.220-0500: 19644.611: Total time for which application threads were stopped: 0.0001006 seconds, Stopping threads took: 0.0000199 seconds
2017-07-11T21:34:30.220-0500: 19644.611: Total time for which application threads were stopped: 0.0003719 seconds, Stopping threads took: 0.0001049 seconds
2017-07-11T21:34:30.263-0500: 19644.654: Total time for which application threads were stopped: 0.0001468 seconds, Stopping threads took: 0.0000480 seconds
2017-07-11T21:34:30.280-0500: 19644.671: Total time for which application threads were stopped: 0.0001583 seconds, Stopping threads took: 0.0000175 seconds
2017-07-11T21:34:30.280-0500: 19644.671: Total time for which application threads were stopped: 0.0000668 seconds, Stopping threads took: 0.0000107 seconds
2017-07-11T21:34:30.280-0500: 19644.671: Total time for which application threads were stopped: 0.0000699 seconds, Stopping threads took: 0.0000115 seconds
2017-07-11T21:34:30.281-0500: 19644.671: Total time for which application threads were stopped: 0.0000508 seconds, Stopping threads took: 0.0000099 seconds
2017-07-11T21:34:30.281-0500: 19644.671: Total time for which application threads were stopped: 0.0000489 seconds, Stopping threads took: 0.0000089 seconds
2017-07-11T21:34:30.281-0500: 19644.671: Total time for which application threads were stopped: 0.0000446 seconds, Stopping threads took: 0.0000079 seconds
2017-07-11T21:34:30.281-0500: 19644.672: Total time for which application threads were stopped: 0.0000420 seconds, Stopping threads took: 0.0000072 seconds
2017-07-11T21:34:30.281-0500: 19644.672: Total time for which application threads were stopped: 0.0000457 seconds, Stopping threads took: 0.0000088 seconds
2017-07-11T21:34:30.282-0500: 19644.672: Total time for which application threads were stopped: 0.0000451 seconds, Stopping threads took: 0.0000088 seconds
2017-07-11T21:34:30.282-0500: 19644.672: Total time for which application threads were stopped: 0.0000437 seconds, Stopping threads took: 0.0000078 seconds
2017-07-11T21:34:30.282-0500: 19644.672: Total time for which application threads were stopped: 0.0000408 seconds, Stopping threads took: 0.0000075 seconds
2017-07-11T21:34:30.282-0500: 19644.673: Total time for which application threads were stopped: 0.0000440 seconds, Stopping threads took: 0.0000079 seconds
2017-07-11T21:34:30.282-0500: 19644.673: Total time for which application threads were stopped: 0.0000419 seconds, Stopping threads took: 0.0000076 seconds
2017-07-11T21:34:30.283-0500: 19644.673: Total time for which application threads were stopped: 0.0000411 seconds, Stopping threads took: 0.0000069 seconds
2017-07-11T21:34:30.283-0500: 19644.673: Total time for which application threads were stopped: 0.0000455 seconds, Stopping threads took: 0.0000084 seconds
2017-07-11T21:34:30.283-0500: 19644.674: Total time for which application threads were stopped: 0.0000403 seconds, Stopping threads took: 0.0000071 seconds
2017-07-11T21:34:30.283-0500: 19644.674: Total time for which application threads were stopped: 0.0000429 seconds, Stopping threads took: 0.0000080 seconds
2017-07-11T21:34:30.283-0500: 19644.674: Total time for which application threads were stopped: 0.0001193 seconds, Stopping threads took: 0.0000065 seconds
2017-07-11T21:34:30.294-0500: 19644.684: Total time for which application threads were stopped: 0.0001697 seconds, Stopping threads took: 0.0000514 seconds
2017-07-11T21:34:30.347-0500: 19644.737: Total time for which application threads were stopped: 0.0001883 seconds, Stopping threads took: 0.0000208 seconds
2017-07-11T21:34:30.348-0500: 19644.738: Total time for which application threads were stopped: 0.0001046 seconds, Stopping threads took: 0.0000195 seconds
2017-07-11T21:34:30.384-0500: 19644.774: Total time for which application threads were stopped: 0.0001166 seconds, Stopping threads took: 0.0000216 seconds
2017-07-11T21:35:00.357-0500: 19674.749: Total time for which application threads were stopped: 0.0001003 seconds, Stopping threads took: 0.0000237 seconds
2017-07-11T21:35:00.357-0500: 19674.749: Total time for which application threads were stopped: 0.0000653 seconds, Stopping threads took: 0.0000143 seconds
2017-07-11T21:35:00.358-0500: 19674.750: Total time for which application threads were stopped: 0.0000578 seconds, Stopping threads took: 0.0000108 seconds
2017-07-11T21:35:01.358-0500: 19675.750: Total time for which application threads were stopped: 0.0001279 seconds, Stopping threads took: 0.0000291 seconds
2017-07-11T21:35:30.368-0500: 19704.761: Total time for which application threads were stopped: 0.0001227 seconds, Stopping threads took: 0.0000222 seconds
2017-07-11T21:35:30.369-0500: 19704.761: Total time for which application threads were stopped: 0.0000899 seconds, Stopping threads took: 0.0000150 seconds
2017-07-11T21:35:30.370-0500: 19704.762: Total time for which application threads were stopped: 0.0001231 seconds, Stopping threads took: 0.0000211 seconds
2017-07-11T21:35:30.370-0500: 19704.763: Total time for which application threads were stopped: 0.0000785 seconds, Stopping threads took: 0.0000138 seconds
2017-07-11T21:35:30.371-0500: 19704.764: Total time for which application threads were stopped: 0.0000834 seconds, Stopping threads took: 0.0000156 seconds
2017-07-11T21:36:01.480-0500: 19735.874: Total time for which application threads were stopped: 0.0000979 seconds, Stopping threads took: 0.0000235 seconds
2017-07-11T21:36:01.481-0500: 19735.874: Total time for which application threads were stopped: 0.0000659 seconds, Stopping threads took: 0.0000133 seconds
2017-07-11T21:36:01.481-0500: 19735.875: Total time for which application threads were stopped: 0.0001172 seconds, Stopping threads took: 0.0000594 seconds
2017-07-11T21:36:01.482-0500: 19735.876: Total time for which application threads were stopped: 0.0001114 seconds, Stopping threads took: 0.0000318 seconds
2017-07-11T21:36:01.483-0500: 19735.877: Total time for which application threads were stopped: 0.0001087 seconds, Stopping threads took: 0.0000419 seconds
2017-07-11T21:36:02.486-0500: 19736.880: Total time for which application threads were stopped: 0.0002746 seconds, Stopping threads took: 0.0000555 seconds
2017-07-11T21:36:31.489-0500: 19765.884: Total time for which application threads were stopped: 0.0001279 seconds, Stopping threads took: 0.0000280 seconds
2017-07-11T21:36:31.490-0500: 19765.885: Total time for which application threads were stopped: 0.0000691 seconds, Stopping threads took: 0.0000123 seconds
2017-07-11T21:36:31.490-0500: 19765.885: Total time for which application threads were stopped: 0.0001016 seconds, Stopping threads took: 0.0000519 seconds
2017-07-11T21:36:31.491-0500: 19765.886: Total time for which application threads were stopped: 0.0000539 seconds, Stopping threads took: 0.0000104 seconds
2017-07-11T21:36:31.491-0500: 19765.886: Total time for which application threads were stopped: 0.0000634 seconds, Stopping threads took: 0.0000107 seconds
2017-07-11T21:36:31.492-0500: 19765.887: Total time for which application threads were stopped: 0.0000630 seconds, Stopping threads took: 0.0000121 seconds
2017-07-11T21:36:40.365-0500: 19774.761: Total time for which application threads were stopped: 0.0001215 seconds, Stopping threads took: 0.0000261 seconds
2017-07-11T21:37:01.510-0500: 19795.906: Total time for which application threads were stopped: 0.0000952 seconds, Stopping threads took: 0.0000214 seconds
2017-07-11T21:37:01.511-0500: 19795.907: Total time for which application threads were stopped: 0.0000554 seconds, Stopping threads took: 0.0000110 seconds
2017-07-11T21:37:01.514-0500: 19795.910: Total time for which application threads were stopped: 0.0001080 seconds, Stopping threads took: 0.0000203 seconds
2017-07-11T21:37:01.515-0500: 19795.911: Total time for which application threads were stopped: 0.0001120 seconds, Stopping threads took: 0.0000110 seconds
2017-07-11T21:37:01.515-0500: 19795.911: Total time for which application threads were stopped: 0.0000584 seconds, Stopping threads took: 0.0000092 seconds
2017-07-11T21:37:01.515-0500: 19795.911: Total time for which application threads were stopped: 0.0000833 seconds, Stopping threads took: 0.0000072 seconds
2017-07-11T21:37:01.520-0500: 19795.916: Total time for which application threads were stopped: 0.0000933 seconds, Stopping threads took: 0.0000193 seconds
2017-07-11T21:37:01.521-0500: 19795.917: Total time for which application threads were stopped: 0.0000831 seconds, Stopping threads took: 0.0000170 seconds
2017-07-11T21:37:01.521-0500: 19795.917: Total time for which application threads were stopped: 0.0000705 seconds, Stopping threads took: 0.0000114 seconds
2017-07-11T21:37:01.521-0500: 19795.917: Total time for which application threads were stopped: 0.0000709 seconds, Stopping threads took: 0.0000120 seconds
2017-07-11T21:37:01.522-0500: 19795.918: Total time for which application threads were stopped: 0.0000720 seconds, Stopping threads took: 0.0000116 seconds
2017-07-11T21:37:01.522-0500: 19795.919: Total time for which application threads were stopped: 0.0000753 seconds, Stopping threads took: 0.0000126 seconds
2017-07-11T21:37:01.523-0500: 19795.919: Total time for which application threads were stopped: 0.0003789 seconds, Stopping threads took: 0.0000088 seconds
2017-07-11T21:37:01.524-0500: 19795.920: Total time for which application threads were stopped: 0.0001414 seconds, Stopping threads took: 0.0000238 seconds
2017-07-11T21:37:01.525-0500: 19795.921: Total time for which application threads were stopped: 0.0000764 seconds, Stopping threads took: 0.0000131 seconds
2017-07-11T21:37:01.533-0500: 19795.929: Total time for which application threads were stopped: 0.0001473 seconds, Stopping threads took: 0.0000425 seconds
2017-07-11T21:37:01.534-0500: 19795.931: Total time for which application threads were stopped: 0.0004922 seconds, Stopping threads took: 0.0001154 seconds
2017-07-11T21:37:01.540-0500: 19795.936: Total time for which application threads were stopped: 0.0001185 seconds, Stopping threads took: 0.0000394 seconds
2017-07-11T21:37:01.551-0500: 19795.947: Total time for which application threads were stopped: 0.0002670 seconds, Stopping threads took: 0.0000377 seconds
2017-07-11T21:37:01.558-0500: 19795.954: Total time for which application threads were stopped: 0.0006672 seconds, Stopping threads took: 0.0005913 seconds
2017-07-11T21:37:01.559-0500: 19795.955: Total time for which application threads were stopped: 0.0001330 seconds, Stopping threads took: 0.0000379 seconds
2017-07-11T21:37:01.559-0500: 19795.955: Total time for which application threads were stopped: 0.0000943 seconds, Stopping threads took: 0.0000329 seconds
2017-07-11T21:37:01.563-0500: 19795.959: Total time for which application threads were stopped: 0.0003096 seconds, Stopping threads took: 0.0000534 seconds
2017-07-11T21:37:01.563-0500: 19795.960: Total time for which application threads were stopped: 0.0001429 seconds, Stopping threads took: 0.0000507 seconds
2017-07-11T21:37:01.564-0500: 19795.960: Total time for which application threads were stopped: 0.0001140 seconds, Stopping threads took: 0.0000529 seconds
2017-07-11T21:37:01.564-0500: 19795.960: Total time for which application threads were stopped: 0.0000822 seconds, Stopping threads took: 0.0000366 seconds
2017-07-11T21:37:01.564-0500: 19795.960: Total time for which application threads were stopped: 0.0001495 seconds, Stopping threads took: 0.0000317 seconds
2017-07-11T21:37:01.564-0500: 19795.960: Total time for which application threads were stopped: 0.0001544 seconds, Stopping threads took: 0.0000475 seconds
2017-07-11T21:37:01.578-0500: 19795.974: Total time for which application threads were stopped: 0.0000874 seconds, Stopping threads took: 0.0000198 seconds
2017-07-11T21:37:02.433-0500: 19796.829: Total time for which application threads were stopped: 0.0001046 seconds, Stopping threads took: 0.0000203 seconds
2017-07-11T21:37:02.433-0500: 19796.829: Total time for which application threads were stopped: 0.0000719 seconds, Stopping threads took: 0.0000120 seconds
2017-07-11T21:37:02.438-0500: 19796.834: Total time for which application threads were stopped: 0.0001093 seconds, Stopping threads took: 0.0000219 seconds
2017-07-11T21:37:02.438-0500: 19796.834: Total time for which application threads were stopped: 0.0000679 seconds, Stopping threads took: 0.0000113 seconds
2017-07-11T21:37:08.043-0500: 19802.439: Total time for which application threads were stopped: 0.0001281 seconds, Stopping threads took: 0.0000266 seconds
2017-07-11T21:37:08.043-0500: 19802.439: Total time for which application threads were stopped: 0.0000512 seconds, Stopping threads took: 0.0000083 seconds
2017-07-11T21:37:08.045-0500: 19802.441: Total time for which application threads were stopped: 0.0000858 seconds, Stopping threads took: 0.0000112 seconds
2017-07-11T21:37:08.049-0500: 19802.446: Total time for which application threads were stopped: 0.0000952 seconds, Stopping threads took: 0.0000187 seconds
2017-07-11T21:37:08.050-0500: 19802.446: Total time for which application threads were stopped: 0.0000818 seconds, Stopping threads took: 0.0000252 seconds
2017-07-11T21:37:08.051-0500: 19802.447: Total time for which application threads were stopped: 0.0001382 seconds, Stopping threads took: 0.0000581 seconds
2017-07-11T21:37:08.053-0500: 19802.449: Total time for which application threads were stopped: 0.0001314 seconds, Stopping threads took: 0.0000434 seconds
2017-07-11T21:37:08.054-0500: 19802.451: Total time for which application threads were stopped: 0.0002048 seconds, Stopping threads took: 0.0001111 seconds
2017-07-11T21:37:08.056-0500: 19802.453: Total time for which application threads were stopped: 0.0001292 seconds, Stopping threads took: 0.0000360 seconds
2017-07-11T21:37:08.057-0500: 19802.453: Total time for which application threads were stopped: 0.0001619 seconds, Stopping threads took: 0.0000617 seconds
2017-07-11T21:37:08.058-0500: 19802.454: Total time for which application threads were stopped: 0.0001441 seconds, Stopping threads took: 0.0000393 seconds
2017-07-11T21:37:08.059-0500: 19802.455: Total time for which application threads were stopped: 0.0000867 seconds, Stopping threads took: 0.0000248 seconds
2017-07-11T21:37:08.060-0500: 19802.456: Total time for which application threads were stopped: 0.0006137 seconds, Stopping threads took: 0.0005133 seconds
2017-07-11T21:37:08.061-0500: 19802.457: Total time for which application threads were stopped: 0.0001734 seconds, Stopping threads took: 0.0000237 seconds
2017-07-11T21:37:08.063-0500: 19802.459: Total time for which application threads were stopped: 0.0000946 seconds, Stopping threads took: 0.0000213 seconds
2017-07-11T21:37:08.063-0500: 19802.460: Total time for which application threads were stopped: 0.0001207 seconds, Stopping threads took: 0.0000425 seconds
2017-07-11T21:37:08.064-0500: 19802.461: Total time for which application threads were stopped: 0.0001361 seconds, Stopping threads took: 0.0000507 seconds
2017-07-11T21:37:08.065-0500: 19802.461: Total time for which application threads were stopped: 0.0001604 seconds, Stopping threads took: 0.0000770 seconds
2017-07-11T21:37:08.066-0500: 19802.462: Total time for which application threads were stopped: 0.0001268 seconds, Stopping threads took: 0.0000475 seconds
2017-07-11T21:37:08.067-0500: 19802.463: Total time for which application threads were stopped: 0.0001224 seconds, Stopping threads took: 0.0000393 seconds
2017-07-11T21:37:08.068-0500: 19802.464: Total time for which application threads were stopped: 0.0001352 seconds, Stopping threads took: 0.0000468 seconds
2017-07-11T21:37:08.069-0500: 19802.465: Total time for which application threads were stopped: 0.0001021 seconds, Stopping threads took: 0.0000198 seconds
2017-07-11T21:37:08.075-0500: 19802.471: Total time for which application threads were stopped: 0.0005121 seconds, Stopping threads took: 0.0000245 seconds
2017-07-11T21:37:08.417-0500: 19802.813: Total time for which application threads were stopped: 0.0001773 seconds, Stopping threads took: 0.0000600 seconds
2017-07-11T21:37:08.417-0500: 19802.813: Total time for which application threads were stopped: 0.0000808 seconds, Stopping threads took: 0.0000370 seconds
2017-07-11T21:37:08.417-0500: 19802.814: Total time for which application threads were stopped: 0.0001391 seconds, Stopping threads took: 0.0000289 seconds
2017-07-11T21:37:08.421-0500: 19802.818: Total time for which application threads were stopped: 0.0001098 seconds, Stopping threads took: 0.0000206 seconds
2017-07-11T21:37:08.424-0500: 19802.820: Total time for which application threads were stopped: 0.0002091 seconds, Stopping threads took: 0.0001177 seconds
2017-07-11T21:37:08.424-0500: 19802.820: Total time for which application threads were stopped: 0.0001432 seconds, Stopping threads took: 0.0000799 seconds
2017-07-11T21:37:08.424-0500: 19802.821: Total time for which application threads were stopped: 0.0000950 seconds, Stopping threads took: 0.0000319 seconds
2017-07-11T21:37:08.425-0500: 19802.821: Total time for which application threads were stopped: 0.0000884 seconds, Stopping threads took: 0.0000381 seconds
2017-07-11T21:37:08.434-0500: 19802.831: Total time for which application threads were stopped: 0.0001175 seconds, Stopping threads took: 0.0000436 seconds
2017-07-11T21:37:08.480-0500: 19802.877: Total time for which application threads were stopped: 0.0001628 seconds, Stopping threads took: 0.0000450 seconds
2017-07-11T21:37:08.501-0500: 19802.897: Total time for which application threads were stopped: 0.0001465 seconds, Stopping threads took: 0.0000402 seconds
2017-07-11T21:37:08.501-0500: 19802.897: Total time for which application threads were stopped: 0.0000658 seconds, Stopping threads took: 0.0000126 seconds
2017-07-11T21:37:08.501-0500: 19802.897: Total time for which application threads were stopped: 0.0000894 seconds, Stopping threads took: 0.0000350 seconds
2017-07-11T21:37:08.501-0500: 19802.898: Total time for which application threads were stopped: 0.0001194 seconds, Stopping threads took: 0.0000353 seconds
2017-07-11T21:37:08.501-0500: 19802.898: Total time for which application threads were stopped: 0.0000885 seconds, Stopping threads took: 0.0000355 seconds
2017-07-11T21:37:08.502-0500: 19802.898: Total time for which application threads were stopped: 0.0000877 seconds, Stopping threads took: 0.0000115 seconds
2017-07-11T21:37:08.502-0500: 19802.898: Total time for which application threads were stopped: 0.0001087 seconds, Stopping threads took: 0.0000152 seconds
2017-07-11T21:37:08.503-0500: 19802.899: Total time for which application threads were stopped: 0.0000954 seconds, Stopping threads took: 0.0000176 seconds
2017-07-11T21:37:08.503-0500: 19802.900: Total time for which application threads were stopped: 0.0000649 seconds, Stopping threads took: 0.0000110 seconds
2017-07-11T21:37:08.503-0500: 19802.900: Total time for which application threads were stopped: 0.0001186 seconds, Stopping threads took: 0.0000565 seconds
2017-07-11T21:37:09.504-0500: 19803.900: Total time for which application threads were stopped: 0.0001468 seconds, Stopping threads took: 0.0000440 seconds
2017-07-11T21:38:29.370-0500: 19883.769: Total time for which application threads were stopped: 0.0006389 seconds, Stopping threads took: 0.0000679 seconds
2017-07-11T21:38:29.370-0500: 19883.770: Total time for which application threads were stopped: 0.0001713 seconds, Stopping threads took: 0.0000193 seconds
2017-07-11T21:38:29.371-0500: 19883.771: Total time for which application threads were stopped: 0.0001079 seconds, Stopping threads took: 0.0000195 seconds
2017-07-11T21:38:29.373-0500: 19883.772: Total time for which application threads were stopped: 0.0001134 seconds, Stopping threads took: 0.0000225 seconds
2017-07-11T21:38:29.373-0500: 19883.772: Total time for which application threads were stopped: 0.0000808 seconds, Stopping threads took: 0.0000129 seconds
2017-07-11T21:38:29.373-0500: 19883.773: Total time for which application threads were stopped: 0.0000642 seconds, Stopping threads took: 0.0000100 seconds
2017-07-11T21:38:29.375-0500: 19883.774: Total time for which application threads were stopped: 0.0000976 seconds, Stopping threads took: 0.0000183 seconds
2017-07-11T21:38:29.587-0500: 19883.987: Total time for which application threads were stopped: 0.0001101 seconds, Stopping threads took: 0.0000199 seconds
2017-07-11T21:38:29.595-0500: 19883.995: Total time for which application threads were stopped: 0.0001028 seconds, Stopping threads took: 0.0000378 seconds
2017-07-11T21:38:29.596-0500: 19883.995: Total time for which application threads were stopped: 0.0000461 seconds, Stopping threads took: 0.0000087 seconds
2017-07-11T21:38:29.596-0500: 19883.995: Total time for which application threads were stopped: 0.0000846 seconds, Stopping threads took: 0.0000272 seconds
{Heap before GC invocations=11 (full 1):
 par new generation   total 109248K, used 101127K [0x00000007a0000000, 0x00000007a8000000, 0x00000007a8000000)
  eden space 87424K, 100% used [0x00000007a0000000, 0x00000007a5560000, 0x00000007a5560000)
  from space 21824K,  62% used [0x00000007a6ab0000, 0x00000007a7811cc0, 0x00000007a8000000)
  to   space 21824K,   0% used [0x00000007a5560000, 0x00000007a5560000, 0x00000007a6ab0000)
 concurrent mark-sweep generation total 393216K, used 5605K [0x00000007a8000000, 0x00000007c0000000, 0x00000007c0000000)
 Metaspace       used 31113K, capacity 31514K, committed 32044K, reserved 1077248K
  class space    used 3607K, capacity 3783K, committed 3884K, reserved 1048576K
2017-07-11T21:38:29.625-0500: 19884.024: [GC (Allocation Failure) 2017-07-11T21:38:29.625-0500: 19884.024: [ParNew
Desired survivor size 20112992 bytes, new threshold 8 (max 8)
- age   1:    2884112 bytes,    2884112 total
- age   2:     347248 bytes,    3231360 total
- age   3:     152960 bytes,    3384320 total
- age   4:     976152 bytes,    4360472 total
- age   5:    2808304 bytes,    7168776 total
- age   6:      72088 bytes,    7240864 total
- age   7:    7829824 bytes,   15070688 total
- age   8:    1094256 bytes,   16164944 total
: 101127K->17297K(109248K), 0.0577367 secs] 106732K->23036K(502464K), 0.0578268 secs] [Times: user=0.06 sys=0.12, real=0.06 secs] 
Heap after GC invocations=12 (full 1):
 par new generation   total 109248K, used 17297K [0x00000007a0000000, 0x00000007a8000000, 0x00000007a8000000)
  eden space 87424K,   0% used [0x00000007a0000000, 0x00000007a0000000, 0x00000007a5560000)
  from space 21824K,  79% used [0x00000007a5560000, 0x00000007a66445f8, 0x00000007a6ab0000)
  to   space 21824K,   0% used [0x00000007a6ab0000, 0x00000007a6ab0000, 0x00000007a8000000)
 concurrent mark-sweep generation total 393216K, used 5738K [0x00000007a8000000, 0x00000007c0000000, 0x00000007c0000000)
 Metaspace       used 31113K, capacity 31514K, committed 32044K, reserved 1077248K
  class space    used 3607K, capacity 3783K, committed 3884K, reserved 1048576K
}
2017-07-11T21:38:29.683-0500: 19884.082: Total time for which application threads were stopped: 0.0584140 seconds, Stopping threads took: 0.0000167 seconds
2017-07-11T21:38:29.685-0500: 19884.084: Total time for which application threads were stopped: 0.0014913 seconds, Stopping threads took: 0.0000205 seconds
2017-07-11T21:38:29.691-0500: 19884.091: Total time for which application threads were stopped: 0.0001101 seconds, Stopping threads took: 0.0000403 seconds
2017-07-11T21:38:30.419-0500: 19884.818: Total time for which application threads were stopped: 0.0006965 seconds, Stopping threads took: 0.0000195 seconds
2017-07-11T21:38:30.419-0500: 19884.819: Total time for which application threads were stopped: 0.0004260 seconds, Stopping threads took: 0.0000136 seconds
2017-07-11T21:38:30.422-0500: 19884.821: Total time for which application threads were stopped: 0.0001326 seconds, Stopping threads took: 0.0000318 seconds
2017-07-11T21:38:30.422-0500: 19884.821: Total time for which application threads were stopped: 0.0000835 seconds, Stopping threads took: 0.0000109 seconds
2017-07-11T21:38:30.422-0500: 19884.822: Total time for which application threads were stopped: 0.0000713 seconds, Stopping threads took: 0.0000220 seconds
2017-07-11T21:38:30.422-0500: 19884.822: Total time for which application threads were stopped: 0.0000791 seconds, Stopping threads took: 0.0000446 seconds
2017-07-11T21:38:30.422-0500: 19884.822: Total time for which application threads were stopped: 0.0000831 seconds, Stopping threads took: 0.0000437 seconds
2017-07-11T21:38:30.422-0500: 19884.822: Total time for which application threads were stopped: 0.0000701 seconds, Stopping threads took: 0.0000257 seconds
2017-07-11T21:38:30.432-0500: 19884.831: Total time for which application threads were stopped: 0.0001451 seconds, Stopping threads took: 0.0000670 seconds
2017-07-11T21:38:30.432-0500: 19884.831: Total time for which application threads were stopped: 0.0000589 seconds, Stopping threads took: 0.0000129 seconds
2017-07-11T21:38:30.432-0500: 19884.831: Total time for which application threads were stopped: 0.0001531 seconds, Stopping threads took: 0.0000457 seconds
2017-07-11T21:38:30.432-0500: 19884.831: Total time for which application threads were stopped: 0.0000721 seconds, Stopping threads took: 0.0000252 seconds
2017-07-11T21:38:30.469-0500: 19884.869: Total time for which application threads were stopped: 0.0001371 seconds, Stopping threads took: 0.0000210 seconds
2017-07-11T21:38:30.472-0500: 19884.871: Total time for which application threads were stopped: 0.0001324 seconds, Stopping threads took: 0.0000217 seconds
2017-07-11T21:38:30.472-0500: 19884.871: Total time for which application threads were stopped: 0.0000678 seconds, Stopping threads took: 0.0000113 seconds
2017-07-11T21:38:33.163-0500: 19887.562: Total time for which application threads were stopped: 0.0001520 seconds, Stopping threads took: 0.0000509 seconds
2017-07-11T21:38:33.189-0500: 19887.589: Total time for which application threads were stopped: 0.0001106 seconds, Stopping threads took: 0.0000249 seconds
2017-07-11T21:38:33.191-0500: 19887.590: Total time for which application threads were stopped: 0.0001149 seconds, Stopping threads took: 0.0000257 seconds
2017-07-11T21:38:33.196-0500: 19887.595: Total time for which application threads were stopped: 0.0001909 seconds, Stopping threads took: 0.0000226 seconds
2017-07-11T21:38:33.198-0500: 19887.598: Total time for which application threads were stopped: 0.0001330 seconds, Stopping threads took: 0.0000427 seconds
2017-07-11T21:38:33.201-0500: 19887.600: Total time for which application threads were stopped: 0.0001536 seconds, Stopping threads took: 0.0000406 seconds
2017-07-11T21:38:33.202-0500: 19887.602: Total time for which application threads were stopped: 0.0001943 seconds, Stopping threads took: 0.0000390 seconds
2017-07-11T21:38:33.205-0500: 19887.604: Total time for which application threads were stopped: 0.0004908 seconds, Stopping threads took: 0.0002290 seconds
2017-07-11T21:38:33.228-0500: 19887.627: Total time for which application threads were stopped: 0.0001387 seconds, Stopping threads took: 0.0000216 seconds
2017-07-11T21:38:33.228-0500: 19887.628: Total time for which application threads were stopped: 0.0000774 seconds, Stopping threads took: 0.0000093 seconds
2017-07-11T21:38:33.228-0500: 19887.628: Total time for which application threads were stopped: 0.0000676 seconds, Stopping threads took: 0.0000078 seconds
2017-07-11T21:38:33.228-0500: 19887.628: Total time for which application threads were stopped: 0.0000634 seconds, Stopping threads took: 0.0000075 seconds
2017-07-11T21:38:33.228-0500: 19887.628: Total time for which application threads were stopped: 0.0000638 seconds, Stopping threads took: 0.0000070 seconds
2017-07-11T21:38:33.240-0500: 19887.640: Total time for which application threads were stopped: 0.0001363 seconds, Stopping threads took: 0.0000402 seconds
2017-07-11T21:38:33.240-0500: 19887.640: Total time for which application threads were stopped: 0.0000983 seconds, Stopping threads took: 0.0000384 seconds
2017-07-11T21:38:33.240-0500: 19887.640: Total time for which application threads were stopped: 0.0000798 seconds, Stopping threads took: 0.0000225 seconds
2017-07-11T21:38:33.241-0500: 19887.640: Total time for which application threads were stopped: 0.0000867 seconds, Stopping threads took: 0.0000274 seconds
2017-07-11T21:38:33.241-0500: 19887.640: Total time for which application threads were stopped: 0.0000861 seconds, Stopping threads took: 0.0000237 seconds
2017-07-11T21:38:34.242-0500: 19888.642: Total time for which application threads were stopped: 0.0002582 seconds, Stopping threads took: 0.0000452 seconds
2017-07-11T21:38:35.224-0500: 19889.623: Total time for which application threads were stopped: 0.0001161 seconds, Stopping threads took: 0.0000227 seconds
2017-07-11T21:38:35.224-0500: 19889.624: Total time for which application threads were stopped: 0.0001049 seconds, Stopping threads took: 0.0000134 seconds
2017-07-11T21:38:35.225-0500: 19889.624: Total time for which application threads were stopped: 0.0001431 seconds, Stopping threads took: 0.0000355 seconds
2017-07-11T21:38:35.250-0500: 19889.650: Total time for which application threads were stopped: 0.0002757 seconds, Stopping threads took: 0.0000455 seconds
2017-07-11T21:38:35.252-0500: 19889.651: Total time for which application threads were stopped: 0.0001207 seconds, Stopping threads took: 0.0000285 seconds
2017-07-11T21:38:35.266-0500: 19889.666: Total time for which application threads were stopped: 0.0001471 seconds, Stopping threads took: 0.0000204 seconds
2017-07-11T21:38:35.267-0500: 19889.666: Total time for which application threads were stopped: 0.0001142 seconds, Stopping threads took: 0.0000088 seconds
2017-07-11T21:38:35.267-0500: 19889.666: Total time for which application threads were stopped: 0.0000772 seconds, Stopping threads took: 0.0000092 seconds
2017-07-11T21:38:35.267-0500: 19889.666: Total time for which application threads were stopped: 0.0000728 seconds, Stopping threads took: 0.0000094 seconds
2017-07-11T21:38:35.267-0500: 19889.667: Total time for which application threads were stopped: 0.0000682 seconds, Stopping threads took: 0.0000081 seconds
2017-07-11T21:38:35.276-0500: 19889.676: Total time for which application threads were stopped: 0.0001371 seconds, Stopping threads took: 0.0000409 seconds
2017-07-11T21:38:35.276-0500: 19889.676: Total time for which application threads were stopped: 0.0001538 seconds, Stopping threads took: 0.0000350 seconds
2017-07-11T21:38:35.277-0500: 19889.676: Total time for which application threads were stopped: 0.0002513 seconds, Stopping threads took: 0.0001032 seconds
2017-07-11T21:38:35.277-0500: 19889.676: Total time for which application threads were stopped: 0.0000900 seconds, Stopping threads took: 0.0000106 seconds
2017-07-11T21:38:35.277-0500: 19889.677: Total time for which application threads were stopped: 0.0001142 seconds, Stopping threads took: 0.0000285 seconds
2017-07-11T21:38:35.278-0500: 19889.678: Total time for which application threads were stopped: 0.0001707 seconds, Stopping threads took: 0.0000203 seconds
2017-07-11T21:38:37.737-0500: 19892.137: Total time for which application threads were stopped: 0.0001398 seconds, Stopping threads took: 0.0000243 seconds
2017-07-11T21:38:37.738-0500: 19892.137: Total time for which application threads were stopped: 0.0000974 seconds, Stopping threads took: 0.0000130 seconds
2017-07-11T21:38:37.748-0500: 19892.148: Total time for which application threads were stopped: 0.0001287 seconds, Stopping threads took: 0.0000365 seconds
2017-07-11T21:38:37.748-0500: 19892.148: Total time for which application threads were stopped: 0.0001302 seconds, Stopping threads took: 0.0000245 seconds
2017-07-11T21:38:42.000-0500: 19896.400: Total time for which application threads were stopped: 0.0002102 seconds, Stopping threads took: 0.0000436 seconds
2017-07-11T21:38:42.057-0500: 19896.457: Total time for which application threads were stopped: 0.0001538 seconds, Stopping threads took: 0.0000215 seconds
2017-07-11T21:38:42.058-0500: 19896.457: Total time for which application threads were stopped: 0.0000685 seconds, Stopping threads took: 0.0000080 seconds
2017-07-11T21:38:42.066-0500: 19896.466: Total time for which application threads were stopped: 0.0002160 seconds, Stopping threads took: 0.0000357 seconds
2017-07-11T21:38:42.067-0500: 19896.467: Total time for which application threads were stopped: 0.0001399 seconds, Stopping threads took: 0.0000212 seconds
2017-07-11T21:38:43.071-0500: 19897.471: Total time for which application threads were stopped: 0.0002598 seconds, Stopping threads took: 0.0001118 seconds
2017-07-11T21:38:44.190-0500: 19898.590: Total time for which application threads were stopped: 0.0001181 seconds, Stopping threads took: 0.0000228 seconds
2017-07-11T21:38:44.201-0500: 19898.601: Total time for which application threads were stopped: 0.0001180 seconds, Stopping threads took: 0.0000209 seconds
2017-07-11T21:38:44.201-0500: 19898.601: Total time for which application threads were stopped: 0.0000739 seconds, Stopping threads took: 0.0000106 seconds
2017-07-11T21:38:44.210-0500: 19898.610: Total time for which application threads were stopped: 0.0001463 seconds, Stopping threads took: 0.0000369 seconds
2017-07-11T21:38:44.210-0500: 19898.610: Total time for which application threads were stopped: 0.0001213 seconds, Stopping threads took: 0.0000369 seconds
2017-07-11T21:39:01.956-0500: 19916.357: Total time for which application threads were stopped: 0.0001304 seconds, Stopping threads took: 0.0000547 seconds
2017-07-11T21:39:02.133-0500: 19916.534: Total time for which application threads were stopped: 0.0001564 seconds, Stopping threads took: 0.0000317 seconds
2017-07-11T21:39:02.141-0500: 19916.541: Total time for which application threads were stopped: 0.0015581 seconds, Stopping threads took: 0.0000182 seconds
2017-07-11T21:39:02.154-0500: 19916.555: Total time for which application threads were stopped: 0.0001209 seconds, Stopping threads took: 0.0000272 seconds
2017-07-11T21:39:02.181-0500: 19916.581: Total time for which application threads were stopped: 0.0011104 seconds, Stopping threads took: 0.0000264 seconds
2017-07-11T21:39:02.182-0500: 19916.582: Total time for which application threads were stopped: 0.0001376 seconds, Stopping threads took: 0.0000232 seconds
2017-07-11T21:39:02.183-0500: 19916.583: Total time for which application threads were stopped: 0.0006352 seconds, Stopping threads took: 0.0001287 seconds
2017-07-11T21:39:02.185-0500: 19916.585: Total time for which application threads were stopped: 0.0001864 seconds, Stopping threads took: 0.0000258 seconds
2017-07-11T21:39:02.202-0500: 19916.603: Total time for which application threads were stopped: 0.0001092 seconds, Stopping threads took: 0.0000186 seconds
2017-07-11T21:39:02.213-0500: 19916.614: Total time for which application threads were stopped: 0.0004648 seconds, Stopping threads took: 0.0000217 seconds
2017-07-11T21:39:02.218-0500: 19916.619: Total time for which application threads were stopped: 0.0001364 seconds, Stopping threads took: 0.0000193 seconds
2017-07-11T21:39:02.282-0500: 19916.683: Total time for which application threads were stopped: 0.0001543 seconds, Stopping threads took: 0.0000392 seconds
2017-07-11T21:39:02.308-0500: 19916.709: Total time for which application threads were stopped: 0.0004799 seconds, Stopping threads took: 0.0000173 seconds
2017-07-11T21:39:02.312-0500: 19916.712: Total time for which application threads were stopped: 0.0005493 seconds, Stopping threads took: 0.0000170 seconds
2017-07-11T21:39:02.319-0500: 19916.720: Total time for which application threads were stopped: 0.0001749 seconds, Stopping threads took: 0.0000233 seconds
2017-07-11T21:39:02.320-0500: 19916.721: Total time for which application threads were stopped: 0.0001761 seconds, Stopping threads took: 0.0000227 seconds
2017-07-11T21:39:02.322-0500: 19916.723: Total time for which application threads were stopped: 0.0013184 seconds, Stopping threads took: 0.0001007 seconds
2017-07-11T21:39:02.332-0500: 19916.732: Total time for which application threads were stopped: 0.0001578 seconds, Stopping threads took: 0.0000460 seconds
2017-07-11T21:39:02.340-0500: 19916.740: Total time for which application threads were stopped: 0.0001652 seconds, Stopping threads took: 0.0000222 seconds
2017-07-11T21:39:02.341-0500: 19916.741: Total time for which application threads were stopped: 0.0001437 seconds, Stopping threads took: 0.0000403 seconds
2017-07-11T21:39:02.345-0500: 19916.745: Total time for which application threads were stopped: 0.0001689 seconds, Stopping threads took: 0.0000223 seconds
2017-07-11T21:39:02.350-0500: 19916.751: Total time for which application threads were stopped: 0.0003895 seconds, Stopping threads took: 0.0000241 seconds
2017-07-11T21:39:02.352-0500: 19916.752: Total time for which application threads were stopped: 0.0001394 seconds, Stopping threads took: 0.0000660 seconds
2017-07-11T21:39:02.366-0500: 19916.767: Total time for which application threads were stopped: 0.0003231 seconds, Stopping threads took: 0.0000571 seconds
2017-07-11T21:39:02.405-0500: 19916.806: Total time for which application threads were stopped: 0.0005079 seconds, Stopping threads took: 0.0000215 seconds
2017-07-11T21:39:02.411-0500: 19916.811: Total time for which application threads were stopped: 0.0001298 seconds, Stopping threads took: 0.0000225 seconds
2017-07-11T21:39:02.411-0500: 19916.812: Total time for which application threads were stopped: 0.0000839 seconds, Stopping threads took: 0.0000171 seconds
2017-07-11T21:39:02.413-0500: 19916.813: Total time for which application threads were stopped: 0.0001327 seconds, Stopping threads took: 0.0000215 seconds
2017-07-11T21:39:02.413-0500: 19916.814: Total time for which application threads were stopped: 0.0000903 seconds, Stopping threads took: 0.0000171 seconds
2017-07-11T21:39:02.414-0500: 19916.814: Total time for which application threads were stopped: 0.0000956 seconds, Stopping threads took: 0.0000160 seconds
2017-07-11T21:39:02.414-0500: 19916.814: Total time for which application threads were stopped: 0.0000953 seconds, Stopping threads took: 0.0000257 seconds
2017-07-11T21:39:02.422-0500: 19916.822: Total time for which application threads were stopped: 0.0001345 seconds, Stopping threads took: 0.0000234 seconds
2017-07-11T21:39:02.432-0500: 19916.832: Total time for which application threads were stopped: 0.0001531 seconds, Stopping threads took: 0.0000231 seconds
2017-07-11T21:39:02.441-0500: 19916.842: Total time for which application threads were stopped: 0.0001449 seconds, Stopping threads took: 0.0000581 seconds
2017-07-11T21:39:02.442-0500: 19916.843: Total time for which application threads were stopped: 0.0001141 seconds, Stopping threads took: 0.0000405 seconds
2017-07-11T21:39:02.444-0500: 19916.845: Total time for which application threads were stopped: 0.0001733 seconds, Stopping threads took: 0.0000425 seconds
2017-07-11T21:39:02.446-0500: 19916.846: Total time for which application threads were stopped: 0.0001886 seconds, Stopping threads took: 0.0000501 seconds
2017-07-11T21:39:02.456-0500: 19916.856: Total time for which application threads were stopped: 0.0001382 seconds, Stopping threads took: 0.0000476 seconds
2017-07-11T21:39:02.457-0500: 19916.857: Total time for which application threads were stopped: 0.0001323 seconds, Stopping threads took: 0.0000355 seconds
2017-07-11T21:39:02.458-0500: 19916.858: Total time for which application threads were stopped: 0.0001610 seconds, Stopping threads took: 0.0000584 seconds
2017-07-11T21:39:02.461-0500: 19916.861: Total time for which application threads were stopped: 0.0001866 seconds, Stopping threads took: 0.0000237 seconds
2017-07-11T21:39:03.463-0500: 19917.864: Total time for which application threads were stopped: 0.0002225 seconds, Stopping threads took: 0.0000264 seconds
2017-07-11T21:39:05.531-0500: 19919.932: Total time for which application threads were stopped: 0.0000973 seconds, Stopping threads took: 0.0000199 seconds
2017-07-11T21:39:05.538-0500: 19919.938: Total time for which application threads were stopped: 0.0001267 seconds, Stopping threads took: 0.0000229 seconds
2017-07-11T21:39:05.543-0500: 19919.943: Total time for which application threads were stopped: 0.0001980 seconds, Stopping threads took: 0.0000957 seconds
2017-07-11T21:39:05.545-0500: 19919.946: Total time for which application threads were stopped: 0.0001419 seconds, Stopping threads took: 0.0000586 seconds
2017-07-11T21:39:05.545-0500: 19919.946: Total time for which application threads were stopped: 0.0000893 seconds, Stopping threads took: 0.0000355 seconds
2017-07-11T21:39:05.558-0500: 19919.958: Total time for which application threads were stopped: 0.0002785 seconds, Stopping threads took: 0.0000714 seconds
2017-07-11T21:39:05.567-0500: 19919.968: Total time for which application threads were stopped: 0.0001226 seconds, Stopping threads took: 0.0000312 seconds
2017-07-11T21:39:05.568-0500: 19919.969: Total time for which application threads were stopped: 0.0001183 seconds, Stopping threads took: 0.0000303 seconds
2017-07-11T21:39:05.571-0500: 19919.972: Total time for which application threads were stopped: 0.0001032 seconds, Stopping threads took: 0.0000216 seconds
2017-07-11T21:39:05.574-0500: 19919.974: Total time for which application threads were stopped: 0.0001302 seconds, Stopping threads took: 0.0000205 seconds
2017-07-11T21:39:05.588-0500: 19919.989: Total time for which application threads were stopped: 0.0001457 seconds, Stopping threads took: 0.0000223 seconds
2017-07-11T21:39:05.589-0500: 19919.990: Total time for which application threads were stopped: 0.0001195 seconds, Stopping threads took: 0.0000205 seconds
2017-07-11T21:39:05.711-0500: 19920.112: Total time for which application threads were stopped: 0.0001377 seconds, Stopping threads took: 0.0000542 seconds
2017-07-11T21:39:05.725-0500: 19920.126: Total time for which application threads were stopped: 0.0001296 seconds, Stopping threads took: 0.0000222 seconds
2017-07-11T21:39:05.738-0500: 19920.139: Total time for which application threads were stopped: 0.0002324 seconds, Stopping threads took: 0.0000920 seconds
2017-07-11T21:39:06.743-0500: 19921.144: Total time for which application threads were stopped: 0.0001362 seconds, Stopping threads took: 0.0000262 seconds
2017-07-11T21:39:10.020-0500: 19924.421: Total time for which application threads were stopped: 0.0001225 seconds, Stopping threads took: 0.0000243 seconds
2017-07-11T21:39:10.026-0500: 19924.426: Total time for which application threads were stopped: 0.0001180 seconds, Stopping threads took: 0.0000221 seconds
2017-07-11T21:39:10.033-0500: 19924.434: Total time for which application threads were stopped: 0.0001412 seconds, Stopping threads took: 0.0000442 seconds
2017-07-11T21:39:10.050-0500: 19924.451: Total time for which application threads were stopped: 0.0001211 seconds, Stopping threads took: 0.0000242 seconds
2017-07-11T21:39:10.056-0500: 19924.456: Total time for which application threads were stopped: 0.0001304 seconds, Stopping threads took: 0.0000220 seconds
2017-07-11T21:39:10.070-0500: 19924.471: Total time for which application threads were stopped: 0.0001427 seconds, Stopping threads took: 0.0000206 seconds
2017-07-11T21:39:14.360-0500: 19928.761: Total time for which application threads were stopped: 0.0001221 seconds, Stopping threads took: 0.0000397 seconds
2017-07-11T21:39:14.374-0500: 19928.775: Total time for which application threads were stopped: 0.0001985 seconds, Stopping threads took: 0.0000867 seconds
2017-07-11T21:39:14.389-0500: 19928.790: Total time for which application threads were stopped: 0.0001170 seconds, Stopping threads took: 0.0000218 seconds
2017-07-11T21:39:14.391-0500: 19928.792: Total time for which application threads were stopped: 0.0001263 seconds, Stopping threads took: 0.0000204 seconds
2017-07-11T21:39:14.399-0500: 19928.800: Total time for which application threads were stopped: 0.0001243 seconds, Stopping threads took: 0.0000217 seconds
2017-07-11T21:39:14.411-0500: 19928.812: Total time for which application threads were stopped: 0.0001332 seconds, Stopping threads took: 0.0000237 seconds
2017-07-11T21:39:14.765-0500: 19929.166: Total time for which application threads were stopped: 0.0001099 seconds, Stopping threads took: 0.0000227 seconds
2017-07-11T21:39:14.774-0500: 19929.175: Total time for which application threads were stopped: 0.0001053 seconds, Stopping threads took: 0.0000327 seconds
2017-07-11T21:39:14.785-0500: 19929.186: Total time for which application threads were stopped: 0.0001185 seconds, Stopping threads took: 0.0000171 seconds
2017-07-11T21:39:14.790-0500: 19929.191: Total time for which application threads were stopped: 0.0001171 seconds, Stopping threads took: 0.0000409 seconds
2017-07-11T21:39:14.804-0500: 19929.205: Total time for which application threads were stopped: 0.0001041 seconds, Stopping threads took: 0.0000214 seconds
2017-07-11T21:39:17.329-0500: 19931.730: Total time for which application threads were stopped: 0.0001165 seconds, Stopping threads took: 0.0000214 seconds
2017-07-11T21:39:17.341-0500: 19931.742: Total time for which application threads were stopped: 0.0001261 seconds, Stopping threads took: 0.0000227 seconds
2017-07-11T21:39:17.350-0500: 19931.751: Total time for which application threads were stopped: 0.0001905 seconds, Stopping threads took: 0.0000504 seconds
2017-07-11T21:39:17.368-0500: 19931.769: Total time for which application threads were stopped: 0.0001450 seconds, Stopping threads took: 0.0000515 seconds
2017-07-11T21:39:17.377-0500: 19931.778: Total time for which application threads were stopped: 0.0001390 seconds, Stopping threads took: 0.0000266 seconds
2017-07-11T21:39:17.392-0500: 19931.793: Total time for which application threads were stopped: 0.0001391 seconds, Stopping threads took: 0.0000225 seconds
2017-07-11T21:39:18.393-0500: 19932.794: Total time for which application threads were stopped: 0.0002080 seconds, Stopping threads took: 0.0000384 seconds
2017-07-11T21:39:22.404-0500: 19936.806: Total time for which application threads were stopped: 0.0001749 seconds, Stopping threads took: 0.0000593 seconds
2017-07-11T21:39:23.408-0500: 19937.809: Total time for which application threads were stopped: 0.0002317 seconds, Stopping threads took: 0.0000436 seconds
2017-07-11T21:39:44.209-0500: 19958.611: Total time for which application threads were stopped: 0.0001276 seconds, Stopping threads took: 0.0000294 seconds
2017-07-11T21:40:10.936-0500: 19985.339: Total time for which application threads were stopped: 0.0000950 seconds, Stopping threads took: 0.0000254 seconds
2017-07-11T21:40:10.945-0500: 19985.348: Total time for which application threads were stopped: 0.0000979 seconds, Stopping threads took: 0.0000189 seconds
2017-07-11T21:40:10.946-0500: 19985.349: Total time for which application threads were stopped: 0.0001058 seconds, Stopping threads took: 0.0000283 seconds
2017-07-11T21:40:10.946-0500: 19985.349: Total time for which application threads were stopped: 0.0001082 seconds, Stopping threads took: 0.0000394 seconds
2017-07-11T21:40:10.947-0500: 19985.350: Total time for which application threads were stopped: 0.0000888 seconds, Stopping threads took: 0.0000206 seconds
2017-07-11T21:40:10.952-0500: 19985.355: Total time for which application threads were stopped: 0.0002164 seconds, Stopping threads took: 0.0001228 seconds
2017-07-11T21:40:10.953-0500: 19985.356: Total time for which application threads were stopped: 0.0001247 seconds, Stopping threads took: 0.0000569 seconds
2017-07-11T21:40:10.957-0500: 19985.360: Total time for which application threads were stopped: 0.0001236 seconds, Stopping threads took: 0.0000392 seconds
2017-07-11T21:40:10.959-0500: 19985.362: Total time for which application threads were stopped: 0.0001189 seconds, Stopping threads took: 0.0000307 seconds
2017-07-11T21:40:10.967-0500: 19985.370: Total time for which application threads were stopped: 0.0001362 seconds, Stopping threads took: 0.0000246 seconds
2017-07-11T21:40:10.973-0500: 19985.376: Total time for which application threads were stopped: 0.0001772 seconds, Stopping threads took: 0.0000617 seconds
2017-07-11T21:40:10.981-0500: 19985.384: Total time for which application threads were stopped: 0.0001420 seconds, Stopping threads took: 0.0000267 seconds
2017-07-11T21:40:10.982-0500: 19985.385: Total time for which application threads were stopped: 0.0001299 seconds, Stopping threads took: 0.0000226 seconds
2017-07-11T21:40:10.984-0500: 19985.387: Total time for which application threads were stopped: 0.0000942 seconds, Stopping threads took: 0.0000199 seconds
2017-07-11T21:40:14.117-0500: 19988.520: Total time for which application threads were stopped: 0.0000986 seconds, Stopping threads took: 0.0000184 seconds
2017-07-11T21:40:14.126-0500: 19988.529: Total time for which application threads were stopped: 0.0001268 seconds, Stopping threads took: 0.0000482 seconds
2017-07-11T21:40:14.142-0500: 19988.545: Total time for which application threads were stopped: 0.0001262 seconds, Stopping threads took: 0.0000215 seconds
2017-07-11T21:40:14.147-0500: 19988.550: Total time for which application threads were stopped: 0.0001395 seconds, Stopping threads took: 0.0000426 seconds
2017-07-11T21:40:14.164-0500: 19988.567: Total time for which application threads were stopped: 0.0001340 seconds, Stopping threads took: 0.0000290 seconds
2017-07-11T21:40:14.244-0500: 19988.647: Total time for which application threads were stopped: 0.0000941 seconds, Stopping threads took: 0.0000203 seconds
2017-07-11T21:40:14.251-0500: 19988.655: Total time for which application threads were stopped: 0.0000975 seconds, Stopping threads took: 0.0000169 seconds
2017-07-11T21:40:14.258-0500: 19988.662: Total time for which application threads were stopped: 0.0001245 seconds, Stopping threads took: 0.0000222 seconds
2017-07-11T21:40:14.263-0500: 19988.666: Total time for which application threads were stopped: 0.0004992 seconds, Stopping threads took: 0.0003539 seconds
2017-07-11T21:40:14.264-0500: 19988.668: Total time for which application threads were stopped: 0.0001594 seconds, Stopping threads took: 0.0000520 seconds
2017-07-11T21:40:14.267-0500: 19988.670: Total time for which application threads were stopped: 0.0020599 seconds, Stopping threads took: 0.0019691 seconds
2017-07-11T21:40:14.267-0500: 19988.670: Total time for which application threads were stopped: 0.0002429 seconds, Stopping threads took: 0.0000358 seconds
2017-07-11T21:40:14.268-0500: 19988.671: Total time for which application threads were stopped: 0.0004763 seconds, Stopping threads took: 0.0000411 seconds
2017-07-11T21:40:14.276-0500: 19988.680: Total time for which application threads were stopped: 0.0002550 seconds, Stopping threads took: 0.0000750 seconds
2017-07-11T21:40:14.279-0500: 19988.682: Total time for which application threads were stopped: 0.0013950 seconds, Stopping threads took: 0.0012429 seconds
2017-07-11T21:40:14.279-0500: 19988.682: Total time for which application threads were stopped: 0.0001593 seconds, Stopping threads took: 0.0000488 seconds
2017-07-11T21:40:14.285-0500: 19988.688: Total time for which application threads were stopped: 0.0001658 seconds, Stopping threads took: 0.0000597 seconds
2017-07-11T21:40:14.285-0500: 19988.688: Total time for which application threads were stopped: 0.0001339 seconds, Stopping threads took: 0.0000382 seconds
2017-07-11T21:40:14.287-0500: 19988.690: Total time for which application threads were stopped: 0.0002055 seconds, Stopping threads took: 0.0000202 seconds
2017-07-11T21:40:15.291-0500: 19989.694: Total time for which application threads were stopped: 0.0002487 seconds, Stopping threads took: 0.0000435 seconds
2017-07-11T21:40:22.270-0500: 19996.674: Total time for which application threads were stopped: 0.0000903 seconds, Stopping threads took: 0.0000179 seconds
2017-07-11T21:40:22.272-0500: 19996.676: Total time for which application threads were stopped: 0.0000892 seconds, Stopping threads took: 0.0000178 seconds
2017-07-11T21:40:22.273-0500: 19996.676: Total time for which application threads were stopped: 0.0000747 seconds, Stopping threads took: 0.0000150 seconds
2017-07-11T21:40:22.279-0500: 19996.682: Total time for which application threads were stopped: 0.0000860 seconds, Stopping threads took: 0.0000167 seconds
2017-07-11T21:40:22.280-0500: 19996.683: Total time for which application threads were stopped: 0.0001119 seconds, Stopping threads took: 0.0000328 seconds
2017-07-11T21:40:22.280-0500: 19996.684: Total time for which application threads were stopped: 0.0000971 seconds, Stopping threads took: 0.0000367 seconds
2017-07-11T21:40:22.281-0500: 19996.684: Total time for which application threads were stopped: 0.0000648 seconds, Stopping threads took: 0.0000096 seconds
2017-07-11T21:40:22.284-0500: 19996.687: Total time for which application threads were stopped: 0.0001468 seconds, Stopping threads took: 0.0000494 seconds
2017-07-11T21:40:22.284-0500: 19996.688: Total time for which application threads were stopped: 0.0000577 seconds, Stopping threads took: 0.0000086 seconds
2017-07-11T21:40:22.290-0500: 19996.693: Total time for which application threads were stopped: 0.0000946 seconds, Stopping threads took: 0.0000206 seconds
2017-07-11T21:40:22.293-0500: 19996.697: Total time for which application threads were stopped: 0.0001021 seconds, Stopping threads took: 0.0000194 seconds
2017-07-11T21:40:22.304-0500: 19996.707: Total time for which application threads were stopped: 0.0001166 seconds, Stopping threads took: 0.0000186 seconds
2017-07-11T21:40:22.306-0500: 19996.709: Total time for which application threads were stopped: 0.0000965 seconds, Stopping threads took: 0.0000196 seconds
2017-07-11T21:40:22.366-0500: 19996.770: Total time for which application threads were stopped: 0.0000985 seconds, Stopping threads took: 0.0000176 seconds
2017-07-11T21:40:22.375-0500: 19996.779: Total time for which application threads were stopped: 0.0000979 seconds, Stopping threads took: 0.0000181 seconds
2017-07-11T21:40:22.382-0500: 19996.785: Total time for which application threads were stopped: 0.0002593 seconds, Stopping threads took: 0.0001140 seconds
2017-07-11T21:40:22.385-0500: 19996.788: Total time for which application threads were stopped: 0.0002139 seconds, Stopping threads took: 0.0001161 seconds
2017-07-11T21:40:22.385-0500: 19996.789: Total time for which application threads were stopped: 0.0001432 seconds, Stopping threads took: 0.0000461 seconds
2017-07-11T21:40:22.387-0500: 19996.790: Total time for which application threads were stopped: 0.0001052 seconds, Stopping threads took: 0.0000217 seconds
2017-07-11T21:40:22.387-0500: 19996.791: Total time for which application threads were stopped: 0.0000967 seconds, Stopping threads took: 0.0000381 seconds
2017-07-11T21:40:28.859-0500: 20003.263: Total time for which application threads were stopped: 0.0000975 seconds, Stopping threads took: 0.0000164 seconds
2017-07-11T21:40:28.861-0500: 20003.264: Total time for which application threads were stopped: 0.0000835 seconds, Stopping threads took: 0.0000139 seconds
2017-07-11T21:40:28.861-0500: 20003.265: Total time for which application threads were stopped: 0.0000896 seconds, Stopping threads took: 0.0000187 seconds
2017-07-11T21:40:28.867-0500: 20003.270: Total time for which application threads were stopped: 0.0000969 seconds, Stopping threads took: 0.0000169 seconds
2017-07-11T21:40:28.868-0500: 20003.272: Total time for which application threads were stopped: 0.0001116 seconds, Stopping threads took: 0.0000436 seconds
2017-07-11T21:40:28.868-0500: 20003.272: Total time for which application threads were stopped: 0.0001120 seconds, Stopping threads took: 0.0000503 seconds
2017-07-11T21:40:28.869-0500: 20003.272: Total time for which application threads were stopped: 0.0001188 seconds, Stopping threads took: 0.0000543 seconds
2017-07-11T21:40:28.872-0500: 20003.276: Total time for which application threads were stopped: 0.0001456 seconds, Stopping threads took: 0.0000485 seconds
2017-07-11T21:40:28.872-0500: 20003.276: Total time for which application threads were stopped: 0.0000819 seconds, Stopping threads took: 0.0000112 seconds
2017-07-11T21:40:28.879-0500: 20003.283: Total time for which application threads were stopped: 0.0001088 seconds, Stopping threads took: 0.0000256 seconds
2017-07-11T21:40:28.883-0500: 20003.286: Total time for which application threads were stopped: 0.0001273 seconds, Stopping threads took: 0.0000493 seconds
2017-07-11T21:40:28.895-0500: 20003.298: Total time for which application threads were stopped: 0.0001396 seconds, Stopping threads took: 0.0000416 seconds
2017-07-11T21:40:28.897-0500: 20003.300: Total time for which application threads were stopped: 0.0001111 seconds, Stopping threads took: 0.0000331 seconds
2017-07-11T21:40:29.767-0500: 20004.171: Total time for which application threads were stopped: 0.0002617 seconds, Stopping threads took: 0.0000193 seconds
2017-07-11T21:40:29.775-0500: 20004.179: Total time for which application threads were stopped: 0.0001019 seconds, Stopping threads took: 0.0000195 seconds
2017-07-11T21:40:29.785-0500: 20004.189: Total time for which application threads were stopped: 0.0001296 seconds, Stopping threads took: 0.0000410 seconds
2017-07-11T21:40:29.791-0500: 20004.194: Total time for which application threads were stopped: 0.0001041 seconds, Stopping threads took: 0.0000202 seconds
2017-07-11T21:40:29.805-0500: 20004.209: Total time for which application threads were stopped: 0.0001676 seconds, Stopping threads took: 0.0000500 seconds
2017-07-11T21:40:30.604-0500: 20005.008: Total time for which application threads were stopped: 0.0000980 seconds, Stopping threads took: 0.0000179 seconds
2017-07-11T21:40:30.611-0500: 20005.015: Total time for which application threads were stopped: 0.0001058 seconds, Stopping threads took: 0.0000180 seconds
2017-07-11T21:40:30.625-0500: 20005.029: Total time for which application threads were stopped: 0.0001771 seconds, Stopping threads took: 0.0000756 seconds
2017-07-11T21:40:30.626-0500: 20005.029: Total time for which application threads were stopped: 0.0000993 seconds, Stopping threads took: 0.0000230 seconds
2017-07-11T21:40:30.626-0500: 20005.029: Total time for which application threads were stopped: 0.0001048 seconds, Stopping threads took: 0.0000148 seconds
2017-07-11T21:40:30.626-0500: 20005.030: Total time for which application threads were stopped: 0.0001112 seconds, Stopping threads took: 0.0000461 seconds
2017-07-11T21:40:30.626-0500: 20005.030: Total time for which application threads were stopped: 0.0000710 seconds, Stopping threads took: 0.0000126 seconds
2017-07-11T21:40:30.626-0500: 20005.030: Total time for which application threads were stopped: 0.0000613 seconds, Stopping threads took: 0.0000102 seconds
2017-07-11T21:40:30.626-0500: 20005.030: Total time for which application threads were stopped: 0.0000619 seconds, Stopping threads took: 0.0000080 seconds
2017-07-11T21:40:30.626-0500: 20005.030: Total time for which application threads were stopped: 0.0000636 seconds, Stopping threads took: 0.0000093 seconds
2017-07-11T21:40:30.626-0500: 20005.030: Total time for which application threads were stopped: 0.0000608 seconds, Stopping threads took: 0.0000077 seconds
2017-07-11T21:40:30.627-0500: 20005.030: Total time for which application threads were stopped: 0.0000608 seconds, Stopping threads took: 0.0000088 seconds
2017-07-11T21:40:30.627-0500: 20005.030: Total time for which application threads were stopped: 0.0000815 seconds, Stopping threads took: 0.0000077 seconds
2017-07-11T21:40:30.627-0500: 20005.030: Total time for which application threads were stopped: 0.0000572 seconds, Stopping threads took: 0.0000075 seconds
2017-07-11T21:40:30.627-0500: 20005.031: Total time for which application threads were stopped: 0.0000608 seconds, Stopping threads took: 0.0000085 seconds
2017-07-11T21:40:30.627-0500: 20005.031: Total time for which application threads were stopped: 0.0000748 seconds, Stopping threads took: 0.0000076 seconds
2017-07-11T21:40:30.627-0500: 20005.031: Total time for which application threads were stopped: 0.0000579 seconds, Stopping threads took: 0.0000084 seconds
2017-07-11T21:40:30.634-0500: 20005.038: Total time for which application threads were stopped: 0.0001166 seconds, Stopping threads took: 0.0000332 seconds
2017-07-11T21:40:30.645-0500: 20005.048: Total time for which application threads were stopped: 0.0002802 seconds, Stopping threads took: 0.0000515 seconds
2017-07-11T21:40:31.538-0500: 20005.941: Total time for which application threads were stopped: 0.0001393 seconds, Stopping threads took: 0.0000251 seconds
2017-07-11T21:40:31.550-0500: 20005.954: Total time for which application threads were stopped: 0.0001698 seconds, Stopping threads took: 0.0000461 seconds
2017-07-11T21:40:31.561-0500: 20005.965: Total time for which application threads were stopped: 0.0001488 seconds, Stopping threads took: 0.0000235 seconds
2017-07-11T21:40:31.569-0500: 20005.973: Total time for which application threads were stopped: 0.0001094 seconds, Stopping threads took: 0.0000293 seconds
2017-07-11T21:40:31.593-0500: 20005.997: Total time for which application threads were stopped: 0.0001472 seconds, Stopping threads took: 0.0000225 seconds
2017-07-11T21:40:31.713-0500: 20006.117: Total time for which application threads were stopped: 0.0001460 seconds, Stopping threads took: 0.0000564 seconds
2017-07-11T21:40:31.722-0500: 20006.125: Total time for which application threads were stopped: 0.0001047 seconds, Stopping threads took: 0.0000203 seconds
2017-07-11T21:40:31.744-0500: 20006.148: Total time for which application threads were stopped: 0.0001555 seconds, Stopping threads took: 0.0000244 seconds
2017-07-11T21:40:31.856-0500: 20006.260: Total time for which application threads were stopped: 0.0001569 seconds, Stopping threads took: 0.0000303 seconds
2017-07-11T21:40:31.865-0500: 20006.269: Total time for which application threads were stopped: 0.0001520 seconds, Stopping threads took: 0.0000233 seconds
2017-07-11T21:40:31.891-0500: 20006.295: Total time for which application threads were stopped: 0.0001200 seconds, Stopping threads took: 0.0000228 seconds
2017-07-11T21:40:32.304-0500: 20006.707: Total time for which application threads were stopped: 0.0001228 seconds, Stopping threads took: 0.0000224 seconds
2017-07-11T21:40:32.311-0500: 20006.714: Total time for which application threads were stopped: 0.0001036 seconds, Stopping threads took: 0.0000189 seconds
2017-07-11T21:40:32.331-0500: 20006.735: Total time for which application threads were stopped: 0.0001791 seconds, Stopping threads took: 0.0000464 seconds
2017-07-11T21:40:33.335-0500: 20007.739: Total time for which application threads were stopped: 0.0004097 seconds, Stopping threads took: 0.0000696 seconds
2017-07-11T21:40:49.073-0500: 20023.477: Total time for which application threads were stopped: 0.0000973 seconds, Stopping threads took: 0.0000184 seconds
2017-07-11T21:40:49.081-0500: 20023.486: Total time for which application threads were stopped: 0.0001193 seconds, Stopping threads took: 0.0000195 seconds
2017-07-11T21:40:49.083-0500: 20023.487: Total time for which application threads were stopped: 0.0001598 seconds, Stopping threads took: 0.0000490 seconds
2017-07-11T21:40:49.083-0500: 20023.488: Total time for which application threads were stopped: 0.0002116 seconds, Stopping threads took: 0.0000985 seconds
2017-07-11T21:40:49.084-0500: 20023.488: Total time for which application threads were stopped: 0.0001048 seconds, Stopping threads took: 0.0000271 seconds
2017-07-11T21:40:49.100-0500: 20023.504: Total time for which application threads were stopped: 0.0002181 seconds, Stopping threads took: 0.0000211 seconds
2017-07-11T21:40:49.284-0500: 20023.689: Total time for which application threads were stopped: 0.0002092 seconds, Stopping threads took: 0.0000631 seconds
2017-07-11T21:40:49.296-0500: 20023.701: Total time for which application threads were stopped: 0.0001519 seconds, Stopping threads took: 0.0000249 seconds
2017-07-11T21:40:49.297-0500: 20023.701: Total time for which application threads were stopped: 0.0001303 seconds, Stopping threads took: 0.0000195 seconds
2017-07-11T21:40:49.298-0500: 20023.702: Total time for which application threads were stopped: 0.0001515 seconds, Stopping threads took: 0.0000214 seconds
2017-07-11T21:40:49.328-0500: 20023.732: Total time for which application threads were stopped: 0.0001724 seconds, Stopping threads took: 0.0000481 seconds
2017-07-11T21:40:49.328-0500: 20023.733: Total time for which application threads were stopped: 0.0001365 seconds, Stopping threads took: 0.0000327 seconds
2017-07-11T21:40:49.331-0500: 20023.735: Total time for which application threads were stopped: 0.0021696 seconds, Stopping threads took: 0.0020641 seconds
2017-07-11T21:40:49.331-0500: 20023.735: Total time for which application threads were stopped: 0.0001009 seconds, Stopping threads took: 0.0000361 seconds
2017-07-11T21:40:49.331-0500: 20023.736: Total time for which application threads were stopped: 0.0000781 seconds, Stopping threads took: 0.0000124 seconds
2017-07-11T21:40:49.332-0500: 20023.736: Total time for which application threads were stopped: 0.0001329 seconds, Stopping threads took: 0.0000397 seconds
2017-07-11T21:40:49.332-0500: 20023.737: Total time for which application threads were stopped: 0.0001081 seconds, Stopping threads took: 0.0000152 seconds
2017-07-11T21:40:49.333-0500: 20023.737: Total time for which application threads were stopped: 0.0001234 seconds, Stopping threads took: 0.0000317 seconds
2017-07-11T21:40:49.333-0500: 20023.738: Total time for which application threads were stopped: 0.0001136 seconds, Stopping threads took: 0.0000275 seconds
2017-07-11T21:40:49.334-0500: 20023.738: Total time for which application threads were stopped: 0.0001383 seconds, Stopping threads took: 0.0000356 seconds
2017-07-11T21:40:49.335-0500: 20023.739: Total time for which application threads were stopped: 0.0001530 seconds, Stopping threads took: 0.0000255 seconds
2017-07-11T21:40:49.335-0500: 20023.739: Total time for which application threads were stopped: 0.0001227 seconds, Stopping threads took: 0.0000180 seconds
2017-07-11T21:40:49.336-0500: 20023.740: Total time for which application threads were stopped: 0.0001206 seconds, Stopping threads took: 0.0000165 seconds
2017-07-11T21:40:49.336-0500: 20023.740: Total time for which application threads were stopped: 0.0001135 seconds, Stopping threads took: 0.0000162 seconds
2017-07-11T21:40:49.336-0500: 20023.741: Total time for which application threads were stopped: 0.0001196 seconds, Stopping threads took: 0.0000175 seconds
2017-07-11T21:40:49.337-0500: 20023.741: Total time for which application threads were stopped: 0.0001316 seconds, Stopping threads took: 0.0000209 seconds
2017-07-11T21:40:49.338-0500: 20023.742: Total time for which application threads were stopped: 0.0001468 seconds, Stopping threads took: 0.0000245 seconds
2017-07-11T21:40:49.339-0500: 20023.743: Total time for which application threads were stopped: 0.0003466 seconds, Stopping threads took: 0.0000208 seconds
2017-07-11T21:40:50.339-0500: 20024.743: Total time for which application threads were stopped: 0.0003173 seconds, Stopping threads took: 0.0000692 seconds
2017-07-11T21:40:59.669-0500: 20034.074: Total time for which application threads were stopped: 0.0010731 seconds, Stopping threads took: 0.0008681 seconds
2017-07-11T21:40:59.670-0500: 20034.075: Total time for which application threads were stopped: 0.0001416 seconds, Stopping threads took: 0.0000456 seconds
2017-07-11T21:40:59.766-0500: 20034.170: Total time for which application threads were stopped: 0.0001777 seconds, Stopping threads took: 0.0000287 seconds
2017-07-11T21:41:00.771-0500: 20035.175: Total time for which application threads were stopped: 0.0001534 seconds, Stopping threads took: 0.0000389 seconds
2017-07-11T21:41:36.171-0500: 20070.577: Total time for which application threads were stopped: 0.0001882 seconds, Stopping threads took: 0.0000907 seconds
2017-07-11T21:41:36.171-0500: 20070.577: Total time for which application threads were stopped: 0.0001085 seconds, Stopping threads took: 0.0000429 seconds
2017-07-11T21:41:36.171-0500: 20070.578: Total time for which application threads were stopped: 0.0001362 seconds, Stopping threads took: 0.0000309 seconds
2017-07-11T21:41:36.292-0500: 20070.698: Total time for which application threads were stopped: 0.0002339 seconds, Stopping threads took: 0.0000518 seconds
2017-07-11T21:41:37.292-0500: 20071.698: Total time for which application threads were stopped: 0.0002472 seconds, Stopping threads took: 0.0000445 seconds
2017-07-11T21:41:39.293-0500: 20073.699: Total time for which application threads were stopped: 0.0001505 seconds, Stopping threads took: 0.0000278 seconds
2017-07-11T21:41:42.113-0500: 20076.519: Total time for which application threads were stopped: 0.0001806 seconds, Stopping threads took: 0.0000236 seconds
2017-07-11T21:41:43.115-0500: 20077.521: Total time for which application threads were stopped: 0.0001430 seconds, Stopping threads took: 0.0000422 seconds
2017-07-11T21:42:01.924-0500: 20096.331: Total time for which application threads were stopped: 0.0001373 seconds, Stopping threads took: 0.0000213 seconds
2017-07-11T21:42:02.926-0500: 20097.333: Total time for which application threads were stopped: 0.0002504 seconds, Stopping threads took: 0.0000370 seconds
2017-07-11T21:42:03.926-0500: 20098.333: Total time for which application threads were stopped: 0.0001354 seconds, Stopping threads took: 0.0000421 seconds
2017-07-11T21:42:25.517-0500: 20119.925: Total time for which application threads were stopped: 0.0001436 seconds, Stopping threads took: 0.0000172 seconds
2017-07-11T21:42:25.518-0500: 20119.925: Total time for which application threads were stopped: 0.0001040 seconds, Stopping threads took: 0.0000400 seconds
2017-07-11T21:42:25.518-0500: 20119.926: Total time for which application threads were stopped: 0.0001316 seconds, Stopping threads took: 0.0000330 seconds
2017-07-11T21:42:25.527-0500: 20119.935: Total time for which application threads were stopped: 0.0001421 seconds, Stopping threads took: 0.0000424 seconds
2017-07-11T21:42:25.544-0500: 20119.952: Total time for which application threads were stopped: 0.0001644 seconds, Stopping threads took: 0.0000492 seconds
2017-07-11T21:42:25.551-0500: 20119.959: Total time for which application threads were stopped: 0.0011979 seconds, Stopping threads took: 0.0010812 seconds
2017-07-11T21:42:28.342-0500: 20122.750: Total time for which application threads were stopped: 0.0003979 seconds, Stopping threads took: 0.0000522 seconds
2017-07-11T21:42:28.350-0500: 20122.758: Total time for which application threads were stopped: 0.0002382 seconds, Stopping threads took: 0.0000456 seconds
2017-07-11T21:42:28.351-0500: 20122.759: Total time for which application threads were stopped: 0.0002072 seconds, Stopping threads took: 0.0000616 seconds
2017-07-11T21:42:28.351-0500: 20122.759: Total time for which application threads were stopped: 0.0001284 seconds, Stopping threads took: 0.0000389 seconds
2017-07-11T21:42:28.351-0500: 20122.759: Total time for which application threads were stopped: 0.0001098 seconds, Stopping threads took: 0.0000341 seconds
2017-07-11T21:42:28.352-0500: 20122.759: Total time for which application threads were stopped: 0.0001482 seconds, Stopping threads took: 0.0000387 seconds
2017-07-11T21:42:28.352-0500: 20122.760: Total time for which application threads were stopped: 0.0003682 seconds, Stopping threads took: 0.0002289 seconds
2017-07-11T21:42:28.352-0500: 20122.760: Total time for which application threads were stopped: 0.0001276 seconds, Stopping threads took: 0.0000135 seconds
2017-07-11T21:42:28.352-0500: 20122.760: Total time for which application threads were stopped: 0.0001288 seconds, Stopping threads took: 0.0000249 seconds
2017-07-11T21:42:28.353-0500: 20122.761: Total time for which application threads were stopped: 0.0004245 seconds, Stopping threads took: 0.0000249 seconds
2017-07-11T21:42:28.368-0500: 20122.776: Total time for which application threads were stopped: 0.0001824 seconds, Stopping threads took: 0.0000241 seconds
2017-07-11T21:42:28.369-0500: 20122.777: Total time for which application threads were stopped: 0.0000916 seconds, Stopping threads took: 0.0000125 seconds
2017-07-11T21:42:28.371-0500: 20122.779: Total time for which application threads were stopped: 0.0001886 seconds, Stopping threads took: 0.0000282 seconds
2017-07-11T21:42:28.425-0500: 20122.832: Total time for which application threads were stopped: 0.0002386 seconds, Stopping threads took: 0.0000268 seconds
2017-07-11T21:42:28.427-0500: 20122.834: Total time for which application threads were stopped: 0.0014310 seconds, Stopping threads took: 0.0002380 seconds
2017-07-11T21:42:28.427-0500: 20122.835: Total time for which application threads were stopped: 0.0001437 seconds, Stopping threads took: 0.0000199 seconds
2017-07-11T21:42:28.427-0500: 20122.835: Total time for which application threads were stopped: 0.0001395 seconds, Stopping threads took: 0.0000175 seconds
2017-07-11T21:42:28.428-0500: 20122.836: Total time for which application threads were stopped: 0.0001309 seconds, Stopping threads took: 0.0000166 seconds
2017-07-11T21:42:28.428-0500: 20122.836: Total time for which application threads were stopped: 0.0001303 seconds, Stopping threads took: 0.0000167 seconds
2017-07-11T21:42:28.428-0500: 20122.836: Total time for which application threads were stopped: 0.0001179 seconds, Stopping threads took: 0.0000153 seconds
2017-07-11T21:42:28.429-0500: 20122.837: Total time for which application threads were stopped: 0.0000963 seconds, Stopping threads took: 0.0000142 seconds
2017-07-11T21:42:28.429-0500: 20122.837: Total time for which application threads were stopped: 0.0001066 seconds, Stopping threads took: 0.0000146 seconds
2017-07-11T21:42:28.429-0500: 20122.837: Total time for which application threads were stopped: 0.0001059 seconds, Stopping threads took: 0.0000138 seconds
2017-07-11T21:42:28.430-0500: 20122.838: Total time for which application threads were stopped: 0.0000968 seconds, Stopping threads took: 0.0000125 seconds
2017-07-11T21:42:28.430-0500: 20122.838: Total time for which application threads were stopped: 0.0000938 seconds, Stopping threads took: 0.0000121 seconds
2017-07-11T21:42:28.430-0500: 20122.838: Total time for which application threads were stopped: 0.0000948 seconds, Stopping threads took: 0.0000121 seconds
2017-07-11T21:42:28.431-0500: 20122.839: Total time for which application threads were stopped: 0.0000978 seconds, Stopping threads took: 0.0000119 seconds
2017-07-11T21:42:28.431-0500: 20122.839: Total time for which application threads were stopped: 0.0000981 seconds, Stopping threads took: 0.0000127 seconds
2017-07-11T21:42:28.431-0500: 20122.839: Total time for which application threads were stopped: 0.0001243 seconds, Stopping threads took: 0.0000164 seconds
2017-07-11T21:42:28.432-0500: 20122.840: Total time for which application threads were stopped: 0.0001364 seconds, Stopping threads took: 0.0000126 seconds
2017-07-11T21:42:28.432-0500: 20122.840: Total time for which application threads were stopped: 0.0001087 seconds, Stopping threads took: 0.0000142 seconds
2017-07-11T21:42:28.432-0500: 20122.840: Total time for which application threads were stopped: 0.0001318 seconds, Stopping threads took: 0.0000136 seconds
2017-07-11T21:42:28.433-0500: 20122.841: Total time for which application threads were stopped: 0.0003247 seconds, Stopping threads took: 0.0000137 seconds
2017-07-11T21:42:29.437-0500: 20123.844: Total time for which application threads were stopped: 0.0001369 seconds, Stopping threads took: 0.0000294 seconds
2017-07-11T21:42:39.889-0500: 20134.297: Total time for which application threads were stopped: 0.0001484 seconds, Stopping threads took: 0.0000566 seconds
2017-07-11T21:42:39.889-0500: 20134.297: Total time for which application threads were stopped: 0.0001120 seconds, Stopping threads took: 0.0000355 seconds
2017-07-11T21:42:39.890-0500: 20134.298: Total time for which application threads were stopped: 0.0001119 seconds, Stopping threads took: 0.0000362 seconds
2017-07-11T21:42:40.006-0500: 20134.415: Total time for which application threads were stopped: 0.0001970 seconds, Stopping threads took: 0.0000444 seconds
2017-07-11T21:42:40.007-0500: 20134.415: Total time for which application threads were stopped: 0.0001075 seconds, Stopping threads took: 0.0000481 seconds
2017-07-11T21:42:40.007-0500: 20134.415: Total time for which application threads were stopped: 0.0000900 seconds, Stopping threads took: 0.0000212 seconds
2017-07-11T21:42:40.007-0500: 20134.416: Total time for which application threads were stopped: 0.0000999 seconds, Stopping threads took: 0.0000325 seconds
2017-07-11T21:42:40.008-0500: 20134.416: Total time for which application threads were stopped: 0.0000953 seconds, Stopping threads took: 0.0000123 seconds
2017-07-11T21:42:40.008-0500: 20134.416: Total time for which application threads were stopped: 0.0000873 seconds, Stopping threads took: 0.0000148 seconds
2017-07-11T21:42:40.008-0500: 20134.417: Total time for which application threads were stopped: 0.0000625 seconds, Stopping threads took: 0.0000103 seconds
2017-07-11T21:42:40.009-0500: 20134.417: Total time for which application threads were stopped: 0.0001124 seconds, Stopping threads took: 0.0000567 seconds
2017-07-11T21:42:40.009-0500: 20134.418: Total time for which application threads were stopped: 0.0001057 seconds, Stopping threads took: 0.0000443 seconds
2017-07-11T21:42:40.010-0500: 20134.418: Total time for which application threads were stopped: 0.0001087 seconds, Stopping threads took: 0.0000466 seconds
2017-07-11T21:42:41.014-0500: 20135.422: Total time for which application threads were stopped: 0.0003437 seconds, Stopping threads took: 0.0000701 seconds
2017-07-11T21:42:54.057-0500: 20148.465: Total time for which application threads were stopped: 0.0002405 seconds, Stopping threads took: 0.0000473 seconds
2017-07-11T21:43:05.180-0500: 20159.589: Total time for which application threads were stopped: 0.0001308 seconds, Stopping threads took: 0.0000363 seconds
2017-07-11T21:43:05.180-0500: 20159.589: Total time for which application threads were stopped: 0.0001253 seconds, Stopping threads took: 0.0000517 seconds
2017-07-11T21:43:05.181-0500: 20159.590: Total time for which application threads were stopped: 0.0001146 seconds, Stopping threads took: 0.0000322 seconds
2017-07-11T21:43:06.181-0500: 20160.590: Total time for which application threads were stopped: 0.0001885 seconds, Stopping threads took: 0.0000318 seconds
2017-07-11T21:43:09.188-0500: 20163.597: Total time for which application threads were stopped: 0.0001826 seconds, Stopping threads took: 0.0000442 seconds
2017-07-11T21:43:10.189-0500: 20164.599: Total time for which application threads were stopped: 0.0004973 seconds, Stopping threads took: 0.0000296 seconds
2017-07-11T21:43:12.886-0500: 20167.296: Total time for which application threads were stopped: 0.0006764 seconds, Stopping threads took: 0.0004947 seconds
2017-07-11T21:43:12.886-0500: 20167.296: Total time for which application threads were stopped: 0.0001239 seconds, Stopping threads took: 0.0000440 seconds
2017-07-11T21:43:12.887-0500: 20167.296: Total time for which application threads were stopped: 0.0001141 seconds, Stopping threads took: 0.0000331 seconds
2017-07-11T21:43:12.887-0500: 20167.296: Total time for which application threads were stopped: 0.0001133 seconds, Stopping threads took: 0.0000302 seconds
2017-07-11T21:43:12.887-0500: 20167.296: Total time for which application threads were stopped: 0.0000967 seconds, Stopping threads took: 0.0000301 seconds
2017-07-11T21:43:12.887-0500: 20167.297: Total time for which application threads were stopped: 0.0001390 seconds, Stopping threads took: 0.0000608 seconds
2017-07-11T21:43:12.887-0500: 20167.297: Total time for which application threads were stopped: 0.0000883 seconds, Stopping threads took: 0.0000346 seconds
2017-07-11T21:43:12.887-0500: 20167.297: Total time for which application threads were stopped: 0.0000819 seconds, Stopping threads took: 0.0000112 seconds
2017-07-11T21:43:13.890-0500: 20168.299: Total time for which application threads were stopped: 0.0003211 seconds, Stopping threads took: 0.0000668 seconds
2017-07-11T21:43:20.610-0500: 20175.020: Total time for which application threads were stopped: 0.0001463 seconds, Stopping threads took: 0.0000463 seconds
2017-07-11T21:43:20.611-0500: 20175.021: Total time for which application threads were stopped: 0.0001361 seconds, Stopping threads took: 0.0000402 seconds
2017-07-11T21:43:20.611-0500: 20175.021: Total time for which application threads were stopped: 0.0001514 seconds, Stopping threads took: 0.0000693 seconds
2017-07-11T21:43:21.615-0500: 20176.025: Total time for which application threads were stopped: 0.0001808 seconds, Stopping threads took: 0.0000276 seconds
2017-07-11T21:43:22.619-0500: 20177.028: Total time for which application threads were stopped: 0.0002513 seconds, Stopping threads took: 0.0000469 seconds
2017-07-11T21:43:24.627-0500: 20179.036: Total time for which application threads were stopped: 0.0003371 seconds, Stopping threads took: 0.0000825 seconds
2017-07-11T21:43:40.154-0500: 20194.564: Total time for which application threads were stopped: 0.0001455 seconds, Stopping threads took: 0.0000391 seconds
2017-07-11T21:43:40.155-0500: 20194.565: Total time for which application threads were stopped: 0.0001211 seconds, Stopping threads took: 0.0000445 seconds
2017-07-11T21:43:40.155-0500: 20194.565: Total time for which application threads were stopped: 0.0001097 seconds, Stopping threads took: 0.0000288 seconds
2017-07-11T21:43:40.163-0500: 20194.573: Total time for which application threads were stopped: 0.0002091 seconds, Stopping threads took: 0.0000471 seconds
2017-07-11T21:43:40.267-0500: 20194.677: Total time for which application threads were stopped: 0.0002005 seconds, Stopping threads took: 0.0000251 seconds
2017-07-11T21:43:40.268-0500: 20194.678: Total time for which application threads were stopped: 0.0001838 seconds, Stopping threads took: 0.0000355 seconds
2017-07-11T21:43:40.270-0500: 20194.680: Total time for which application threads were stopped: 0.0012548 seconds, Stopping threads took: 0.0011335 seconds
2017-07-11T21:43:40.272-0500: 20194.682: Total time for which application threads were stopped: 0.0001808 seconds, Stopping threads took: 0.0000256 seconds
2017-07-11T21:43:45.358-0500: 20199.769: Total time for which application threads were stopped: 0.0001308 seconds, Stopping threads took: 0.0000202 seconds
2017-07-11T21:43:45.359-0500: 20199.769: Total time for which application threads were stopped: 0.0002241 seconds, Stopping threads took: 0.0000372 seconds
{Heap before GC invocations=12 (full 1):
 par new generation   total 109248K, used 104721K [0x00000007a0000000, 0x00000007a8000000, 0x00000007a8000000)
  eden space 87424K, 100% used [0x00000007a0000000, 0x00000007a5560000, 0x00000007a5560000)
  from space 21824K,  79% used [0x00000007a5560000, 0x00000007a66445f8, 0x00000007a6ab0000)
  to   space 21824K,   0% used [0x00000007a6ab0000, 0x00000007a6ab0000, 0x00000007a8000000)
 concurrent mark-sweep generation total 393216K, used 5738K [0x00000007a8000000, 0x00000007c0000000, 0x00000007c0000000)
 Metaspace       used 34237K, capacity 34692K, committed 35116K, reserved 1081344K
  class space    used 3865K, capacity 4024K, committed 4140K, reserved 1048576K
2017-07-11T21:43:45.474-0500: 20199.885: [GC (Allocation Failure) 2017-07-11T21:43:45.474-0500: 20199.885: [ParNew
Desired survivor size 20112992 bytes, new threshold 8 (max 8)
- age   1:    3308592 bytes,    3308592 total
- age   2:    2697496 bytes,    6006088 total
- age   3:     346920 bytes,    6353008 total
- age   4:     152640 bytes,    6505648 total
- age   5:     974056 bytes,    7479704 total
- age   6:    2807120 bytes,   10286824 total
- age   7:      72088 bytes,   10358912 total
- age   8:    5599792 bytes,   15958704 total
: 104721K->19117K(109248K), 0.0790315 secs] 110460K->25920K(502464K), 0.0791360 secs] [Times: user=0.08 sys=0.11, real=0.08 secs] 
Heap after GC invocations=13 (full 1):
 par new generation   total 109248K, used 19117K [0x00000007a0000000, 0x00000007a8000000, 0x00000007a8000000)
  eden space 87424K,   0% used [0x00000007a0000000, 0x00000007a0000000, 0x00000007a5560000)
  from space 21824K,  87% used [0x00000007a6ab0000, 0x00000007a7d5b450, 0x00000007a8000000)
  to   space 21824K,   0% used [0x00000007a5560000, 0x00000007a5560000, 0x00000007a6ab0000)
 concurrent mark-sweep generation total 393216K, used 6803K [0x00000007a8000000, 0x00000007c0000000, 0x00000007c0000000)
 Metaspace       used 34237K, capacity 34692K, committed 35116K, reserved 1081344K
  class space    used 3865K, capacity 4024K, committed 4140K, reserved 1048576K
}
2017-07-11T21:43:45.554-0500: 20199.964: Total time for which application threads were stopped: 0.0798333 seconds, Stopping threads took: 0.0000686 seconds
2017-07-11T21:43:46.554-0500: 20200.964: Total time for which application threads were stopped: 0.0001360 seconds, Stopping threads took: 0.0000267 seconds
2017-07-11T21:43:47.670-0500: 20202.081: Total time for which application threads were stopped: 0.0001857 seconds, Stopping threads took: 0.0000216 seconds
2017-07-11T21:43:47.671-0500: 20202.081: Total time for which application threads were stopped: 0.0001707 seconds, Stopping threads took: 0.0000816 seconds
2017-07-11T21:43:47.671-0500: 20202.081: Total time for which application threads were stopped: 0.0001177 seconds, Stopping threads took: 0.0000347 seconds
2017-07-11T21:43:47.671-0500: 20202.081: Total time for which application threads were stopped: 0.0001085 seconds, Stopping threads took: 0.0000289 seconds
2017-07-11T21:43:47.671-0500: 20202.081: Total time for which application threads were stopped: 0.0001273 seconds, Stopping threads took: 0.0000332 seconds
2017-07-11T21:43:48.674-0500: 20203.085: Total time for which application threads were stopped: 0.0002525 seconds, Stopping threads took: 0.0000697 seconds
2017-07-11T21:45:45.574-0500: 20319.987: Total time for which application threads were stopped: 0.0003145 seconds, Stopping threads took: 0.0000621 seconds
2017-07-11T21:45:45.574-0500: 20319.988: Total time for which application threads were stopped: 0.0002131 seconds, Stopping threads took: 0.0000776 seconds
2017-07-11T21:45:45.575-0500: 20319.988: Total time for which application threads were stopped: 0.0001597 seconds, Stopping threads took: 0.0000283 seconds
2017-07-11T21:45:45.584-0500: 20319.997: Total time for which application threads were stopped: 0.0001462 seconds, Stopping threads took: 0.0000182 seconds
2017-07-11T21:45:45.585-0500: 20319.998: Total time for which application threads were stopped: 0.0001113 seconds, Stopping threads took: 0.0000150 seconds
2017-07-11T21:45:45.585-0500: 20319.998: Total time for which application threads were stopped: 0.0000938 seconds, Stopping threads took: 0.0000294 seconds
2017-07-11T21:45:45.585-0500: 20319.999: Total time for which application threads were stopped: 0.0002581 seconds, Stopping threads took: 0.0000114 seconds
2017-07-11T21:45:45.591-0500: 20320.005: Total time for which application threads were stopped: 0.0001547 seconds, Stopping threads took: 0.0000477 seconds
2017-07-11T21:45:45.592-0500: 20320.005: Total time for which application threads were stopped: 0.0000835 seconds, Stopping threads took: 0.0000265 seconds
2017-07-11T21:45:45.594-0500: 20320.007: Total time for which application threads were stopped: 0.0002419 seconds, Stopping threads took: 0.0000663 seconds
2017-07-11T21:45:45.671-0500: 20320.084: Total time for which application threads were stopped: 0.0001326 seconds, Stopping threads took: 0.0000224 seconds
2017-07-11T21:45:45.690-0500: 20320.103: Total time for which application threads were stopped: 0.0002078 seconds, Stopping threads took: 0.0000228 seconds
2017-07-11T21:45:46.693-0500: 20321.106: Total time for which application threads were stopped: 0.0001311 seconds, Stopping threads took: 0.0000311 seconds
2017-07-11T21:47:16.741-0500: 20411.157: Total time for which application threads were stopped: 0.0001983 seconds, Stopping threads took: 0.0000834 seconds
2017-07-11T21:47:16.742-0500: 20411.157: Total time for which application threads were stopped: 0.0001651 seconds, Stopping threads took: 0.0000869 seconds
2017-07-11T21:47:16.742-0500: 20411.158: Total time for which application threads were stopped: 0.0001643 seconds, Stopping threads took: 0.0000522 seconds
2017-07-11T21:47:16.749-0500: 20411.164: Total time for which application threads were stopped: 0.0001297 seconds, Stopping threads took: 0.0000223 seconds
2017-07-11T21:47:16.752-0500: 20411.167: Total time for which application threads were stopped: 0.0004272 seconds, Stopping threads took: 0.0003183 seconds
2017-07-11T21:47:16.755-0500: 20411.171: Total time for which application threads were stopped: 0.0001534 seconds, Stopping threads took: 0.0000498 seconds
2017-07-11T21:47:16.755-0500: 20411.171: Total time for which application threads were stopped: 0.0000967 seconds, Stopping threads took: 0.0000300 seconds
2017-07-11T21:47:16.757-0500: 20411.173: Total time for which application threads were stopped: 0.0003073 seconds, Stopping threads took: 0.0000612 seconds
2017-07-11T21:47:22.813-0500: 20417.229: Total time for which application threads were stopped: 0.0001788 seconds, Stopping threads took: 0.0000452 seconds
2017-07-11T21:47:22.813-0500: 20417.229: Total time for which application threads were stopped: 0.0001164 seconds, Stopping threads took: 0.0000403 seconds
2017-07-11T21:47:22.814-0500: 20417.229: Total time for which application threads were stopped: 0.0000956 seconds, Stopping threads took: 0.0000125 seconds
2017-07-11T21:47:22.817-0500: 20417.232: Total time for which application threads were stopped: 0.0015688 seconds, Stopping threads took: 0.0014021 seconds
2017-07-11T21:47:23.818-0500: 20418.234: Total time for which application threads were stopped: 0.0001340 seconds, Stopping threads took: 0.0000267 seconds
2017-07-11T21:47:25.361-0500: 20419.777: Total time for which application threads were stopped: 0.0001974 seconds, Stopping threads took: 0.0000287 seconds
2017-07-11T21:47:26.361-0500: 20420.777: Total time for which application threads were stopped: 0.0002128 seconds, Stopping threads took: 0.0000392 seconds
2017-07-11T21:47:39.970-0500: 20434.386: Total time for which application threads were stopped: 0.0001470 seconds, Stopping threads took: 0.0000213 seconds
2017-07-11T21:47:39.970-0500: 20434.386: Total time for which application threads were stopped: 0.0001676 seconds, Stopping threads took: 0.0000919 seconds
2017-07-11T21:47:39.970-0500: 20434.387: Total time for which application threads were stopped: 0.0001212 seconds, Stopping threads took: 0.0000485 seconds
2017-07-11T21:47:40.971-0500: 20435.387: Total time for which application threads were stopped: 0.0001386 seconds, Stopping threads took: 0.0000261 seconds
2017-07-11T21:47:46.031-0500: 20440.448: Total time for which application threads were stopped: 0.0001625 seconds, Stopping threads took: 0.0000405 seconds
2017-07-11T21:47:46.032-0500: 20440.448: Total time for which application threads were stopped: 0.0001693 seconds, Stopping threads took: 0.0000627 seconds
2017-07-11T21:47:46.032-0500: 20440.448: Total time for which application threads were stopped: 0.0001455 seconds, Stopping threads took: 0.0000640 seconds
2017-07-11T21:47:47.034-0500: 20441.451: Total time for which application threads were stopped: 0.0001288 seconds, Stopping threads took: 0.0000255 seconds
2017-07-11T21:47:49.041-0500: 20443.458: Total time for which application threads were stopped: 0.0002672 seconds, Stopping threads took: 0.0000475 seconds
2017-07-11T21:47:57.371-0500: 20451.787: Total time for which application threads were stopped: 0.0001213 seconds, Stopping threads took: 0.0000166 seconds
2017-07-11T21:47:57.371-0500: 20451.788: Total time for which application threads were stopped: 0.0001676 seconds, Stopping threads took: 0.0000795 seconds
2017-07-11T21:47:57.372-0500: 20451.788: Total time for which application threads were stopped: 0.0001239 seconds, Stopping threads took: 0.0000388 seconds
2017-07-11T21:47:58.374-0500: 20452.791: Total time for which application threads were stopped: 0.0001138 seconds, Stopping threads took: 0.0000246 seconds
2017-07-11T21:47:59.938-0500: 20454.354: Total time for which application threads were stopped: 0.0001520 seconds, Stopping threads took: 0.0000224 seconds
2017-07-11T21:48:00.939-0500: 20455.356: Total time for which application threads were stopped: 0.0001580 seconds, Stopping threads took: 0.0000355 seconds
2017-07-11T21:48:12.569-0500: 20466.986: Total time for which application threads were stopped: 0.0001881 seconds, Stopping threads took: 0.0000657 seconds
2017-07-11T21:48:12.570-0500: 20466.987: Total time for which application threads were stopped: 0.0002588 seconds, Stopping threads took: 0.0000658 seconds
2017-07-11T21:48:12.570-0500: 20466.987: Total time for which application threads were stopped: 0.0001183 seconds, Stopping threads took: 0.0000384 seconds
2017-07-11T21:48:13.575-0500: 20467.992: Total time for which application threads were stopped: 0.0005181 seconds, Stopping threads took: 0.0000938 seconds
2017-07-11T21:48:14.241-0500: 20468.658: Total time for which application threads were stopped: 0.0001503 seconds, Stopping threads took: 0.0000237 seconds
2017-07-11T21:48:16.244-0500: 20470.661: Total time for which application threads were stopped: 0.0001788 seconds, Stopping threads took: 0.0000239 seconds
2017-07-11T21:48:18.490-0500: 20472.907: Total time for which application threads were stopped: 0.0002010 seconds, Stopping threads took: 0.0000247 seconds
2017-07-11T21:48:19.494-0500: 20473.912: Total time for which application threads were stopped: 0.0004958 seconds, Stopping threads took: 0.0000458 seconds
2017-07-11T21:48:23.510-0500: 20477.927: Total time for which application threads were stopped: 0.0002862 seconds, Stopping threads took: 0.0000513 seconds
2017-07-11T21:48:24.511-0500: 20478.928: Total time for which application threads were stopped: 0.0002900 seconds, Stopping threads took: 0.0000485 seconds
2017-07-11T21:48:31.878-0500: 20486.296: Total time for which application threads were stopped: 0.0001495 seconds, Stopping threads took: 0.0000199 seconds
2017-07-11T21:48:31.879-0500: 20486.296: Total time for which application threads were stopped: 0.0001603 seconds, Stopping threads took: 0.0000859 seconds
2017-07-11T21:48:31.879-0500: 20486.296: Total time for which application threads were stopped: 0.0000917 seconds, Stopping threads took: 0.0000111 seconds
2017-07-11T21:48:33.885-0500: 20488.302: Total time for which application threads were stopped: 0.0003196 seconds, Stopping threads took: 0.0000715 seconds
2017-07-11T21:48:39.896-0500: 20494.314: Total time for which application threads were stopped: 0.0002248 seconds, Stopping threads took: 0.0000453 seconds
2017-07-11T21:48:50.928-0500: 20505.346: Total time for which application threads were stopped: 0.0001487 seconds, Stopping threads took: 0.0000346 seconds
2017-07-11T21:49:24.023-0500: 20538.442: Total time for which application threads were stopped: 0.0003080 seconds, Stopping threads took: 0.0000484 seconds
2017-07-11T21:50:01.191-0500: 20575.611: Total time for which application threads were stopped: 0.0003502 seconds, Stopping threads took: 0.0000365 seconds
2017-07-11T21:50:01.192-0500: 20575.612: Total time for which application threads were stopped: 0.0001978 seconds, Stopping threads took: 0.0000372 seconds
2017-07-11T21:50:01.208-0500: 20575.628: Total time for which application threads were stopped: 0.0001898 seconds, Stopping threads took: 0.0000230 seconds
2017-07-11T21:50:01.220-0500: 20575.639: Total time for which application threads were stopped: 0.0002517 seconds, Stopping threads took: 0.0000810 seconds
2017-07-11T21:50:01.224-0500: 20575.644: Total time for which application threads were stopped: 0.0007964 seconds, Stopping threads took: 0.0006519 seconds
2017-07-11T21:50:01.230-0500: 20575.650: Total time for which application threads were stopped: 0.0002601 seconds, Stopping threads took: 0.0000386 seconds
2017-07-11T21:50:01.946-0500: 20576.365: Total time for which application threads were stopped: 0.0007359 seconds, Stopping threads took: 0.0000567 seconds
2017-07-11T21:50:01.946-0500: 20576.366: Total time for which application threads were stopped: 0.0001249 seconds, Stopping threads took: 0.0000234 seconds
2017-07-11T21:50:01.970-0500: 20576.390: Total time for which application threads were stopped: 0.0001449 seconds, Stopping threads took: 0.0000219 seconds
2017-07-11T21:50:02.973-0500: 20577.393: Total time for which application threads were stopped: 0.0001698 seconds, Stopping threads took: 0.0000258 seconds
2017-07-11T21:50:07.842-0500: 20582.262: Total time for which application threads were stopped: 0.0001429 seconds, Stopping threads took: 0.0000377 seconds
2017-07-11T21:50:07.843-0500: 20582.263: Total time for which application threads were stopped: 0.0001860 seconds, Stopping threads took: 0.0000919 seconds
2017-07-11T21:50:07.843-0500: 20582.263: Total time for which application threads were stopped: 0.0002403 seconds, Stopping threads took: 0.0000835 seconds
2017-07-11T21:50:08.059-0500: 20582.478: Total time for which application threads were stopped: 0.0002742 seconds, Stopping threads took: 0.0000439 seconds
2017-07-11T21:50:09.061-0500: 20583.481: Total time for which application threads were stopped: 0.0001643 seconds, Stopping threads took: 0.0000334 seconds
2017-07-11T21:51:02.230-0500: 20636.651: Total time for which application threads were stopped: 0.0002666 seconds, Stopping threads took: 0.0000915 seconds
2017-07-11T21:51:02.230-0500: 20636.651: Total time for which application threads were stopped: 0.0002075 seconds, Stopping threads took: 0.0000394 seconds
2017-07-11T21:51:02.231-0500: 20636.652: Total time for which application threads were stopped: 0.0002024 seconds, Stopping threads took: 0.0000427 seconds
2017-07-11T21:51:02.237-0500: 20636.658: Total time for which application threads were stopped: 0.0001795 seconds, Stopping threads took: 0.0000246 seconds
2017-07-11T21:51:02.239-0500: 20636.660: Total time for which application threads were stopped: 0.0001752 seconds, Stopping threads took: 0.0000223 seconds
2017-07-11T21:51:02.246-0500: 20636.667: Total time for which application threads were stopped: 0.0001889 seconds, Stopping threads took: 0.0000473 seconds
2017-07-11T21:51:04.998-0500: 20639.419: Total time for which application threads were stopped: 0.0001798 seconds, Stopping threads took: 0.0000224 seconds
2017-07-11T21:51:05.000-0500: 20639.421: Total time for which application threads were stopped: 0.0004506 seconds, Stopping threads took: 0.0001260 seconds
2017-07-11T21:51:05.006-0500: 20639.428: Total time for which application threads were stopped: 0.0001774 seconds, Stopping threads took: 0.0000232 seconds
2017-07-11T21:51:05.011-0500: 20639.433: Total time for which application threads were stopped: 0.0001363 seconds, Stopping threads took: 0.0000216 seconds
2017-07-11T21:51:24.958-0500: 20659.380: Total time for which application threads were stopped: 0.0002422 seconds, Stopping threads took: 0.0000934 seconds
2017-07-11T21:51:24.958-0500: 20659.380: Total time for which application threads were stopped: 0.0001753 seconds, Stopping threads took: 0.0000342 seconds
2017-07-11T21:51:24.959-0500: 20659.381: Total time for which application threads were stopped: 0.0001564 seconds, Stopping threads took: 0.0000169 seconds
2017-07-11T21:51:25.962-0500: 20660.384: Total time for which application threads were stopped: 0.0001292 seconds, Stopping threads took: 0.0000266 seconds
2017-07-11T21:51:27.071-0500: 20661.493: Total time for which application threads were stopped: 0.0002576 seconds, Stopping threads took: 0.0000218 seconds
2017-07-11T21:51:28.072-0500: 20662.494: Total time for which application threads were stopped: 0.0001468 seconds, Stopping threads took: 0.0000258 seconds
2017-07-11T21:52:18.205-0500: 20712.628: Total time for which application threads were stopped: 0.0001259 seconds, Stopping threads took: 0.0000252 seconds
2017-07-11T21:52:24.319-0500: 20718.742: Total time for which application threads were stopped: 0.0001920 seconds, Stopping threads took: 0.0000258 seconds
2017-07-11T21:52:24.321-0500: 20718.745: Total time for which application threads were stopped: 0.0002588 seconds, Stopping threads took: 0.0000222 seconds
2017-07-11T21:52:24.322-0500: 20718.745: Total time for which application threads were stopped: 0.0002705 seconds, Stopping threads took: 0.0000916 seconds
2017-07-11T21:52:24.332-0500: 20718.755: Total time for which application threads were stopped: 0.0001756 seconds, Stopping threads took: 0.0000247 seconds
2017-07-11T21:52:25.851-0500: 20720.275: Total time for which application threads were stopped: 0.0002819 seconds, Stopping threads took: 0.0000935 seconds
2017-07-11T21:52:25.852-0500: 20720.275: Total time for which application threads were stopped: 0.0002763 seconds, Stopping threads took: 0.0001317 seconds
2017-07-11T21:52:25.860-0500: 20720.283: Total time for which application threads were stopped: 0.0001624 seconds, Stopping threads took: 0.0000229 seconds
2017-07-11T21:52:31.558-0500: 20725.982: Total time for which application threads were stopped: 0.0002047 seconds, Stopping threads took: 0.0000419 seconds
2017-07-11T21:52:31.559-0500: 20725.982: Total time for which application threads were stopped: 0.0001956 seconds, Stopping threads took: 0.0000786 seconds
2017-07-11T21:52:31.559-0500: 20725.983: Total time for which application threads were stopped: 0.0001419 seconds, Stopping threads took: 0.0000369 seconds
2017-07-11T21:52:31.560-0500: 20725.983: Total time for which application threads were stopped: 0.0002591 seconds, Stopping threads took: 0.0000393 seconds
2017-07-11T21:52:32.561-0500: 20726.985: Total time for which application threads were stopped: 0.0001432 seconds, Stopping threads took: 0.0000357 seconds
2017-07-11T21:52:33.563-0500: 20727.986: Total time for which application threads were stopped: 0.0001268 seconds, Stopping threads took: 0.0000252 seconds
2017-07-11T21:52:53.914-0500: 20748.338: Total time for which application threads were stopped: 0.0002981 seconds, Stopping threads took: 0.0000961 seconds
2017-07-11T21:52:53.914-0500: 20748.338: Total time for which application threads were stopped: 0.0003125 seconds, Stopping threads took: 0.0000721 seconds
2017-07-11T21:52:53.914-0500: 20748.338: Total time for which application threads were stopped: 0.0001130 seconds, Stopping threads took: 0.0000173 seconds
2017-07-11T21:52:53.915-0500: 20748.339: Total time for which application threads were stopped: 0.0002159 seconds, Stopping threads took: 0.0000197 seconds
2017-07-11T21:52:58.941-0500: 20753.365: Total time for which application threads were stopped: 0.0001836 seconds, Stopping threads took: 0.0000522 seconds
2017-07-11T21:52:58.942-0500: 20753.366: Total time for which application threads were stopped: 0.0001963 seconds, Stopping threads took: 0.0000457 seconds
2017-07-11T21:52:58.942-0500: 20753.366: Total time for which application threads were stopped: 0.0001914 seconds, Stopping threads took: 0.0000745 seconds
2017-07-11T21:52:58.956-0500: 20753.380: Total time for which application threads were stopped: 0.0001539 seconds, Stopping threads took: 0.0000264 seconds
2017-07-11T21:53:05.412-0500: 20759.836: Total time for which application threads were stopped: 0.0001886 seconds, Stopping threads took: 0.0000398 seconds
2017-07-11T21:53:05.413-0500: 20759.837: Total time for which application threads were stopped: 0.0001900 seconds, Stopping threads took: 0.0000415 seconds
2017-07-11T21:53:05.413-0500: 20759.837: Total time for which application threads were stopped: 0.0001510 seconds, Stopping threads took: 0.0000142 seconds
2017-07-11T21:53:05.413-0500: 20759.838: Total time for which application threads were stopped: 0.0001091 seconds, Stopping threads took: 0.0000140 seconds
2017-07-11T21:53:07.420-0500: 20761.844: Total time for which application threads were stopped: 0.0001100 seconds, Stopping threads took: 0.0000259 seconds
2017-07-11T22:00:37.512-0500: 21211.948: Total time for which application threads were stopped: 0.0005336 seconds, Stopping threads took: 0.0000240 seconds
2017-07-11T22:00:37.514-0500: 21211.950: Total time for which application threads were stopped: 0.0003239 seconds, Stopping threads took: 0.0000465 seconds
2017-07-11T22:00:37.526-0500: 21211.962: Total time for which application threads were stopped: 0.0002367 seconds, Stopping threads took: 0.0000490 seconds
2017-07-11T22:00:37.549-0500: 21211.984: Total time for which application threads were stopped: 0.0002063 seconds, Stopping threads took: 0.0000450 seconds
2017-07-11T22:00:38.550-0500: 21212.986: Total time for which application threads were stopped: 0.0001309 seconds, Stopping threads took: 0.0000269 seconds
2017-07-11T22:00:41.088-0500: 21215.524: Total time for which application threads were stopped: 0.0003306 seconds, Stopping threads took: 0.0001219 seconds
2017-07-11T22:00:41.101-0500: 21215.537: Total time for which application threads were stopped: 0.0010863 seconds, Stopping threads took: 0.0009094 seconds
2017-07-11T22:01:26.703-0500: 21261.140: Total time for which application threads were stopped: 0.0003072 seconds, Stopping threads took: 0.0000223 seconds
2017-07-11T22:01:26.704-0500: 21261.141: Total time for which application threads were stopped: 0.0003320 seconds, Stopping threads took: 0.0001836 seconds
2017-07-11T22:01:26.705-0500: 21261.142: Total time for which application threads were stopped: 0.0002848 seconds, Stopping threads took: 0.0000880 seconds
2017-07-11T22:01:27.707-0500: 21262.144: Total time for which application threads were stopped: 0.0001918 seconds, Stopping threads took: 0.0000354 seconds
2017-07-11T22:01:30.715-0500: 21265.152: Total time for which application threads were stopped: 0.0001427 seconds, Stopping threads took: 0.0000278 seconds
2017-07-11T22:03:43.183-0500: 21397.623: Total time for which application threads were stopped: 0.0026365 seconds, Stopping threads took: 0.0003246 seconds
2017-07-11T22:03:43.183-0500: 21397.624: Total time for which application threads were stopped: 0.0004001 seconds, Stopping threads took: 0.0001133 seconds
2017-07-11T22:03:43.184-0500: 21397.625: Total time for which application threads were stopped: 0.0004386 seconds, Stopping threads took: 0.0001833 seconds
2017-07-11T22:03:43.209-0500: 21397.650: Total time for which application threads were stopped: 0.0004046 seconds, Stopping threads took: 0.0000278 seconds
2017-07-11T22:03:43.212-0500: 21397.653: Total time for which application threads were stopped: 0.0008598 seconds, Stopping threads took: 0.0004561 seconds
2017-07-11T22:03:43.971-0500: 21398.412: Total time for which application threads were stopped: 0.0002107 seconds, Stopping threads took: 0.0000481 seconds
2017-07-11T22:03:43.974-0500: 21398.415: Total time for which application threads were stopped: 0.0004460 seconds, Stopping threads took: 0.0000482 seconds
2017-07-11T22:03:44.975-0500: 21399.415: Total time for which application threads were stopped: 0.0001466 seconds, Stopping threads took: 0.0000256 seconds
2017-07-11T22:03:48.989-0500: 21403.430: Total time for which application threads were stopped: 0.0001250 seconds, Stopping threads took: 0.0000276 seconds
2017-07-11T22:03:52.121-0500: 21406.562: Total time for which application threads were stopped: 0.0002068 seconds, Stopping threads took: 0.0000240 seconds
2017-07-11T22:03:52.122-0500: 21406.562: Total time for which application threads were stopped: 0.0002019 seconds, Stopping threads took: 0.0000444 seconds
2017-07-11T22:03:52.122-0500: 21406.563: Total time for which application threads were stopped: 0.0003299 seconds, Stopping threads took: 0.0001276 seconds
2017-07-11T22:03:52.122-0500: 21406.563: Total time for which application threads were stopped: 0.0001575 seconds, Stopping threads took: 0.0000504 seconds
2017-07-11T22:03:52.124-0500: 21406.565: Total time for which application threads were stopped: 0.0003080 seconds, Stopping threads took: 0.0001022 seconds
2017-07-11T22:03:53.127-0500: 21407.568: Total time for which application threads were stopped: 0.0001486 seconds, Stopping threads took: 0.0000272 seconds
2017-07-11T22:09:05.974-0500: 21720.423: Total time for which application threads were stopped: 0.0002292 seconds, Stopping threads took: 0.0000643 seconds
2017-07-11T22:09:05.974-0500: 21720.423: Total time for which application threads were stopped: 0.0001789 seconds, Stopping threads took: 0.0000475 seconds
2017-07-11T22:09:05.975-0500: 21720.424: Total time for which application threads were stopped: 0.0002042 seconds, Stopping threads took: 0.0000138 seconds
2017-07-11T22:09:05.988-0500: 21720.437: Total time for which application threads were stopped: 0.0001670 seconds, Stopping threads took: 0.0000371 seconds
2017-07-11T22:09:05.998-0500: 21720.447: Total time for which application threads were stopped: 0.0002872 seconds, Stopping threads took: 0.0000503 seconds
2017-07-11T22:09:08.716-0500: 21723.165: Total time for which application threads were stopped: 0.0002234 seconds, Stopping threads took: 0.0000515 seconds
2017-07-11T22:09:08.728-0500: 21723.177: Total time for which application threads were stopped: 0.0001911 seconds, Stopping threads took: 0.0000237 seconds
2017-07-11T22:09:08.732-0500: 21723.181: Total time for which application threads were stopped: 0.0001626 seconds, Stopping threads took: 0.0000217 seconds
2017-07-11T22:09:08.926-0500: 21723.375: Total time for which application threads were stopped: 0.0003204 seconds, Stopping threads took: 0.0000433 seconds
2017-07-11T22:09:09.929-0500: 21724.378: Total time for which application threads were stopped: 0.0001409 seconds, Stopping threads took: 0.0000268 seconds
2017-07-11T22:10:14.772-0500: 21789.223: Total time for which application threads were stopped: 0.0001805 seconds, Stopping threads took: 0.0000600 seconds
2017-07-11T22:10:14.773-0500: 21789.223: Total time for which application threads were stopped: 0.0001725 seconds, Stopping threads took: 0.0000769 seconds
2017-07-11T22:10:14.773-0500: 21789.224: Total time for which application threads were stopped: 0.0001407 seconds, Stopping threads took: 0.0000618 seconds
2017-07-11T22:10:14.773-0500: 21789.224: Total time for which application threads were stopped: 0.0002021 seconds, Stopping threads took: 0.0000314 seconds
2017-07-11T22:10:14.774-0500: 21789.224: Total time for which application threads were stopped: 0.0001447 seconds, Stopping threads took: 0.0000140 seconds
2017-07-11T22:10:14.779-0500: 21789.230: Total time for which application threads were stopped: 0.0001463 seconds, Stopping threads took: 0.0000205 seconds
2017-07-11T22:10:14.788-0500: 21789.239: Total time for which application threads were stopped: 0.0004116 seconds, Stopping threads took: 0.0001070 seconds
2017-07-11T22:10:14.858-0500: 21789.309: Total time for which application threads were stopped: 0.0001476 seconds, Stopping threads took: 0.0000235 seconds
2017-07-11T22:10:14.865-0500: 21789.315: Total time for which application threads were stopped: 0.0002478 seconds, Stopping threads took: 0.0000885 seconds
2017-07-11T22:10:14.865-0500: 21789.316: Total time for which application threads were stopped: 0.0000750 seconds, Stopping threads took: 0.0000097 seconds
2017-07-11T22:10:14.867-0500: 21789.317: Total time for which application threads were stopped: 0.0002623 seconds, Stopping threads took: 0.0000973 seconds
2017-07-11T22:10:14.875-0500: 21789.326: Total time for which application threads were stopped: 0.0001652 seconds, Stopping threads took: 0.0000426 seconds
2017-07-11T22:10:15.879-0500: 21790.330: Total time for which application threads were stopped: 0.0001994 seconds, Stopping threads took: 0.0000433 seconds
2017-07-11T22:10:17.319-0500: 21791.769: Total time for which application threads were stopped: 0.0001545 seconds, Stopping threads took: 0.0000196 seconds
{Heap before GC invocations=13 (full 1):
 par new generation   total 109248K, used 106541K [0x00000007a0000000, 0x00000007a8000000, 0x00000007a8000000)
  eden space 87424K, 100% used [0x00000007a0000000, 0x00000007a5560000, 0x00000007a5560000)
  from space 21824K,  87% used [0x00000007a6ab0000, 0x00000007a7d5b450, 0x00000007a8000000)
  to   space 21824K,   0% used [0x00000007a5560000, 0x00000007a5560000, 0x00000007a6ab0000)
 concurrent mark-sweep generation total 393216K, used 6803K [0x00000007a8000000, 0x00000007c0000000, 0x00000007c0000000)
 Metaspace       used 35130K, capacity 35588K, committed 36140K, reserved 1081344K
  class space    used 3869K, capacity 4024K, committed 4140K, reserved 1048576K
2017-07-11T22:10:17.339-0500: 21791.790: [GC (Allocation Failure) 2017-07-11T22:10:17.339-0500: 21791.790: [ParNew
Desired survivor size 20112992 bytes, new threshold 8 (max 8)
- age   1:     445664 bytes,     445664 total
- age   2:    1500736 bytes,    1946400 total
- age   3:    2644888 bytes,    4591288 total
- age   4:     328504 bytes,    4919792 total
- age   5:     151968 bytes,    5071760 total
- age   6:     947608 bytes,    6019368 total
- age   7:    2807040 bytes,    8826408 total
- age   8:      72088 bytes,    8898496 total
: 106541K->15310K(109248K), 0.0780063 secs] 113344K->28119K(502464K), 0.0780979 secs] [Times: user=0.08 sys=0.11, real=0.08 secs] 
Heap after GC invocations=14 (full 1):
 par new generation   total 109248K, used 15310K [0x00000007a0000000, 0x00000007a8000000, 0x00000007a8000000)
  eden space 87424K,   0% used [0x00000007a0000000, 0x00000007a0000000, 0x00000007a5560000)
  from space 21824K,  70% used [0x00000007a5560000, 0x00000007a6453850, 0x00000007a6ab0000)
  to   space 21824K,   0% used [0x00000007a6ab0000, 0x00000007a6ab0000, 0x00000007a8000000)
 concurrent mark-sweep generation total 393216K, used 12809K [0x00000007a8000000, 0x00000007c0000000, 0x00000007c0000000)
 Metaspace       used 35130K, capacity 35588K, committed 36140K, reserved 1081344K
  class space    used 3869K, capacity 4024K, committed 4140K, reserved 1048576K
}
2017-07-11T22:10:17.417-0500: 21791.868: Total time for which application threads were stopped: 0.0791895 seconds, Stopping threads took: 0.0000351 seconds
2017-07-11T22:10:17.506-0500: 21791.957: Total time for which application threads were stopped: 0.0004119 seconds, Stopping threads took: 0.0000980 seconds
2017-07-11T22:10:17.506-0500: 21791.957: Total time for which application threads were stopped: 0.0003388 seconds, Stopping threads took: 0.0001036 seconds
2017-07-11T22:10:17.508-0500: 21791.959: Total time for which application threads were stopped: 0.0018926 seconds, Stopping threads took: 0.0000509 seconds
2017-07-11T22:10:17.521-0500: 21791.971: Total time for which application threads were stopped: 0.0002229 seconds, Stopping threads took: 0.0000225 seconds
2017-07-11T22:10:18.525-0500: 21792.976: Total time for which application threads were stopped: 0.0002632 seconds, Stopping threads took: 0.0000497 seconds
2017-07-11T22:10:20.523-0500: 21794.974: Total time for which application threads were stopped: 0.0001390 seconds, Stopping threads took: 0.0000231 seconds
2017-07-11T22:10:20.642-0500: 21795.093: Total time for which application threads were stopped: 0.0001874 seconds, Stopping threads took: 0.0000371 seconds
2017-07-11T22:10:20.643-0500: 21795.093: Total time for which application threads were stopped: 0.0001139 seconds, Stopping threads took: 0.0000113 seconds
2017-07-11T22:10:20.651-0500: 21795.102: Total time for which application threads were stopped: 0.0001574 seconds, Stopping threads took: 0.0000236 seconds
2017-07-11T22:10:24.667-0500: 21799.118: Total time for which application threads were stopped: 0.0002588 seconds, Stopping threads took: 0.0000464 seconds
2017-07-11T22:10:27.990-0500: 21802.441: Total time for which application threads were stopped: 0.0002438 seconds, Stopping threads took: 0.0000730 seconds
2017-07-11T22:12:08.281-0500: 21902.735: Total time for which application threads were stopped: 0.0002451 seconds, Stopping threads took: 0.0000608 seconds
2017-07-11T22:14:23.172-0500: 22037.629: Total time for which application threads were stopped: 0.0001754 seconds, Stopping threads took: 0.0000389 seconds
2017-07-11T22:14:23.173-0500: 22037.630: Total time for which application threads were stopped: 0.0005410 seconds, Stopping threads took: 0.0001021 seconds
2017-07-11T22:14:23.173-0500: 22037.631: Total time for which application threads were stopped: 0.0002074 seconds, Stopping threads took: 0.0000437 seconds
2017-07-11T22:14:23.181-0500: 22037.638: Total time for which application threads were stopped: 0.0001849 seconds, Stopping threads took: 0.0000239 seconds
2017-07-11T22:14:23.184-0500: 22037.641: Total time for which application threads were stopped: 0.0001726 seconds, Stopping threads took: 0.0000443 seconds
2017-07-11T22:14:23.192-0500: 22037.650: Total time for which application threads were stopped: 0.0004055 seconds, Stopping threads took: 0.0001120 seconds
2017-07-11T22:14:26.201-0500: 22040.658: Total time for which application threads were stopped: 0.0001528 seconds, Stopping threads took: 0.0000262 seconds
2017-07-11T22:14:59.284-0500: 22073.742: Total time for which application threads were stopped: 0.0001940 seconds, Stopping threads took: 0.0000706 seconds
2017-07-11T22:14:59.284-0500: 22073.742: Total time for which application threads were stopped: 0.0001647 seconds, Stopping threads took: 0.0000654 seconds
2017-07-11T22:14:59.285-0500: 22073.743: Total time for which application threads were stopped: 0.0001386 seconds, Stopping threads took: 0.0000517 seconds
2017-07-11T22:14:59.285-0500: 22073.743: Total time for which application threads were stopped: 0.0001308 seconds, Stopping threads took: 0.0000684 seconds
2017-07-11T22:14:59.285-0500: 22073.744: Total time for which application threads were stopped: 0.0000586 seconds, Stopping threads took: 0.0000083 seconds
2017-07-11T22:14:59.305-0500: 22073.763: Total time for which application threads were stopped: 0.0001449 seconds, Stopping threads took: 0.0000459 seconds
2017-07-11T22:15:01.861-0500: 22076.319: Total time for which application threads were stopped: 0.0001457 seconds, Stopping threads took: 0.0000236 seconds
2017-07-11T22:15:01.988-0500: 22076.446: Total time for which application threads were stopped: 0.0007028 seconds, Stopping threads took: 0.0003380 seconds
2017-07-11T22:15:02.002-0500: 22076.460: Total time for which application threads were stopped: 0.0002208 seconds, Stopping threads took: 0.0000252 seconds
2017-07-11T22:15:02.012-0500: 22076.470: Total time for which application threads were stopped: 0.0001943 seconds, Stopping threads took: 0.0000278 seconds
2017-07-11T22:15:02.033-0500: 22076.491: Total time for which application threads were stopped: 0.0002438 seconds, Stopping threads took: 0.0000481 seconds
2017-07-11T22:15:02.038-0500: 22076.496: Total time for which application threads were stopped: 0.0002735 seconds, Stopping threads took: 0.0000394 seconds
2017-07-11T22:15:02.039-0500: 22076.497: Total time for which application threads were stopped: 0.0002116 seconds, Stopping threads took: 0.0000587 seconds
2017-07-11T22:15:02.039-0500: 22076.497: Total time for which application threads were stopped: 0.0002185 seconds, Stopping threads took: 0.0000675 seconds
2017-07-11T22:15:02.039-0500: 22076.498: Total time for which application threads were stopped: 0.0001873 seconds, Stopping threads took: 0.0000350 seconds
2017-07-11T22:15:02.040-0500: 22076.498: Total time for which application threads were stopped: 0.0001772 seconds, Stopping threads took: 0.0000193 seconds
2017-07-11T22:15:02.040-0500: 22076.498: Total time for which application threads were stopped: 0.0001470 seconds, Stopping threads took: 0.0000173 seconds
2017-07-11T22:15:02.040-0500: 22076.499: Total time for which application threads were stopped: 0.0001701 seconds, Stopping threads took: 0.0000179 seconds
2017-07-11T22:15:02.041-0500: 22076.499: Total time for which application threads were stopped: 0.0001409 seconds, Stopping threads took: 0.0000150 seconds
2017-07-11T22:15:02.041-0500: 22076.499: Total time for which application threads were stopped: 0.0001617 seconds, Stopping threads took: 0.0000157 seconds
2017-07-11T22:15:02.041-0500: 22076.500: Total time for which application threads were stopped: 0.0001821 seconds, Stopping threads took: 0.0000184 seconds
2017-07-11T22:15:02.042-0500: 22076.500: Total time for which application threads were stopped: 0.0000935 seconds, Stopping threads took: 0.0000133 seconds
2017-07-11T22:15:02.042-0500: 22076.500: Total time for which application threads were stopped: 0.0001066 seconds, Stopping threads took: 0.0000116 seconds
2017-07-11T22:15:02.042-0500: 22076.500: Total time for which application threads were stopped: 0.0001364 seconds, Stopping threads took: 0.0000130 seconds
2017-07-11T22:15:02.043-0500: 22076.501: Total time for which application threads were stopped: 0.0001801 seconds, Stopping threads took: 0.0000190 seconds
2017-07-11T22:15:02.043-0500: 22076.501: Total time for which application threads were stopped: 0.0001446 seconds, Stopping threads took: 0.0000161 seconds
2017-07-11T22:15:02.043-0500: 22076.501: Total time for which application threads were stopped: 0.0001479 seconds, Stopping threads took: 0.0000145 seconds
2017-07-11T22:15:02.043-0500: 22076.502: Total time for which application threads were stopped: 0.0001142 seconds, Stopping threads took: 0.0000129 seconds
2017-07-11T22:15:02.044-0500: 22076.502: Total time for which application threads were stopped: 0.0002015 seconds, Stopping threads took: 0.0000226 seconds
2017-07-11T22:15:02.045-0500: 22076.503: Total time for which application threads were stopped: 0.0005629 seconds, Stopping threads took: 0.0000191 seconds
2017-07-11T22:15:11.708-0500: 22086.167: Total time for which application threads were stopped: 0.0001942 seconds, Stopping threads took: 0.0000807 seconds
2017-07-11T22:15:11.708-0500: 22086.167: Total time for which application threads were stopped: 0.0001673 seconds, Stopping threads took: 0.0000787 seconds
2017-07-11T22:15:11.709-0500: 22086.167: Total time for which application threads were stopped: 0.0001256 seconds, Stopping threads took: 0.0000322 seconds
2017-07-11T22:15:11.722-0500: 22086.180: Total time for which application threads were stopped: 0.0001401 seconds, Stopping threads took: 0.0000220 seconds
2017-07-11T22:15:11.729-0500: 22086.187: Total time for which application threads were stopped: 0.0001482 seconds, Stopping threads took: 0.0000547 seconds
2017-07-11T22:15:11.808-0500: 22086.266: Total time for which application threads were stopped: 0.0008658 seconds, Stopping threads took: 0.0000228 seconds
2017-07-11T22:15:11.817-0500: 22086.275: Total time for which application threads were stopped: 0.0002741 seconds, Stopping threads took: 0.0000472 seconds
2017-07-11T22:15:11.819-0500: 22086.277: Total time for which application threads were stopped: 0.0002241 seconds, Stopping threads took: 0.0000559 seconds
2017-07-11T22:15:11.819-0500: 22086.278: Total time for which application threads were stopped: 0.0001740 seconds, Stopping threads took: 0.0000339 seconds
2017-07-11T22:15:11.820-0500: 22086.278: Total time for which application threads were stopped: 0.0002209 seconds, Stopping threads took: 0.0000726 seconds
2017-07-11T22:15:11.820-0500: 22086.278: Total time for which application threads were stopped: 0.0002060 seconds, Stopping threads took: 0.0000769 seconds
2017-07-11T22:15:11.820-0500: 22086.279: Total time for which application threads were stopped: 0.0002149 seconds, Stopping threads took: 0.0000742 seconds
2017-07-11T22:15:12.822-0500: 22087.281: Total time for which application threads were stopped: 0.0003502 seconds, Stopping threads took: 0.0000621 seconds
2017-07-11T22:15:17.677-0500: 22092.136: Total time for which application threads were stopped: 0.0001650 seconds, Stopping threads took: 0.0000553 seconds
2017-07-11T22:15:17.678-0500: 22092.136: Total time for which application threads were stopped: 0.0001263 seconds, Stopping threads took: 0.0000329 seconds
2017-07-11T22:15:17.678-0500: 22092.137: Total time for which application threads were stopped: 0.0001522 seconds, Stopping threads took: 0.0000713 seconds
2017-07-11T22:15:17.772-0500: 22092.230: Total time for which application threads were stopped: 0.0003656 seconds, Stopping threads took: 0.0001042 seconds
2017-07-11T22:15:17.779-0500: 22092.238: Total time for which application threads were stopped: 0.0002293 seconds, Stopping threads took: 0.0000614 seconds
2017-07-11T22:15:17.784-0500: 22092.243: Total time for which application threads were stopped: 0.0001530 seconds, Stopping threads took: 0.0000248 seconds
2017-07-11T22:15:17.785-0500: 22092.244: Total time for which application threads were stopped: 0.0001311 seconds, Stopping threads took: 0.0000170 seconds
2017-07-11T22:15:17.786-0500: 22092.245: Total time for which application threads were stopped: 0.0001789 seconds, Stopping threads took: 0.0000230 seconds
2017-07-11T22:15:17.793-0500: 22092.252: Total time for which application threads were stopped: 0.0001551 seconds, Stopping threads took: 0.0000252 seconds
2017-07-11T22:15:20.449-0500: 22094.907: Total time for which application threads were stopped: 0.0003054 seconds, Stopping threads took: 0.0000954 seconds
2017-07-11T22:15:20.450-0500: 22094.909: Total time for which application threads were stopped: 0.0004900 seconds, Stopping threads took: 0.0000774 seconds
2017-07-11T22:15:20.548-0500: 22095.007: Total time for which application threads were stopped: 0.0005196 seconds, Stopping threads took: 0.0000402 seconds
2017-07-11T22:15:20.551-0500: 22095.010: Total time for which application threads were stopped: 0.0001440 seconds, Stopping threads took: 0.0000178 seconds
2017-07-11T22:15:20.551-0500: 22095.010: Total time for which application threads were stopped: 0.0000728 seconds, Stopping threads took: 0.0000086 seconds
2017-07-11T22:15:24.808-0500: 22099.267: Total time for which application threads were stopped: 0.0001479 seconds, Stopping threads took: 0.0000229 seconds
2017-07-11T22:15:24.881-0500: 22099.340: Total time for which application threads were stopped: 0.0003544 seconds, Stopping threads took: 0.0001075 seconds
2017-07-11T22:15:24.887-0500: 22099.346: Total time for which application threads were stopped: 0.0002040 seconds, Stopping threads took: 0.0000467 seconds
2017-07-11T22:15:24.887-0500: 22099.346: Total time for which application threads were stopped: 0.0001182 seconds, Stopping threads took: 0.0000138 seconds
2017-07-11T22:15:24.887-0500: 22099.346: Total time for which application threads were stopped: 0.0001024 seconds, Stopping threads took: 0.0000115 seconds
2017-07-11T22:15:24.888-0500: 22099.347: Total time for which application threads were stopped: 0.0001312 seconds, Stopping threads took: 0.0000142 seconds
2017-07-11T22:15:24.888-0500: 22099.347: Total time for which application threads were stopped: 0.0001270 seconds, Stopping threads took: 0.0000146 seconds
2017-07-11T22:15:24.889-0500: 22099.347: Total time for which application threads were stopped: 0.0001047 seconds, Stopping threads took: 0.0000121 seconds
2017-07-11T22:15:24.889-0500: 22099.348: Total time for which application threads were stopped: 0.0001013 seconds, Stopping threads took: 0.0000113 seconds
2017-07-11T22:15:24.889-0500: 22099.348: Total time for which application threads were stopped: 0.0000975 seconds, Stopping threads took: 0.0000106 seconds
2017-07-11T22:15:24.889-0500: 22099.348: Total time for which application threads were stopped: 0.0000963 seconds, Stopping threads took: 0.0000113 seconds
2017-07-11T22:15:24.890-0500: 22099.349: Total time for which application threads were stopped: 0.0001350 seconds, Stopping threads took: 0.0000185 seconds
2017-07-11T22:15:24.891-0500: 22099.350: Total time for which application threads were stopped: 0.0001300 seconds, Stopping threads took: 0.0000188 seconds
2017-07-11T22:15:24.892-0500: 22099.351: Total time for which application threads were stopped: 0.0001406 seconds, Stopping threads took: 0.0000380 seconds
2017-07-11T22:15:24.893-0500: 22099.351: Total time for which application threads were stopped: 0.0001192 seconds, Stopping threads took: 0.0000372 seconds
2017-07-11T22:15:24.893-0500: 22099.352: Total time for which application threads were stopped: 0.0001034 seconds, Stopping threads took: 0.0000387 seconds
2017-07-11T22:15:24.895-0500: 22099.354: Total time for which application threads were stopped: 0.0001604 seconds, Stopping threads took: 0.0000379 seconds
2017-07-11T22:15:24.895-0500: 22099.354: Total time for which application threads were stopped: 0.0001147 seconds, Stopping threads took: 0.0000131 seconds
2017-07-11T22:15:24.896-0500: 22099.355: Total time for which application threads were stopped: 0.0002735 seconds, Stopping threads took: 0.0000150 seconds
2017-07-11T22:15:28.905-0500: 22103.364: Total time for which application threads were stopped: 0.0002438 seconds, Stopping threads took: 0.0000390 seconds
2017-07-11T22:15:33.668-0500: 22108.127: Total time for which application threads were stopped: 0.0002262 seconds, Stopping threads took: 0.0000885 seconds
2017-07-11T22:15:33.668-0500: 22108.127: Total time for which application threads were stopped: 0.0001865 seconds, Stopping threads took: 0.0000696 seconds
2017-07-11T22:15:33.668-0500: 22108.127: Total time for which application threads were stopped: 0.0001717 seconds, Stopping threads took: 0.0000870 seconds
2017-07-11T22:15:34.672-0500: 22109.131: Total time for which application threads were stopped: 0.0002035 seconds, Stopping threads took: 0.0000406 seconds
2017-07-11T22:15:35.964-0500: 22110.423: Total time for which application threads were stopped: 0.0001568 seconds, Stopping threads took: 0.0000208 seconds
2017-07-11T22:15:36.967-0500: 22111.426: Total time for which application threads were stopped: 0.0001802 seconds, Stopping threads took: 0.0000412 seconds
2017-07-11T22:15:40.978-0500: 22115.437: Total time for which application threads were stopped: 0.0001306 seconds, Stopping threads took: 0.0000262 seconds
2017-07-11T22:15:43.644-0500: 22118.103: Total time for which application threads were stopped: 0.0002054 seconds, Stopping threads took: 0.0000202 seconds
2017-07-11T22:15:43.644-0500: 22118.103: Total time for which application threads were stopped: 0.0001027 seconds, Stopping threads took: 0.0000139 seconds
2017-07-11T22:15:48.651-0500: 22123.111: Total time for which application threads were stopped: 0.0001350 seconds, Stopping threads took: 0.0000261 seconds
2017-07-11T22:16:05.373-0500: 22139.833: Total time for which application threads were stopped: 0.0001342 seconds, Stopping threads took: 0.0000209 seconds
2017-07-11T22:16:05.373-0500: 22139.833: Total time for which application threads were stopped: 0.0001495 seconds, Stopping threads took: 0.0000463 seconds
2017-07-11T22:16:05.374-0500: 22139.834: Total time for which application threads were stopped: 0.0001954 seconds, Stopping threads took: 0.0000829 seconds
2017-07-11T22:16:06.375-0500: 22140.835: Total time for which application threads were stopped: 0.0001265 seconds, Stopping threads took: 0.0000271 seconds
2017-07-11T22:16:18.883-0500: 22153.343: Total time for which application threads were stopped: 0.0001957 seconds, Stopping threads took: 0.0000189 seconds
2017-07-11T22:16:18.884-0500: 22153.344: Total time for which application threads were stopped: 0.0002532 seconds, Stopping threads took: 0.0001049 seconds
2017-07-11T22:16:19.886-0500: 22154.346: Total time for which application threads were stopped: 0.0002564 seconds, Stopping threads took: 0.0000474 seconds
2017-07-11T22:16:22.216-0500: 22156.676: Total time for which application threads were stopped: 0.0001496 seconds, Stopping threads took: 0.0000215 seconds
2017-07-11T22:19:01.050-0500: 22315.515: Total time for which application threads were stopped: 0.0001438 seconds, Stopping threads took: 0.0000359 seconds
2017-07-11T22:19:01.051-0500: 22315.515: Total time for which application threads were stopped: 0.0002788 seconds, Stopping threads took: 0.0000897 seconds
2017-07-11T22:19:01.051-0500: 22315.515: Total time for which application threads were stopped: 0.0001726 seconds, Stopping threads took: 0.0000745 seconds
2017-07-11T22:19:01.057-0500: 22315.521: Total time for which application threads were stopped: 0.0001355 seconds, Stopping threads took: 0.0000216 seconds
2017-07-11T22:19:01.065-0500: 22315.529: Total time for which application threads were stopped: 0.0002496 seconds, Stopping threads took: 0.0001162 seconds
2017-07-11T22:19:02.912-0500: 22317.377: Total time for which application threads were stopped: 0.0003461 seconds, Stopping threads took: 0.0000954 seconds
2017-07-11T22:19:03.015-0500: 22317.479: Total time for which application threads were stopped: 0.0001488 seconds, Stopping threads took: 0.0000192 seconds
2017-07-11T22:19:03.550-0500: 22318.015: Total time for which application threads were stopped: 0.0001919 seconds, Stopping threads took: 0.0000373 seconds
2017-07-11T22:19:04.554-0500: 22319.019: Total time for which application threads were stopped: 0.0001167 seconds, Stopping threads took: 0.0000270 seconds
{Heap before GC invocations=14 (full 1):
 par new generation   total 109248K, used 102734K [0x00000007a0000000, 0x00000007a8000000, 0x00000007a8000000)
  eden space 87424K, 100% used [0x00000007a0000000, 0x00000007a5560000, 0x00000007a5560000)
  from space 21824K,  70% used [0x00000007a5560000, 0x00000007a6453850, 0x00000007a6ab0000)
  to   space 21824K,   0% used [0x00000007a6ab0000, 0x00000007a6ab0000, 0x00000007a8000000)
 concurrent mark-sweep generation total 393216K, used 12809K [0x00000007a8000000, 0x00000007c0000000, 0x00000007c0000000)
 Metaspace       used 35363K, capacity 35844K, committed 36396K, reserved 1081344K
  class space    used 3872K, capacity 4024K, committed 4140K, reserved 1048576K
2017-07-11T22:19:06.685-0500: 22321.149: [GC (Allocation Failure) 2017-07-11T22:19:06.685-0500: 22321.149: [ParNew
Desired survivor size 20112992 bytes, new threshold 8 (max 8)
- age   1:    1156072 bytes,    1156072 total
- age   2:     212136 bytes,    1368208 total
- age   3:    1462576 bytes,    2830784 total
- age   4:    2690136 bytes,    5520920 total
- age   5:     328504 bytes,    5849424 total
- age   6:     152040 bytes,    6001464 total
- age   7:     947416 bytes,    6948880 total
- age   8:    2806592 bytes,    9755472 total
: 102734K->11777K(109248K), 0.0815319 secs] 115543K->24659K(502464K), 0.0816461 secs] [Times: user=0.06 sys=0.10, real=0.08 secs] 
Heap after GC invocations=15 (full 1):
 par new generation   total 109248K, used 11777K [0x00000007a0000000, 0x00000007a8000000, 0x00000007a8000000)
  eden space 87424K,   0% used [0x00000007a0000000, 0x00000007a0000000, 0x00000007a5560000)
  from space 21824K,  53% used [0x00000007a6ab0000, 0x00000007a7630680, 0x00000007a8000000)
  to   space 21824K,   0% used [0x00000007a5560000, 0x00000007a5560000, 0x00000007a6ab0000)
 concurrent mark-sweep generation total 393216K, used 12882K [0x00000007a8000000, 0x00000007c0000000, 0x00000007c0000000)
 Metaspace       used 35363K, capacity 35844K, committed 36396K, reserved 1081344K
  class space    used 3872K, capacity 4024K, committed 4140K, reserved 1048576K
}
2017-07-11T22:19:06.767-0500: 22321.231: Total time for which application threads were stopped: 0.0823881 seconds, Stopping threads took: 0.0000263 seconds
2017-07-11T22:19:15.650-0500: 22330.115: Total time for which application threads were stopped: 0.0002156 seconds, Stopping threads took: 0.0000699 seconds
2017-07-11T22:19:15.651-0500: 22330.116: Total time for which application threads were stopped: 0.0001695 seconds, Stopping threads took: 0.0000584 seconds
2017-07-11T22:19:15.651-0500: 22330.116: Total time for which application threads were stopped: 0.0001684 seconds, Stopping threads took: 0.0000666 seconds
2017-07-11T22:19:16.652-0500: 22331.117: Total time for which application threads were stopped: 0.0001659 seconds, Stopping threads took: 0.0000479 seconds
2017-07-11T22:19:30.748-0500: 22345.213: Total time for which application threads were stopped: 0.0001233 seconds, Stopping threads took: 0.0000183 seconds
2017-07-11T22:19:30.748-0500: 22345.213: Total time for which application threads were stopped: 0.0001477 seconds, Stopping threads took: 0.0000718 seconds
2017-07-11T22:19:30.748-0500: 22345.214: Total time for which application threads were stopped: 0.0000992 seconds, Stopping threads took: 0.0000105 seconds
2017-07-11T22:19:31.753-0500: 22346.218: Total time for which application threads were stopped: 0.0002795 seconds, Stopping threads took: 0.0000554 seconds
2017-07-11T22:19:32.755-0500: 22347.220: Total time for which application threads were stopped: 0.0001452 seconds, Stopping threads took: 0.0000412 seconds
2017-07-11T22:19:37.761-0500: 22352.227: Total time for which application threads were stopped: 0.0002799 seconds, Stopping threads took: 0.0000513 seconds
2017-07-11T22:20:18.334-0500: 22392.801: Total time for which application threads were stopped: 0.0001836 seconds, Stopping threads took: 0.0000626 seconds
2017-07-11T22:20:18.335-0500: 22392.801: Total time for which application threads were stopped: 0.0001828 seconds, Stopping threads took: 0.0001037 seconds
2017-07-11T22:20:18.335-0500: 22392.801: Total time for which application threads were stopped: 0.0001005 seconds, Stopping threads took: 0.0000122 seconds
2017-07-11T22:20:18.414-0500: 22392.881: Total time for which application threads were stopped: 0.0001865 seconds, Stopping threads took: 0.0000174 seconds
2017-07-11T22:20:19.415-0500: 22393.881: Total time for which application threads were stopped: 0.0001629 seconds, Stopping threads took: 0.0000401 seconds
2017-07-11T22:20:25.985-0500: 22400.451: Total time for which application threads were stopped: 0.0002387 seconds, Stopping threads took: 0.0000898 seconds
2017-07-11T22:20:25.985-0500: 22400.452: Total time for which application threads were stopped: 0.0002565 seconds, Stopping threads took: 0.0000845 seconds
2017-07-11T22:20:25.986-0500: 22400.452: Total time for which application threads were stopped: 0.0001492 seconds, Stopping threads took: 0.0000136 seconds
2017-07-11T22:41:58.262-0500: 23692.763: Total time for which application threads were stopped: 0.0014894 seconds, Stopping threads took: 0.0003321 seconds
2017-07-11T22:41:58.305-0500: 23692.806: Total time for which application threads were stopped: 0.0003587 seconds, Stopping threads took: 0.0001066 seconds
2017-07-11T22:41:58.306-0500: 23692.807: Total time for which application threads were stopped: 0.0002494 seconds, Stopping threads took: 0.0000846 seconds
2017-07-11T22:41:58.332-0500: 23692.832: Total time for which application threads were stopped: 0.0005142 seconds, Stopping threads took: 0.0000537 seconds
2017-07-11T22:41:58.334-0500: 23692.835: Total time for which application threads were stopped: 0.0003946 seconds, Stopping threads took: 0.0000416 seconds
2017-07-11T22:41:58.352-0500: 23692.853: Total time for which application threads were stopped: 0.0024722 seconds, Stopping threads took: 0.0020707 seconds
2017-07-11T22:42:01.448-0500: 23695.949: Total time for which application threads were stopped: 0.0004860 seconds, Stopping threads took: 0.0001061 seconds
2017-07-11T22:42:01.448-0500: 23695.949: Total time for which application threads were stopped: 0.0001527 seconds, Stopping threads took: 0.0000176 seconds
2017-07-11T22:42:02.453-0500: 23696.954: Total time for which application threads were stopped: 0.0002609 seconds, Stopping threads took: 0.0000407 seconds
2017-07-11T22:42:05.897-0500: 23700.398: Total time for which application threads were stopped: 0.0002749 seconds, Stopping threads took: 0.0000188 seconds
2017-07-11T22:42:05.898-0500: 23700.399: Total time for which application threads were stopped: 0.0000820 seconds, Stopping threads took: 0.0000107 seconds
2017-07-11T22:42:12.691-0500: 23707.193: Total time for which application threads were stopped: 0.0001749 seconds, Stopping threads took: 0.0000664 seconds
2017-07-11T22:42:12.692-0500: 23707.193: Total time for which application threads were stopped: 0.0001679 seconds, Stopping threads took: 0.0000573 seconds
2017-07-11T22:42:12.692-0500: 23707.193: Total time for which application threads were stopped: 0.0001299 seconds, Stopping threads took: 0.0000107 seconds
2017-07-11T22:42:13.695-0500: 23708.196: Total time for which application threads were stopped: 0.0004408 seconds, Stopping threads took: 0.0000751 seconds
2017-07-11T22:42:20.032-0500: 23714.533: Total time for which application threads were stopped: 0.0002147 seconds, Stopping threads took: 0.0000900 seconds
2017-07-11T22:42:20.032-0500: 23714.534: Total time for which application threads were stopped: 0.0001299 seconds, Stopping threads took: 0.0000334 seconds
2017-07-11T22:42:20.032-0500: 23714.534: Total time for which application threads were stopped: 0.0001307 seconds, Stopping threads took: 0.0000356 seconds
2017-07-11T22:42:21.036-0500: 23715.538: Total time for which application threads were stopped: 0.0001521 seconds, Stopping threads took: 0.0000419 seconds
2017-07-11T22:42:24.044-0500: 23718.546: Total time for which application threads were stopped: 0.0001365 seconds, Stopping threads took: 0.0000280 seconds
2017-07-11T22:42:26.050-0500: 23720.552: Total time for which application threads were stopped: 0.0001417 seconds, Stopping threads took: 0.0000263 seconds
2017-07-11T22:42:32.030-0500: 23726.532: Total time for which application threads were stopped: 0.0002011 seconds, Stopping threads took: 0.0000828 seconds
2017-07-11T22:42:32.031-0500: 23726.533: Total time for which application threads were stopped: 0.0002227 seconds, Stopping threads took: 0.0000432 seconds
2017-07-11T22:42:33.034-0500: 23727.536: Total time for which application threads were stopped: 0.0001353 seconds, Stopping threads took: 0.0000261 seconds
2017-07-11T22:42:35.801-0500: 23730.303: Total time for which application threads were stopped: 0.0001943 seconds, Stopping threads took: 0.0000237 seconds
2017-07-11T22:42:35.801-0500: 23730.303: Total time for which application threads were stopped: 0.0000907 seconds, Stopping threads took: 0.0000120 seconds
2017-07-11T22:42:39.816-0500: 23734.318: Total time for which application threads were stopped: 0.0003369 seconds, Stopping threads took: 0.0000921 seconds
2017-07-11T22:42:42.822-0500: 23737.324: Total time for which application threads were stopped: 0.0003405 seconds, Stopping threads took: 0.0001571 seconds
2017-07-11T22:42:48.786-0500: 23743.288: Total time for which application threads were stopped: 0.0001506 seconds, Stopping threads took: 0.0000479 seconds
2017-07-11T22:42:48.786-0500: 23743.288: Total time for which application threads were stopped: 0.0001773 seconds, Stopping threads took: 0.0000783 seconds
2017-07-11T22:42:48.786-0500: 23743.289: Total time for which application threads were stopped: 0.0001514 seconds, Stopping threads took: 0.0000133 seconds
2017-07-11T22:42:49.792-0500: 23744.294: Total time for which application threads were stopped: 0.0002483 seconds, Stopping threads took: 0.0000479 seconds
2017-07-12T00:17:42.443-0500: 24476.186: Total time for which application threads were stopped: 0.0001521 seconds, Stopping threads took: 0.0000189 seconds
2017-07-12T00:17:42.444-0500: 24476.186: Total time for which application threads were stopped: 0.0002009 seconds, Stopping threads took: 0.0000852 seconds
2017-07-12T00:17:42.444-0500: 24476.187: Total time for which application threads were stopped: 0.0001913 seconds, Stopping threads took: 0.0000458 seconds
2017-07-12T00:17:42.451-0500: 24476.194: Total time for which application threads were stopped: 0.0001988 seconds, Stopping threads took: 0.0000225 seconds
2017-07-12T00:17:42.459-0500: 24476.202: Total time for which application threads were stopped: 0.0001582 seconds, Stopping threads took: 0.0000202 seconds
2017-07-12T00:17:42.462-0500: 24476.204: Total time for which application threads were stopped: 0.0002755 seconds, Stopping threads took: 0.0001082 seconds
2017-07-12T00:17:48.875-0500: 24482.617: Total time for which application threads were stopped: 0.0002005 seconds, Stopping threads took: 0.0000242 seconds
2017-07-12T01:09:54.972-0500: 27608.807: Total time for which application threads were stopped: 0.0010710 seconds, Stopping threads took: 0.0003759 seconds
2017-07-12T01:09:54.995-0500: 27608.830: Total time for which application threads were stopped: 0.0001206 seconds, Stopping threads took: 0.0000463 seconds
2017-07-12T01:09:55.000-0500: 27608.836: Total time for which application threads were stopped: 0.0001184 seconds, Stopping threads took: 0.0000176 seconds
2017-07-12T01:09:55.003-0500: 27608.838: Total time for which application threads were stopped: 0.0000811 seconds, Stopping threads took: 0.0000135 seconds
2017-07-12T01:09:55.003-0500: 27608.839: Total time for which application threads were stopped: 0.0000382 seconds, Stopping threads took: 0.0000065 seconds
2017-07-12T01:09:55.003-0500: 27608.839: Total time for which application threads were stopped: 0.0000547 seconds, Stopping threads took: 0.0000095 seconds
2017-07-12T01:09:55.003-0500: 27608.839: Total time for which application threads were stopped: 0.0000447 seconds, Stopping threads took: 0.0000087 seconds
2017-07-12T01:09:55.006-0500: 27608.842: Total time for which application threads were stopped: 0.0000892 seconds, Stopping threads took: 0.0000126 seconds
2017-07-12T01:09:55.006-0500: 27608.842: Total time for which application threads were stopped: 0.0000675 seconds, Stopping threads took: 0.0000097 seconds
2017-07-12T01:09:55.014-0500: 27608.850: Total time for which application threads were stopped: 0.0001273 seconds, Stopping threads took: 0.0000364 seconds
2017-07-12T01:09:55.014-0500: 27608.850: Total time for which application threads were stopped: 0.0000721 seconds, Stopping threads took: 0.0000283 seconds
2017-07-12T01:09:55.016-0500: 27608.852: Total time for which application threads were stopped: 0.0001099 seconds, Stopping threads took: 0.0000368 seconds
2017-07-12T01:09:55.016-0500: 27608.852: Total time for which application threads were stopped: 0.0000611 seconds, Stopping threads took: 0.0000250 seconds
2017-07-12T01:09:55.022-0500: 27608.857: Total time for which application threads were stopped: 0.0001183 seconds, Stopping threads took: 0.0000190 seconds
2017-07-12T01:09:55.022-0500: 27608.857: Total time for which application threads were stopped: 0.0000634 seconds, Stopping threads took: 0.0000208 seconds
2017-07-12T01:09:55.022-0500: 27608.858: Total time for which application threads were stopped: 0.0000659 seconds, Stopping threads took: 0.0000268 seconds
2017-07-12T01:09:55.022-0500: 27608.858: Total time for which application threads were stopped: 0.0005233 seconds, Stopping threads took: 0.0000445 seconds
2017-07-12T01:09:55.025-0500: 27608.861: Total time for which application threads were stopped: 0.0001079 seconds, Stopping threads took: 0.0000345 seconds
2017-07-12T01:09:55.025-0500: 27608.861: Total time for which application threads were stopped: 0.0000548 seconds, Stopping threads took: 0.0000179 seconds
2017-07-12T01:09:55.026-0500: 27608.862: Total time for which application threads were stopped: 0.0000844 seconds, Stopping threads took: 0.0000341 seconds
2017-07-12T01:09:55.026-0500: 27608.862: Total time for which application threads were stopped: 0.0000634 seconds, Stopping threads took: 0.0000213 seconds
2017-07-12T01:09:55.027-0500: 27608.862: Total time for which application threads were stopped: 0.0000578 seconds, Stopping threads took: 0.0000222 seconds
Heap
 par new generation   total 109248K, used 81356K [0x00000007a0000000, 0x00000007a8000000, 0x00000007a8000000)
  eden space 87424K,  79% used [0x00000007a0000000, 0x00000007a43f2a00, 0x00000007a5560000)
  from space 21824K,  53% used [0x00000007a6ab0000, 0x00000007a7630680, 0x00000007a8000000)
  to   space 21824K,   0% used [0x00000007a5560000, 0x00000007a5560000, 0x00000007a6ab0000)
 concurrent mark-sweep generation total 393216K, used 12882K [0x00000007a8000000, 0x00000007c0000000, 0x00000007c0000000)
 Metaspace       used 35496K, capacity 35940K, committed 36396K, reserved 1081344K
  class space    used 3879K, capacity 4056K, committed 4140K, reserved 1048576K
